../source/tetris/src/tetris.c:23:13:out_of_bounds	16	static
../source/tetris/src/tetris.c:27:13:tetronimo_spawn	16	static
../source/tetris/src/tetris.c:33:12:tetris_remove_full_row	32	static
../source/tetris/src/tetris.c:52:13:tetris_draw	64	static
../source/tetris/src/tetris.c:95:13:check_collision	32	static
../source/tetris/src/tetris.c:115:13:falling_rotate	16	static
../source/tetris/src/tetris.c:123:12:falling_place	48	static
../source/tetris/src/tetris.c:147:12:tetris_tick	24	static
../source/tetris/src/tetris.c:170:13:falling_move	16	static
../source/tetris/src/tetris.c:177:13:piece_rotate	16	static
../source/tetris/src/tetris.c:185:13:board_init	16	static
../source/tetris/src/tetris.c:193:6:tetris_init	8	static
../source/tetris/src/tetris.c:205:6:tetris_input	16	static
../source/tetris/src/tetris.c:222:6:tetris_update	16	static
