../source/tetris/src/tetris.c:24:13:out_of_bounds	16	static
../source/tetris/src/tetris.c:28:13:tetronimo_spawn	16	static
../source/tetris/src/tetris.c:34:12:tetris_remove_full_row	32	static
../source/tetris/src/tetris.c:53:13:tetris_draw	64	static
../source/tetris/src/tetris.c:96:13:check_collision	32	static
../source/tetris/src/tetris.c:116:13:falling_rotate	16	static
../source/tetris/src/tetris.c:124:12:falling_place	48	static
../source/tetris/src/tetris.c:148:12:tetris_tick	24	static
../source/tetris/src/tetris.c:171:13:falling_move	16	static
../source/tetris/src/tetris.c:178:13:piece_rotate	16	static
../source/tetris/src/tetris.c:186:13:board_init	16	static
../source/tetris/src/tetris.c:194:6:tetris_init	8	static
../source/tetris/src/tetris.c:206:6:tetris_input	16	static
../source/tetris/src/tetris.c:223:6:tetris_update	16	static
