Archive member included to satisfy reference by file (symbol)

C:/nxp/MCUXpressoIDE_25.6.136/ide/plugins/com.nxp.mcuxpresso.tools.win32_25.6.0.202501151204/tools/bin/../lib/gcc/arm-none-eabi/14.2.1/../../../../arm-none-eabi/lib/thumb/v8-m.main/nofp\libcr_nohost_nf.a(_cr__main.o)
                              ./startup/startup_mcxa153.o (__main)
C:/nxp/MCUXpressoIDE_25.6.136/ide/plugins/com.nxp.mcuxpresso.tools.win32_25.6.0.202501151204/tools/bin/../lib/gcc/arm-none-eabi/14.2.1/../../../../arm-none-eabi/lib/thumb/v8-m.main/nofp\libcr_c.a(memcpy.o)
                              ./utilities/str/fsl_str.o (memcpy)
C:/nxp/MCUXpressoIDE_25.6.136/ide/plugins/com.nxp.mcuxpresso.tools.win32_25.6.0.202501151204/tools/bin/../lib/gcc/arm-none-eabi/14.2.1/../../../../arm-none-eabi/lib/thumb/v8-m.main/nofp\libcr_c.a(memset.o)
                              ./utilities/debug_console/fsl_debug_console.o (memset)
C:/nxp/MCUXpressoIDE_25.6.136/ide/plugins/com.nxp.mcuxpresso.tools.win32_25.6.0.202501151204/tools/bin/../lib/gcc/arm-none-eabi/14.2.1/../../../../arm-none-eabi/lib/thumb/v8-m.main/nofp\libcr_c.a(alloc.o)
                              ./drivers/fsl_common.o (malloc)
C:/nxp/MCUXpressoIDE_25.6.136/ide/plugins/com.nxp.mcuxpresso.tools.win32_25.6.0.202501151204/tools/bin/../lib/gcc/arm-none-eabi/14.2.1/../../../../arm-none-eabi/lib/thumb/v8-m.main/nofp\libcr_c.a(errno.o)
                              ./utilities/str/fsl_str.o (errno)
C:/nxp/MCUXpressoIDE_25.6.136/ide/plugins/com.nxp.mcuxpresso.tools.win32_25.6.0.202501151204/tools/bin/../lib/gcc/arm-none-eabi/14.2.1/../../../../arm-none-eabi/lib/thumb/v8-m.main/nofp\libcr_c.a(initio.o)
                              C:/nxp/MCUXpressoIDE_25.6.136/ide/plugins/com.nxp.mcuxpresso.tools.win32_25.6.0.202501151204/tools/bin/../lib/gcc/arm-none-eabi/14.2.1/../../../../arm-none-eabi/lib/thumb/v8-m.main/nofp\libcr_nohost_nf.a(_cr__main.o) (_initio)
C:/nxp/MCUXpressoIDE_25.6.136/ide/plugins/com.nxp.mcuxpresso.tools.win32_25.6.0.202501151204/tools/bin/../lib/gcc/arm-none-eabi/14.2.1/../../../../arm-none-eabi/lib/thumb/v8-m.main/nofp\libcr_c.a(printf.o)
                              ./source/game.o (_snprintf)
C:/nxp/MCUXpressoIDE_25.6.136/ide/plugins/com.nxp.mcuxpresso.tools.win32_25.6.0.202501151204/tools/bin/../lib/gcc/arm-none-eabi/14.2.1/../../../../arm-none-eabi/lib/thumb/v8-m.main/nofp\libcr_c.a(scanf.o)
                              ./utilities/str/fsl_str.o (strtoul)
C:/nxp/MCUXpressoIDE_25.6.136/ide/plugins/com.nxp.mcuxpresso.tools.win32_25.6.0.202501151204/tools/bin/../lib/gcc/arm-none-eabi/14.2.1/../../../../arm-none-eabi/lib/thumb/v8-m.main/nofp\libcr_c.a(setvbuf.o)
                              C:/nxp/MCUXpressoIDE_25.6.136/ide/plugins/com.nxp.mcuxpresso.tools.win32_25.6.0.202501151204/tools/bin/../lib/gcc/arm-none-eabi/14.2.1/../../../../arm-none-eabi/lib/thumb/v8-m.main/nofp\libcr_c.a(initio.o) (setvbuf)
C:/nxp/MCUXpressoIDE_25.6.136/ide/plugins/com.nxp.mcuxpresso.tools.win32_25.6.0.202501151204/tools/bin/../lib/gcc/arm-none-eabi/14.2.1/../../../../arm-none-eabi/lib/thumb/v8-m.main/nofp\libcr_c.a(strlen.o)
                              ./utilities/str/fsl_str.o (strlen)
C:/nxp/MCUXpressoIDE_25.6.136/ide/plugins/com.nxp.mcuxpresso.tools.win32_25.6.0.202501151204/tools/bin/../lib/gcc/arm-none-eabi/14.2.1/../../../../arm-none-eabi/lib/thumb/v8-m.main/nofp\libcr_c.a(ungetc.o)
                              C:/nxp/MCUXpressoIDE_25.6.136/ide/plugins/com.nxp.mcuxpresso.tools.win32_25.6.0.202501151204/tools/bin/../lib/gcc/arm-none-eabi/14.2.1/../../../../arm-none-eabi/lib/thumb/v8-m.main/nofp\libcr_c.a(scanf.o) (ungetc)
C:/nxp/MCUXpressoIDE_25.6.136/ide/plugins/com.nxp.mcuxpresso.tools.win32_25.6.0.202501151204/tools/bin/../lib/gcc/arm-none-eabi/14.2.1/../../../../arm-none-eabi/lib/thumb/v8-m.main/nofp\libcr_c.a(__fillbuf.o)
                              C:/nxp/MCUXpressoIDE_25.6.136/ide/plugins/com.nxp.mcuxpresso.tools.win32_25.6.0.202501151204/tools/bin/../lib/gcc/arm-none-eabi/14.2.1/../../../../arm-none-eabi/lib/thumb/v8-m.main/nofp\libcr_c.a(scanf.o) (__filbuf)
C:/nxp/MCUXpressoIDE_25.6.136/ide/plugins/com.nxp.mcuxpresso.tools.win32_25.6.0.202501151204/tools/bin/../lib/gcc/arm-none-eabi/14.2.1/../../../../arm-none-eabi/lib/thumb/v8-m.main/nofp\libcr_c.a(__init_alloc.o)
                              C:/nxp/MCUXpressoIDE_25.6.136/ide/plugins/com.nxp.mcuxpresso.tools.win32_25.6.0.202501151204/tools/bin/../lib/gcc/arm-none-eabi/14.2.1/../../../../arm-none-eabi/lib/thumb/v8-m.main/nofp\libcr_c.a(alloc.o) (__heaps)
C:/nxp/MCUXpressoIDE_25.6.136/ide/plugins/com.nxp.mcuxpresso.tools.win32_25.6.0.202501151204/tools/bin/../lib/gcc/arm-none-eabi/14.2.1/../../../../arm-none-eabi/lib/thumb/v8-m.main/nofp\libcr_c.a(_cr_sbrk.o)
                              C:/nxp/MCUXpressoIDE_25.6.136/ide/plugins/com.nxp.mcuxpresso.tools.win32_25.6.0.202501151204/tools/bin/../lib/gcc/arm-none-eabi/14.2.1/../../../../arm-none-eabi/lib/thumb/v8-m.main/nofp\libcr_c.a(alloc.o) (_sbrk)
[...]
Memory Configuration

Name             Origin             Length             Attributes
PROGRAM_FLASH    0x00000000         0x00020000         xr
SRAM             0x20000000         0x00006000         xrw
SRAMX0           0x04000000         0x00002000         xrw
SRAMX1           0x04002000         0x00001000         xrw
*default*        0x00000000         0xffffffff

Linker script and memory map

LOAD ./utilities/str/fsl_str.o
LOAD ./utilities/debug_console/fsl_debug_console.o
LOAD ./utilities/fsl_assert.o
LOAD ./startup/startup_mcxa153.o
LOAD ./source/MCXA153_Project3.o
LOAD ./source/boot_anim.o
LOAD ./source/buzzer.o
LOAD ./source/display.o
LOAD ./source/game.o
LOAD ./source/gfx.o
LOAD ./source/keypad.o
LOAD ./source/semihost_hardfault.o
LOAD ./drivers/fsl_clock.o
LOAD ./drivers/fsl_common.o
LOAD ./drivers/fsl_common_arm.o
LOAD ./drivers/fsl_ctimer.o
LOAD ./drivers/fsl_edma.o
LOAD ./drivers/fsl_edma_soc.o
LOAD ./drivers/fsl_gpio.o
LOAD ./drivers/fsl_lpspi.o
LOAD ./drivers/fsl_lpspi_edma.o
LOAD ./drivers/fsl_lpuart.o
LOAD ./drivers/fsl_reset.o
LOAD ./drivers/fsl_spc.o
LOAD ./device/system_MCXA153.o
LOAD ./component/uart/fsl_adapter_lpuart.o
LOAD ./component/serial_manager/fsl_component_serial_manager.o
LOAD ./component/serial_manager/fsl_component_serial_port_uart.o
LOAD ./component/lists/fsl_component_generic_list.o
LOAD ./board/board.o
LOAD ./board/clock_config.o
LOAD ./board/peripherals.o
LOAD ./board/pin_mux.o
START GROUP
LOAD C:/nxp/MCUXpressoIDE_25.6.136/ide/plugins/com.nxp.mcuxpresso.tools.win32_25.6.0.202501151204/tools/bin/../lib/gcc/arm-none-eabi/14.2.1/../../../../arm-none-eabi/lib/thumb/v8-m.main/nofp\libcr_nohost_nf.a
LOAD C:/nxp/MCUXpressoIDE_25.6.136/ide/plugins/com.nxp.mcuxpresso.tools.win32_25.6.0.202501151204/tools/bin/../lib/gcc/arm-none-eabi/14.2.1/../../../../arm-none-eabi/lib/thumb/v8-m.main/nofp\libcr_c.a
LOAD C:/nxp/MCUXpressoIDE_25.6.136/ide/plugins/com.nxp.mcuxpresso.tools.win32_25.6.0.202501151204/tools/bin/../lib/gcc/arm-none-eabi/14.2.1/thumb/v8-m.main/nofp\libcr_eabihelpers.a
LOAD C:/nxp/MCUXpressoIDE_25.6.136/ide/plugins/com.nxp.mcuxpresso.tools.win32_25.6.0.202501151204/tools/bin/../lib/gcc/arm-none-eabi/14.2.1/thumb/v8-m.main/nofp\libgcc.a
END GROUP
                0x00000000                        __base_PROGRAM_FLASH = 0x0
                0x00000000                        __base_Flash = 0x0
                0x00020000                        __top_PROGRAM_FLASH = 0x20000
                0x00020000                        __top_Flash = 0x20000
                0x20000000                        __base_SRAM = 0x20000000
                0x20000000                        __base_RAM = 0x20000000
                0x20006000                        __top_SRAM = 0x20006000
                0x20006000                        __top_RAM = 0x20006000
                0x04000000                        __base_SRAMX0 = 0x4000000
                0x04000000                        __base_RAM2 = 0x4000000
                0x04002000                        __top_SRAMX0 = 0x4002000
                0x04002000                        __top_RAM2 = 0x4002000
                0x04002000                        __base_SRAMX1 = 0x4002000
                0x04002000                        __base_RAM3 = 0x4002000
                0x04003000                        __top_SRAMX1 = 0x4003000
                0x04003000                        __top_RAM3 = 0x4003000

.text           0x00000000     0x6dbc
 FILL mask 0xff
                0x00000000                        __vectors_start__ = ABSOLUTE (.)
 *(SORT_BY_ALIGNMENT(.isr_vector))
 .isr_vector    0x00000000      0x16c ./startup/startup_mcxa153.o
                0x00000000                g_pfnVectors
                0x00000000                __Vectors
                0x0000016c                        . = ALIGN (0x4)
                0x0000016c                        __section_table_start = .
                0x0000016c                        __data_section_table = .
                0x0000016c        0x4 LONG 0x6dbc LOADADDR (.data)
                0x00000170        0x4 LONG 0x20000000 ADDR (.data)
                0x00000174        0x4 LONG 0x2c SIZEOF (.data)
                0x00000178        0x4 LONG 0x6dbc LOADADDR (.data_RAM2)
                0x0000017c        0x4 LONG 0x4000000 ADDR (.data_RAM2)
                0x00000180        0x4 LONG 0x0 SIZEOF (.data_RAM2)
                0x00000184        0x4 LONG 0x6dbc LOADADDR (.data_RAM3)
                0x00000188        0x4 LONG 0x4002000 ADDR (.data_RAM3)
                0x0000018c        0x4 LONG 0x0 SIZEOF (.data_RAM3)
                0x00000190                        __data_section_table_end = .
                0x00000190                        __bss_section_table = .
                0x00000190        0x4 LONG 0x2000002c ADDR (.bss)
                0x00000194        0x4 LONG 0x2b3c SIZEOF (.bss)
                0x00000198        0x4 LONG 0x4000000 ADDR (.bss_RAM2)
                0x0000019c        0x4 LONG 0x0 SIZEOF (.bss_RAM2)
                0x000001a0        0x4 LONG 0x4002000 ADDR (.bss_RAM3)
                0x000001a4        0x4 LONG 0x0 SIZEOF (.bss_RAM3)
                0x000001a8                        __bss_section_table_end = .
                0x000001a8                        __section_table_end = .
 *(SORT_BY_ALIGNMENT(.after_vectors*))
 .after_vectors.reset
                0x000001a8       0x68 ./startup/startup_mcxa153.o
                0x000001a8                ResetISR
 .after_vectors.init_data
                0x00000210       0x1c ./startup/startup_mcxa153.o
                0x00000210                data_init
 .after_vectors.init_bss
                0x0000022c       0x12 ./startup/startup_mcxa153.o
                0x0000022c                bss_init
 .after_vectors
                0x0000023e       0x16 ./startup/startup_mcxa153.o
                0x0000023e                NMI_Handler
                0x00000242                MemManage_Handler
                0x00000244                BusFault_Handler
                0x00000246                UsageFault_Handler
                0x00000248                SecureFault_Handler
                0x0000024a                SVC_Handler
                0x0000024c                DebugMon_Handler
                0x0000024e                PendSV_Handler
                0x00000252                LPTMR0_DriverIRQHandler
                0x00000252                FLEXPWM0_SUBMODULE1_DriverIRQHandler
                0x00000252                MBC0_DriverIRQHandler
                0x00000252                WAKETIMER0_DriverIRQHandler
                0x00000252                I3C0_DriverIRQHandler
                0x00000252                LPI2C0_DriverIRQHandler
                0x00000252                FLEXPWM0_RELOAD_ERROR_DriverIRQHandler
                0x00000252                QDC0_HOME_DriverIRQHandler
                0x00000252                Reserved82_DriverIRQHandler
                0x00000252                QDC0_WATCHDOG_DriverIRQHandler
                0x00000252                ERM0_MULTI_BIT_DriverIRQHandler
                0x00000252                Reserved36_DriverIRQHandler
                0x00000252                Reserved33_DriverIRQHandler
                0x00000252                CMP1_DriverIRQHandler
                0x00000252                IntDefaultHandler
                0x00000252                USB0_DriverIRQHandler
                0x00000252                QDC0_INDEX_DriverIRQHandler
                0x00000252                Reserved39_DriverIRQHandler
                0x00000252                Reserved41_DriverIRQHandler
                0x00000252                FLEXPWM0_SUBMODULE2_DriverIRQHandler
                0x00000252                WWDT0_DriverIRQHandler
                0x00000252                Reserved84_DriverIRQHandler
                0x00000252                FLEXPWM0_FAULT_DriverIRQHandler
                0x00000252                GPIO0_DriverIRQHandler
                0x00000252                Reserved38_DriverIRQHandler
                0x00000252                FREQME0_DriverIRQHandler
                0x00000252                Reserved22_DriverIRQHandler
                0x00000252                Reserved53_DriverIRQHandler
                0x00000252                Reserved35_DriverIRQHandler
                0x00000252                Reserved79_DriverIRQHandler
                0x00000252                Reserved24_DriverIRQHandler
                0x00000252                QDC0_COMPARE_DriverIRQHandler
                0x00000252                WUU0_DriverIRQHandler
                0x00000252                Reserved83_DriverIRQHandler
                0x00000252                Reserved72_DriverIRQHandler
                0x00000252                Reserved23_DriverIRQHandler
                0x00000252                Reserved65_DriverIRQHandler
                0x00000252                ERM0_SINGLE_BIT_DriverIRQHandler
                0x00000252                CMC_DriverIRQHandler
                0x00000252                Reserved51_DriverIRQHandler
                0x00000252                Reserved25_DriverIRQHandler
                0x00000252                UTICK0_DriverIRQHandler
                0x00000252                FMU0_DriverIRQHandler
                0x00000252                Reserved77_DriverIRQHandler
                0x00000252                Reserved16_DriverIRQHandler
                0x00000252                GPIO2_DriverIRQHandler
                0x00000252                Reserved85_DriverIRQHandler
                0x00000252                ADC0_DriverIRQHandler
                0x00000252                CMP0_DriverIRQHandler
                0x00000252                CDOG0_DriverIRQHandler
                0x00000252                Reserved59_DriverIRQHandler
                0x00000252                Reserved58_DriverIRQHandler
                0x00000252                SPC0_DriverIRQHandler
                0x00000252                GLIKEY0_DriverIRQHandler
                0x00000252                Reserved43_DriverIRQHandler
                0x00000252                Reserved46_DriverIRQHandler
                0x00000252                Reserved37_DriverIRQHandler
                0x00000252                Reserved86_DriverIRQHandler
                0x00000252                GPIO1_DriverIRQHandler
                0x00000252                FLEXPWM0_SUBMODULE0_DriverIRQHandler
                0x00000252                Reserved50_DriverIRQHandler
                0x00000252                OS_EVENT_DriverIRQHandler
                0x00000252                SCG0_DriverIRQHandler
                0x00000252                GPIO3_DriverIRQHandler
 *(SORT_BY_ALIGNMENT(.text*))
 *fill*         0x00000254        0x4 ff
 .text.LPSPI_MasterSetDelayTimes
                0x00000258      0x298 ./drivers/fsl_lpspi.o
                0x00000258                LPSPI_MasterSetDelayTimes
 .text.DbgConsole_SendDataReliable
                0x000004f0       0x54 ./utilities/debug_console/fsl_debug_console.o
                0x000004f0                DbgConsole_SendDataReliable
 .text.DbgConsole_Init
                0x00000544      0x138 ./utilities/debug_console/fsl_debug_console.o
                0x00000544                DbgConsole_Init
 .text.DbgConsole_Vprintf
                0x0000067c       0x68 ./utilities/debug_console/fsl_debug_console.o
                0x0000067c                DbgConsole_Vprintf
 .text.__assertion_failed
                0x000006e4       0x3c ./utilities/fsl_assert.o
                0x000006e4                __assertion_failed
 .text.SysTick_Handler
                0x00000720       0x18 ./source/MCXA153_Project3.o
                0x00000720                SysTick_Handler
 .text.BootAnimation_Run
                0x00000738      0x438 ./source/boot_anim.o
                0x00000738                BootAnimation_Run
 .text.CLOCK_EnableClock
                0x00000b70       0x88 ./source/buzzer.o
 .text.delay_ms
                0x00000bf8       0x2c ./source/buzzer.o
 .text.buzzer_toggle_cb
                0x00000c24       0x20 ./source/buzzer.o
 .text.buzzer_init
                0x00000c44       0x5c ./source/buzzer.o
                0x00000c44                buzzer_init
 .text.buzzer_silent
                0x00000ca0       0x20 ./source/buzzer.o
                0x00000ca0                buzzer_silent
 .text.play_note
                0x00000cc0       0x6c ./source/buzzer.o
                0x00000cc0                play_note
 .text.CLOCK_EnableClock
                0x00000d2c       0x88 ./source/display.o
 .text.spi_write_buf
                0x00000db4       0x40 ./source/display.o
 .text.write_cmd
                0x00000df4       0x40 ./source/display.o
 .text.write_data
                0x00000e34       0x40 ./source/display.o
 .text.write_data_buf
                0x00000e74       0x40 ./source/display.o
 .text.gpio_init
                0x00000eb4       0x58 ./source/display.o
 .text.spi_init
                0x00000f0c       0x68 ./source/display.o
 .text.st7735_init_seq
                0x00000f74      0x140 ./source/display.o
 .text.Display_BlitRect
                0x000010b4      0x10c ./source/display.o
                0x000010b4                Display_BlitRect
 .text.GFX_Init
                0x000011c0       0x18 ./source/gfx.o
                0x000011c0                GFX_Init
 .text.GFX_SetPixel
                0x000011d8       0x84 ./source/gfx.o
                0x000011d8                GFX_SetPixel
 .text.GFX_Clear
                0x0000125c       0x3c ./source/gfx.o
                0x0000125c                GFX_Clear
 .text.GFX_DrawChar
                0x00001298       0xe8 ./source/gfx.o
                0x00001298                GFX_DrawChar
 .text.GFX_Flush
                0x00001380       0x94 ./source/gfx.o
                0x00001380                GFX_Flush
 .text.KEYPAD_Scan
                0x00001414      0x208 ./source/keypad.o
                0x00001414                KEYPAD_Scan
 .text.CLOCK_SetClockSelect
                0x0000161c       0x94 ./drivers/fsl_clock.o
                0x0000161c                CLOCK_SetClockSelect
 .text.CLOCK_SetClockDiv
                0x000016b0       0x7c ./drivers/fsl_clock.o
                0x000016b0                CLOCK_SetClockDiv
 .text.CLOCK_GetFro12MFreq
                0x0000172c       0x28 ./drivers/fsl_clock.o
 .text.CLOCK_GetClk1MFreq
                0x00001754       0x14 ./drivers/fsl_clock.o
 .text.CLOCK_GetFroHfFreq
                0x00001768       0xc0 ./drivers/fsl_clock.o
 .text.CLOCK_GetClk16KFreq
                0x00001828       0x48 ./drivers/fsl_clock.o
 .text.CLOCK_GetExtClkFreq
                0x00001870       0x2c ./drivers/fsl_clock.o
 .text.CLOCK_GetCTimerClkFreq
                0x0000189c       0xd0 ./drivers/fsl_clock.o
                0x0000189c                CLOCK_GetCTimerClkFreq
 .text.CLOCK_GetLpspiClkFreq
                0x0000196c       0xbc ./drivers/fsl_clock.o
                0x0000196c                CLOCK_GetLpspiClkFreq
 .text.SDK_DelayAtLeastUs
                0x00001a28       0x8c ./drivers/fsl_common_arm.o
                0x00001a28                SDK_DelayAtLeastUs
 .text.__NVIC_EnableIRQ
                0x00001ab4       0x38 ./drivers/fsl_ctimer.o
 .text.CLOCK_EnableClock
                0x00001aec       0x88 ./drivers/fsl_ctimer.o
 .text.CTIMER_GetInstance
                0x00001b74       0x54 ./drivers/fsl_ctimer.o
 .text.CTIMER_Init
                0x00001bc8       0x80 ./drivers/fsl_ctimer.o
                0x00001bc8                CTIMER_Init
 .text.CTIMER_GetDefaultConfig
                0x00001c48       0x3c ./drivers/fsl_ctimer.o
                0x00001c48                CTIMER_GetDefaultConfig
 .text.CTIMER_SetupMatch
                0x00001c84      0x128 ./drivers/fsl_ctimer.o
                0x00001c84                CTIMER_SetupMatch
 .text.CTIMER_RegisterCallBack
                0x00001dac       0x3c ./drivers/fsl_ctimer.o
                0x00001dac                CTIMER_RegisterCallBack
 .text.CTIMER_GenericIRQHandler
                0x00001de8       0xb4 ./drivers/fsl_ctimer.o
 .text.EDMA_HandleIRQ
                0x00001e9c      0x1a0 ./drivers/fsl_edma.o
                0x00001e9c                EDMA_HandleIRQ
 .text.EDMA_DriverIRQHandler
                0x0000203c       0x48 ./drivers/fsl_edma.o
                0x0000203c                EDMA_DriverIRQHandler
 .text.CLOCK_EnableClock
                0x00002084       0x88 ./drivers/fsl_gpio.o
 .text.CLOCK_DisableClock
                0x0000210c       0x98 ./drivers/fsl_gpio.o
 .text.GPIO_GetInstance
                0x000021a4       0x4c ./drivers/fsl_gpio.o
 .text.GPIO_PortClockEnable
                0x000021f0       0x54 ./drivers/fsl_gpio.o
 .text.GPIO_PinInit
                0x00002244       0x6c ./drivers/fsl_gpio.o
                0x00002244                GPIO_PinInit
 .text.CLOCK_EnableClock
                0x000022b0       0x88 ./drivers/fsl_lpspi.o
 .text.LPSPI_GetInstance
                0x00002338       0x50 ./drivers/fsl_lpspi.o
                0x00002338                LPSPI_GetInstance
 .text.LPSPI_SetDummyData
                0x00002388       0x2c ./drivers/fsl_lpspi.o
                0x00002388                LPSPI_SetDummyData
 .text.LPSPI_MasterInit
                0x000023b4      0x18c ./drivers/fsl_lpspi.o
                0x000023b4                LPSPI_MasterInit
 .text.LPSPI_MasterGetDefaultConfig
                0x00002540       0xa0 ./drivers/fsl_lpspi.o
                0x00002540                LPSPI_MasterGetDefaultConfig
 .text.LPSPI_MasterSetBaudRate
                0x000025e0      0x100 ./drivers/fsl_lpspi.o
                0x000025e0                LPSPI_MasterSetBaudRate
 .text.LPSPI_MasterSetDelayScaler
                0x000026e0       0xb4 ./drivers/fsl_lpspi.o
                0x000026e0                LPSPI_MasterSetDelayScaler
 .text.LPSPI_CheckTransferArgument
                0x00002794       0xf4 ./drivers/fsl_lpspi.o
                0x00002794                LPSPI_CheckTransferArgument
 .text.LPSPI_MasterTransferWriteAllTxData
                0x00002888      0x208 ./drivers/fsl_lpspi.o
 .text.LPSPI_MasterTransferBlocking
                0x00002a90      0x2b8 ./drivers/fsl_lpspi.o
                0x00002a90                LPSPI_MasterTransferBlocking
 .text.LPSPI_CombineWriteData
                0x00002d48      0x1bc ./drivers/fsl_lpspi.o
 .text.LPSPI_SeparateReadData
                0x00002f04      0x1b0 ./drivers/fsl_lpspi.o
 .text.LPSPI_CommonIRQHandler
                0x000030b4       0x3c ./drivers/fsl_lpspi.o
 .text.LPSPI0_DriverIRQHandler
                0x000030f0       0x30 ./drivers/fsl_lpspi.o
                0x000030f0                LPSPI0_DriverIRQHandler
 .text.LPSPI1_DriverIRQHandler
                0x00003120       0x30 ./drivers/fsl_lpspi.o
                0x00003120                LPSPI1_DriverIRQHandler
 .text.CLOCK_EnableClock
                0x00003150       0x88 ./drivers/fsl_lpuart.o
 .text.LPUART_GetInstance
                0x000031d8       0x4c ./drivers/fsl_lpuart.o
                0x000031d8                LPUART_GetInstance
 .text.LPUART_Init
                0x00003224      0x3b8 ./drivers/fsl_lpuart.o
                0x00003224                LPUART_Init
 .text.LPUART_GetDefaultConfig
                0x000035dc       0xa0 ./drivers/fsl_lpuart.o
                0x000035dc                LPUART_GetDefaultConfig
 .text.LPUART_WriteBlocking
                0x0000367c       0x68 ./drivers/fsl_lpuart.o
                0x0000367c                LPUART_WriteBlocking
 .text.LPUART0_DriverIRQHandler
                0x000036e4       0x24 ./drivers/fsl_lpuart.o
                0x000036e4                LPUART0_DriverIRQHandler
 .text.LPUART1_DriverIRQHandler
                0x00003708       0x24 ./drivers/fsl_lpuart.o
                0x00003708                LPUART1_DriverIRQHandler
 .text.LPUART2_DriverIRQHandler
                0x0000372c       0x24 ./drivers/fsl_lpuart.o
                0x0000372c                LPUART2_DriverIRQHandler
 .text.RESET_SetPeripheralReset
                0x00003750       0xb4 ./drivers/fsl_reset.o
                0x00003750                RESET_SetPeripheralReset
 .text.RESET_ClearPeripheralReset
                0x00003804       0x98 ./drivers/fsl_reset.o
                0x00003804                RESET_ClearPeripheralReset
 .text.SystemInit
                0x0000389c      0x140 ./device/system_MCXA153.o
                0x0000389c                SystemInit
 .text.HAL_UartInitCommon
                0x000039dc       0xe0 ./component/uart/fsl_adapter_lpuart.o
 .text.HAL_UartInit
                0x00003abc       0x84 ./component/uart/fsl_adapter_lpuart.o
                0x00003abc                HAL_UartInit
 .text.HAL_UartSendBlocking
                0x00003b40       0x64 ./component/uart/fsl_adapter_lpuart.o
                0x00003b40                HAL_UartSendBlocking
 .text.BOARD_InitDebugConsole
                0x00003ba4       0x30 ./board/board.o
                0x00003ba4                BOARD_InitDebugConsole
 .text.CLOCK_EnableClock
                0x00003bd4       0x88 ./board/pin_mux.o
 .text.PORT_SetPinConfig
                0x00003c5c       0x38 ./board/pin_mux.o
 .text.BOARD_InitPins
                0x00003c94      0x29c ./board/pin_mux.o
                0x00003c94                BOARD_InitPins
 .text._initio  0x00003f30       0x78 C:/nxp/MCUXpressoIDE_25.6.136/ide/plugins/com.nxp.mcuxpresso.tools.win32_25.6.0.202501151204/tools/bin/../lib/gcc/arm-none-eabi/14.2.1/../../../../arm-none-eabi/lib/thumb/v8-m.main/nofp\libcr_c.a(initio.o)
                0x00003f30                _initio
 .text._Cwritebuf
                0x00003fa8       0x70 C:/nxp/MCUXpressoIDE_25.6.136/ide/plugins/com.nxp.mcuxpresso.tools.win32_25.6.0.202501151204/tools/bin/../lib/gcc/arm-none-eabi/14.2.1/../../../../arm-none-eabi/lib/thumb/v8-m.main/nofp\libcr_c.a(_writebuf.o)
                0x00003fa8                _Cwritebuf
 .text.fflush   0x00004018       0x3c C:/nxp/MCUXpressoIDE_25.6.136/ide/plugins/com.nxp.mcuxpresso.tools.win32_25.6.0.202501151204/tools/bin/../lib/gcc/arm-none-eabi/14.2.1/../../../../arm-none-eabi/lib/thumb/v8-m.main/nofp\libcr_c.a(fflush.o)
                0x00004018                fflush
 .text.fseek    0x00004054       0xf8 C:/nxp/MCUXpressoIDE_25.6.136/ide/plugins/com.nxp.mcuxpresso.tools.win32_25.6.0.202501151204/tools/bin/../lib/gcc/arm-none-eabi/14.2.1/../../../../arm-none-eabi/lib/thumb/v8-m.main/nofp\libcr_c.a(fseek.o)
                0x00004054                fseek
 .text.ftell    0x0000414c       0x44 C:/nxp/MCUXpressoIDE_25.6.136/ide/plugins/com.nxp.mcuxpresso.tools.win32_25.6.0.202501151204/tools/bin/../lib/gcc/arm-none-eabi/14.2.1/../../../../arm-none-eabi/lib/thumb/v8-m.main/nofp\libcr_c.a(ftell.o)
                0x0000414c                ftell
 .text.__aeabi_fmul
                0x00004190       0xac C:/nxp/MCUXpressoIDE_25.6.136/ide/plugins/com.nxp.mcuxpresso.tools.win32_25.6.0.202501151204/tools/bin/../lib/gcc/arm-none-eabi/14.2.1/thumb/v8-m.main/nofp\libcr_eabihelpers.a(float.o)
                0x00004190                __aeabi_fmul
 .text.PrintGetWidth
                0x0000423c       0x68 ./utilities/str/fsl_str.o
 .text.PrintGetPrecision
                0x000042a4       0x8a ./utilities/str/fsl_str.o
 .text.PrintIsobpu
                0x0000432e       0x36 ./utilities/str/fsl_str.o
 .text.PrintIsdi
                0x00004364       0x2a ./utilities/str/fsl_str.o
 .text.PrintOutputdifFobpu
                0x0000438e       0x44 ./utilities/str/fsl_str.o
 .text.PrintOutputxX
                0x000043d2       0x44 ./utilities/str/fsl_str.o
 .text.PrintIsfF
                0x00004416       0x2a ./utilities/str/fsl_str.o
 .text.PrintIsxX
                0x00004440       0x2a ./utilities/str/fsl_str.o
 .text.PrintFilterLengthFlag
                0x0000446a       0x3c ./utilities/str/fsl_str.o
 .text.PrintGetRadixFromobpu
                0x000044a6       0x3e ./utilities/str/fsl_str.o
 .text.ConvertRadixNumToString
                0x000044e4       0xc0 ./utilities/str/fsl_str.o
 .text.StrFormatExaminedi
                0x000045a4       0x24 ./utilities/str/fsl_str.o
 .text.StrFormatExaminexX
                0x000045c8       0x24 ./utilities/str/fsl_str.o
 .text.StrFormatExamineobpu
                0x000045ec       0x24 ./utilities/str/fsl_str.o
 .text.ConvertPrecisionWidthToLength
                0x00004610       0x20 ./utilities/str/fsl_str.o
 .text.StrFormatPrintf
                0x00004630      0x2bc ./utilities/str/fsl_str.o
                0x00004630                StrFormatPrintf
 .text.DbgConsole_PrintCallback
                0x000048ec       0x66 ./utilities/debug_console/fsl_debug_console.o
 .text.DbgConsole_Printf
                0x00004952       0x2c ./utilities/debug_console/fsl_debug_console.o
                0x00004952                DbgConsole_Printf
 .text.fsl_assert_hook
                0x0000497e       0x18 ./utilities/fsl_assert.o
                0x0000497e                fsl_assert_hook
 .text.Reserved16_IRQHandler
                0x00004996        0x8 ./startup/startup_mcxa153.o
                0x00004996                Reserved16_IRQHandler
 .text.CMC_IRQHandler
                0x0000499e        0x8 ./startup/startup_mcxa153.o
                0x0000499e                CMC_IRQHandler
 .text.DMA_CH0_IRQHandler
                0x000049a6        0x8 ./startup/startup_mcxa153.o
                0x000049a6                DMA_CH0_IRQHandler
 .text.DMA_CH1_IRQHandler
                0x000049ae        0x8 ./startup/startup_mcxa153.o
                0x000049ae                DMA_CH1_IRQHandler
 .text.DMA_CH2_IRQHandler
                0x000049b6        0x8 ./startup/startup_mcxa153.o
                0x000049b6                DMA_CH2_IRQHandler
 .text.DMA_CH3_IRQHandler
                0x000049be        0x8 ./startup/startup_mcxa153.o
                0x000049be                DMA_CH3_IRQHandler
 .text.Reserved22_IRQHandler
                0x000049c6        0x8 ./startup/startup_mcxa153.o
                0x000049c6                Reserved22_IRQHandler
 .text.Reserved23_IRQHandler
                0x000049ce        0x8 ./startup/startup_mcxa153.o
                0x000049ce                Reserved23_IRQHandler
 .text.Reserved24_IRQHandler
                0x000049d6        0x8 ./startup/startup_mcxa153.o
                0x000049d6                Reserved24_IRQHandler
 .text.Reserved25_IRQHandler
                0x000049de        0x8 ./startup/startup_mcxa153.o
                0x000049de                Reserved25_IRQHandler
 .text.ERM0_SINGLE_BIT_IRQHandler
                0x000049e6        0x8 ./startup/startup_mcxa153.o
                0x000049e6                ERM0_SINGLE_BIT_IRQHandler
 .text.ERM0_MULTI_BIT_IRQHandler
                0x000049ee        0x8 ./startup/startup_mcxa153.o
                0x000049ee                ERM0_MULTI_BIT_IRQHandler
 .text.FMU0_IRQHandler
                0x000049f6        0x8 ./startup/startup_mcxa153.o
                0x000049f6                FMU0_IRQHandler
 .text.GLIKEY0_IRQHandler
                0x000049fe        0x8 ./startup/startup_mcxa153.o
                0x000049fe                GLIKEY0_IRQHandler
 .text.MBC0_IRQHandler
                0x00004a06        0x8 ./startup/startup_mcxa153.o
                0x00004a06                MBC0_IRQHandler
 .text.SCG0_IRQHandler
                0x00004a0e        0x8 ./startup/startup_mcxa153.o
                0x00004a0e                SCG0_IRQHandler
 .text.SPC0_IRQHandler
                0x00004a16        0x8 ./startup/startup_mcxa153.o
                0x00004a16                SPC0_IRQHandler
 .text.Reserved33_IRQHandler
                0x00004a1e        0x8 ./startup/startup_mcxa153.o
                0x00004a1e                Reserved33_IRQHandler
 .text.WUU0_IRQHandler
                0x00004a26        0x8 ./startup/startup_mcxa153.o
                0x00004a26                WUU0_IRQHandler
 .text.Reserved35_IRQHandler
                0x00004a2e        0x8 ./startup/startup_mcxa153.o
                0x00004a2e                Reserved35_IRQHandler
 .text.Reserved36_IRQHandler
                0x00004a36        0x8 ./startup/startup_mcxa153.o
                0x00004a36                Reserved36_IRQHandler
 .text.Reserved37_IRQHandler
                0x00004a3e        0x8 ./startup/startup_mcxa153.o
                0x00004a3e                Reserved37_IRQHandler
 .text.Reserved38_IRQHandler
                0x00004a46        0x8 ./startup/startup_mcxa153.o
                0x00004a46                Reserved38_IRQHandler
 .text.Reserved39_IRQHandler
                0x00004a4e        0x8 ./startup/startup_mcxa153.o
                0x00004a4e                Reserved39_IRQHandler
 .text.I3C0_IRQHandler
                0x00004a56        0x8 ./startup/startup_mcxa153.o
                0x00004a56                I3C0_IRQHandler
 .text.Reserved41_IRQHandler
                0x00004a5e        0x8 ./startup/startup_mcxa153.o
                0x00004a5e                Reserved41_IRQHandler
 .text.LPI2C0_IRQHandler
                0x00004a66        0x8 ./startup/startup_mcxa153.o
                0x00004a66                LPI2C0_IRQHandler
 .text.Reserved43_IRQHandler
                0x00004a6e        0x8 ./startup/startup_mcxa153.o
                0x00004a6e                Reserved43_IRQHandler
 .text.LPSPI0_IRQHandler
                0x00004a76        0x8 ./startup/startup_mcxa153.o
                0x00004a76                LPSPI0_IRQHandler
 .text.LPSPI1_IRQHandler
                0x00004a7e        0x8 ./startup/startup_mcxa153.o
                0x00004a7e                LPSPI1_IRQHandler
 .text.Reserved46_IRQHandler
                0x00004a86        0x8 ./startup/startup_mcxa153.o
                0x00004a86                Reserved46_IRQHandler
 .text.LPUART0_IRQHandler
                0x00004a8e        0x8 ./startup/startup_mcxa153.o
                0x00004a8e                LPUART0_IRQHandler
 .text.LPUART1_IRQHandler
                0x00004a96        0x8 ./startup/startup_mcxa153.o
                0x00004a96                LPUART1_IRQHandler
 .text.LPUART2_IRQHandler
                0x00004a9e        0x8 ./startup/startup_mcxa153.o
                0x00004a9e                LPUART2_IRQHandler
 .text.Reserved50_IRQHandler
                0x00004aa6        0x8 ./startup/startup_mcxa153.o
                0x00004aa6                Reserved50_IRQHandler
 .text.Reserved51_IRQHandler
                0x00004aae        0x8 ./startup/startup_mcxa153.o
                0x00004aae                Reserved51_IRQHandler
 .text.USB0_IRQHandler
                0x00004ab6        0x8 ./startup/startup_mcxa153.o
                0x00004ab6                USB0_IRQHandler
 .text.Reserved53_IRQHandler
                0x00004abe        0x8 ./startup/startup_mcxa153.o
                0x00004abe                Reserved53_IRQHandler
 .text.CDOG0_IRQHandler
                0x00004ac6        0x8 ./startup/startup_mcxa153.o
                0x00004ac6                CDOG0_IRQHandler
 .text.CTIMER0_IRQHandler
                0x00004ace        0x8 ./startup/startup_mcxa153.o
                0x00004ace                CTIMER0_IRQHandler
 .text.CTIMER1_IRQHandler
                0x00004ad6        0x8 ./startup/startup_mcxa153.o
                0x00004ad6                CTIMER1_IRQHandler
 .text.CTIMER2_IRQHandler
                0x00004ade        0x8 ./startup/startup_mcxa153.o
                0x00004ade                CTIMER2_IRQHandler
 .text.Reserved58_IRQHandler
                0x00004ae6        0x8 ./startup/startup_mcxa153.o
                0x00004ae6                Reserved58_IRQHandler
 .text.Reserved59_IRQHandler
                0x00004aee        0x8 ./startup/startup_mcxa153.o
                0x00004aee                Reserved59_IRQHandler
 .text.FLEXPWM0_RELOAD_ERROR_IRQHandler
                0x00004af6        0x8 ./startup/startup_mcxa153.o
                0x00004af6                FLEXPWM0_RELOAD_ERROR_IRQHandler
 .text.FLEXPWM0_FAULT_IRQHandler
                0x00004afe        0x8 ./startup/startup_mcxa153.o
                0x00004afe                FLEXPWM0_FAULT_IRQHandler
 .text.FLEXPWM0_SUBMODULE0_IRQHandler
                0x00004b06        0x8 ./startup/startup_mcxa153.o
                0x00004b06                FLEXPWM0_SUBMODULE0_IRQHandler
 .text.FLEXPWM0_SUBMODULE1_IRQHandler
                0x00004b0e        0x8 ./startup/startup_mcxa153.o
                0x00004b0e                FLEXPWM0_SUBMODULE1_IRQHandler
 .text.FLEXPWM0_SUBMODULE2_IRQHandler
                0x00004b16        0x8 ./startup/startup_mcxa153.o
                0x00004b16                FLEXPWM0_SUBMODULE2_IRQHandler
 .text.Reserved65_IRQHandler
                0x00004b1e        0x8 ./startup/startup_mcxa153.o
                0x00004b1e                Reserved65_IRQHandler
 .text.QDC0_COMPARE_IRQHandler
                0x00004b26        0x8 ./startup/startup_mcxa153.o
                0x00004b26                QDC0_COMPARE_IRQHandler
 .text.QDC0_HOME_IRQHandler
                0x00004b2e        0x8 ./startup/startup_mcxa153.o
                0x00004b2e                QDC0_HOME_IRQHandler
 .text.QDC0_WATCHDOG_IRQHandler
                0x00004b36        0x8 ./startup/startup_mcxa153.o
                0x00004b36                QDC0_WATCHDOG_IRQHandler
 .text.QDC0_INDEX_IRQHandler
                0x00004b3e        0x8 ./startup/startup_mcxa153.o
                0x00004b3e                QDC0_INDEX_IRQHandler
 .text.FREQME0_IRQHandler
                0x00004b46        0x8 ./startup/startup_mcxa153.o
                0x00004b46                FREQME0_IRQHandler
 .text.LPTMR0_IRQHandler
                0x00004b4e        0x8 ./startup/startup_mcxa153.o
                0x00004b4e                LPTMR0_IRQHandler
 .text.Reserved72_IRQHandler
                0x00004b56        0x8 ./startup/startup_mcxa153.o
                0x00004b56                Reserved72_IRQHandler
 .text.OS_EVENT_IRQHandler
                0x00004b5e        0x8 ./startup/startup_mcxa153.o
                0x00004b5e                OS_EVENT_IRQHandler
 .text.WAKETIMER0_IRQHandler
                0x00004b66        0x8 ./startup/startup_mcxa153.o
                0x00004b66                WAKETIMER0_IRQHandler
 .text.UTICK0_IRQHandler
                0x00004b6e        0x8 ./startup/startup_mcxa153.o
                0x00004b6e                UTICK0_IRQHandler
 .text.WWDT0_IRQHandler
                0x00004b76        0x8 ./startup/startup_mcxa153.o
                0x00004b76                WWDT0_IRQHandler
 .text.Reserved77_IRQHandler
                0x00004b7e        0x8 ./startup/startup_mcxa153.o
                0x00004b7e                Reserved77_IRQHandler
 .text.ADC0_IRQHandler
                0x00004b86        0x8 ./startup/startup_mcxa153.o
                0x00004b86                ADC0_IRQHandler
 .text.Reserved79_IRQHandler
                0x00004b8e        0x8 ./startup/startup_mcxa153.o
                0x00004b8e                Reserved79_IRQHandler
 .text.CMP0_IRQHandler
                0x00004b96        0x8 ./startup/startup_mcxa153.o
                0x00004b96                CMP0_IRQHandler
 .text.CMP1_IRQHandler
                0x00004b9e        0x8 ./startup/startup_mcxa153.o
                0x00004b9e                CMP1_IRQHandler
 .text.Reserved82_IRQHandler
                0x00004ba6        0x8 ./startup/startup_mcxa153.o
                0x00004ba6                Reserved82_IRQHandler
 .text.Reserved83_IRQHandler
                0x00004bae        0x8 ./startup/startup_mcxa153.o
                0x00004bae                Reserved83_IRQHandler
 .text.Reserved84_IRQHandler
                0x00004bb6        0x8 ./startup/startup_mcxa153.o
                0x00004bb6                Reserved84_IRQHandler
 .text.Reserved85_IRQHandler
                0x00004bbe        0x8 ./startup/startup_mcxa153.o
                0x00004bbe                Reserved85_IRQHandler
 .text.Reserved86_IRQHandler
                0x00004bc6        0x8 ./startup/startup_mcxa153.o
                0x00004bc6                Reserved86_IRQHandler
 .text.GPIO0_IRQHandler
                0x00004bce        0x8 ./startup/startup_mcxa153.o
                0x00004bce                GPIO0_IRQHandler
 .text.GPIO1_IRQHandler
                0x00004bd6        0x8 ./startup/startup_mcxa153.o
                0x00004bd6                GPIO1_IRQHandler
 .text.GPIO2_IRQHandler
                0x00004bde        0x8 ./startup/startup_mcxa153.o
                0x00004bde                GPIO2_IRQHandler
 .text.GPIO3_IRQHandler
                0x00004be6        0x8 ./startup/startup_mcxa153.o
                0x00004be6                GPIO3_IRQHandler
 .text.main     0x00004bee       0x8e ./source/MCXA153_Project3.o
                0x00004bee                main
 .text.delay_anim
                0x00004c7c       0x38 ./source/boot_anim.o
 .text.RESET_ReleasePeripheralReset
                0x00004cb4       0x1a ./source/buzzer.o
 .text.CTIMER_StartTimer
                0x00004cce       0x1e ./source/buzzer.o
 .text.CTIMER_StopTimer
                0x00004cec       0x1e ./source/buzzer.o
 .text.GPIO_PinWrite
                0x00004d0a       0x34 ./source/buzzer.o
 .text.GPIO_PortToggle
                0x00004d3e       0x1a ./source/buzzer.o
 .text.buzzer_tone_set
                0x00004d58       0x5e ./source/buzzer.o
                0x00004d58                buzzer_tone_set
 .text.RESET_ReleasePeripheralReset
                0x00004db6       0x1a ./source/display.o
 .text.GPIO_PinWrite
                0x00004dd0       0x34 ./source/display.o
 .text.delay_ms
                0x00004e04       0x3a ./source/display.o
 .text.spi_write_byte
                0x00004e3e       0x1c ./source/display.o
 .text.set_addr_window
                0x00004e5a       0x78 ./source/display.o
 .text.Display_Init
                0x00004ed2       0x14 ./source/display.o
                0x00004ed2                Display_Init
 .text.fb_idx   0x00004ee6       0x1e ./source/gfx.o
 .text.GFX_DrawHLine
                0x00004f04       0x70 ./source/gfx.o
                0x00004f04                GFX_DrawHLine
 .text.GFX_FillRect
                0x00004f74       0xaa ./source/gfx.o
                0x00004f74                GFX_FillRect
 .text.GFX_FillCircle
                0x0000501e       0xc2 ./source/gfx.o
                0x0000501e                GFX_FillCircle
 .text.GFX_DrawString
                0x000050e0       0xaa ./source/gfx.o
                0x000050e0                GFX_DrawString
 .text.GPIO_PinWrite
                0x0000518a       0x34 ./source/keypad.o
 .text.GPIO_PinRead
                0x000051be       0x22 ./source/keypad.o
 .text.HardFault_Handler
                0x000051e0       0x36 ./source/semihost_hardfault.o
                0x000051e0                HardFault_Handler
 .text.CLOCK_IsDivHalt
                0x00005216       0x22 ./drivers/fsl_clock.o
 .text.CLOCK_AttachClk
                0x00005238       0x30 ./drivers/fsl_clock.o
                0x00005238                CLOCK_AttachClk
 .text.DelayLoop
                0x00005268       0x1e ./drivers/fsl_common_arm.o
 .text.EnableIRQ
                0x00005286       0x32 ./drivers/fsl_ctimer.o
 .text.CTIMER_GetStatusFlags
                0x000052b8       0x16 ./drivers/fsl_ctimer.o
 .text.CTIMER_ClearStatusFlags
                0x000052ce       0x1a ./drivers/fsl_ctimer.o
 .text.CTIMER0_DriverIRQHandler
                0x000052e8        0xe ./drivers/fsl_ctimer.o
                0x000052e8                CTIMER0_DriverIRQHandler
 .text.CTIMER1_DriverIRQHandler
                0x000052f6        0xe ./drivers/fsl_ctimer.o
                0x000052f6                CTIMER1_DriverIRQHandler
 .text.CTIMER2_DriverIRQHandler
                0x00005304        0xe ./drivers/fsl_ctimer.o
                0x00005304                CTIMER2_DriverIRQHandler
 .text.DMA_CH0_DriverIRQHandler
                0x00005312       0x10 ./drivers/fsl_edma_soc.o
                0x00005312                DMA_CH0_DriverIRQHandler
 .text.DMA_CH1_DriverIRQHandler
                0x00005322       0x10 ./drivers/fsl_edma_soc.o
                0x00005322                DMA_CH1_DriverIRQHandler
 .text.DMA_CH2_DriverIRQHandler
                0x00005332       0x10 ./drivers/fsl_edma_soc.o
                0x00005332                DMA_CH2_DriverIRQHandler
 .text.DMA_CH3_DriverIRQHandler
                0x00005342       0x10 ./drivers/fsl_edma_soc.o
                0x00005342                DMA_CH3_DriverIRQHandler
 .text.GPIO_PinWrite
                0x00005352       0x34 ./drivers/fsl_gpio.o
 .text.RESET_ReleasePeripheralReset
                0x00005386       0x1a ./drivers/fsl_lpspi.o
 .text.LPSPI_Enable
                0x000053a0       0x36 ./drivers/fsl_lpspi.o
 .text.LPSPI_GetStatusFlags
                0x000053d6       0x16 ./drivers/fsl_lpspi.o
 .text.LPSPI_GetRxFifoSize
                0x000053ec       0x22 ./drivers/fsl_lpspi.o
 .text.LPSPI_GetTxFifoCount
                0x0000540e       0x1a ./drivers/fsl_lpspi.o
 .text.LPSPI_GetRxFifoCount
                0x00005428       0x1c ./drivers/fsl_lpspi.o
 .text.LPSPI_ClearStatusFlags
                0x00005444       0x1a ./drivers/fsl_lpspi.o
 .text.LPSPI_GetTcr
                0x0000545e       0x44 ./drivers/fsl_lpspi.o
 .text.LPSPI_SetMasterSlaveMode
                0x000054a2       0x2a ./drivers/fsl_lpspi.o
 .text.LPSPI_IsMaster
                0x000054cc       0x24 ./drivers/fsl_lpspi.o
 .text.LPSPI_FlushFifo
                0x000054f0       0x42 ./drivers/fsl_lpspi.o
 .text.LPSPI_SetFifoWatermarks
                0x00005532       0x2a ./drivers/fsl_lpspi.o
 .text.LPSPI_WriteData
                0x0000555c       0x1a ./drivers/fsl_lpspi.o
 .text.LPSPI_ReadData
                0x00005576       0x16 ./drivers/fsl_lpspi.o
 .text.LPSPI_SetOnePcsPolarity
                0x0000558c       0x42 ./drivers/fsl_lpspi.o
 .text.LPSPI_MasterTransferClearTCR
                0x000055ce       0x3a ./drivers/fsl_lpspi.o
 .text.LPSPI_MasterTransferReadDataInFifo
                0x00005608       0x88 ./drivers/fsl_lpspi.o
 .text.LPSPI_MasterTransferReadDataInFifoNoBuf
                0x00005690       0x26 ./drivers/fsl_lpspi.o
 .text.LPSPI_WaitTxFifoEmpty
                0x000056b6       0x22 ./drivers/fsl_lpspi.o
                0x000056b6                LPSPI_WaitTxFifoEmpty
 .text.RESET_ReleasePeripheralReset
                0x000056d8       0x1a ./drivers/fsl_lpuart.o
 .text.LPUART_SoftwareReset
                0x000056f2       0x2a ./drivers/fsl_lpuart.o
 .text.RESET_PeripheralReset
                0x0000571c       0x22 ./drivers/fsl_reset.o
                0x0000571c                RESET_PeripheralReset
 .text.SystemInitHook
                0x0000573e        0xc ./device/system_MCXA153.o
                0x0000573e                SystemInitHook
 .text.HAL_UartGetStatus
                0x0000574a       0x26 ./component/uart/fsl_adapter_lpuart.o
 .text.DisableGlobalIRQ
                0x00005770       0x20 ./component/serial_manager/fsl_component_serial_manager.o
 .text.EnableGlobalIRQ
                0x00005790       0x1e ./component/serial_manager/fsl_component_serial_manager.o
 .text.SerialManager_StartWriting
                0x000057ae       0x38 ./component/serial_manager/fsl_component_serial_manager.o
 .text.SerialManager_Write
                0x000057e6       0x44 ./component/serial_manager/fsl_component_serial_manager.o
 .text.SerialManager_Init
                0x0000582a       0x60 ./component/serial_manager/fsl_component_serial_manager.o
                0x0000582a                SerialManager_Init
 .text.SerialManager_OpenWriteHandle
                0x0000588a       0x50 ./component/serial_manager/fsl_component_serial_manager.o
                0x0000588a                SerialManager_OpenWriteHandle
 .text.SerialManager_OpenReadHandle
                0x000058da       0x60 ./component/serial_manager/fsl_component_serial_manager.o
                0x000058da                SerialManager_OpenReadHandle
 .text.SerialManager_WriteBlocking
                0x0000593a       0x20 ./component/serial_manager/fsl_component_serial_manager.o
                0x0000593a                SerialManager_WriteBlocking
 .text.Serial_UartInit
                0x0000595a       0x3e ./component/serial_manager/fsl_component_serial_port_uart.o
                0x0000595a                Serial_UartInit
 .text.Serial_UartWrite
                0x00005998       0x38 ./component/serial_manager/fsl_component_serial_port_uart.o
                0x00005998                Serial_UartWrite
 .text.BOARD_InitBootClocks
                0x000059d0        0xc ./board/clock_config.o
                0x000059d0                BOARD_InitBootClocks
 .text.RESET_ReleasePeripheralReset
                0x000059dc       0x1a ./board/pin_mux.o
 .text.BOARD_InitBootPins
                0x000059f6        0xc ./board/pin_mux.o
                0x000059f6                BOARD_InitBootPins
 .text.__main   0x00005a02        0xe C:/nxp/MCUXpressoIDE_25.6.136/ide/plugins/com.nxp.mcuxpresso.tools.win32_25.6.0.202501151204/tools/bin/../lib/gcc/arm-none-eabi/14.2.1/../../../../arm-none-eabi/lib/thumb/v8-m.main/nofp\libcr_nohost_nf.a(_cr__main.o)
                0x00005a02                __main
 .text.memcpy   0x00005a10        0x4 C:/nxp/MCUXpressoIDE_25.6.136/ide/plugins/com.nxp.mcuxpresso.tools.win32_25.6.0.202501151204/tools/bin/../lib/gcc/arm-none-eabi/14.2.1/../../../../arm-none-eabi/lib/thumb/v8-m.main/nofp\libcr_c.a(memcpy.o)
                0x00005a10                memcpy
 .text.memset   0x00005a14        0x4 C:/nxp/MCUXpressoIDE_25.6.136/ide/plugins/com.nxp.mcuxpresso.tools.win32_25.6.0.202501151204/tools/bin/../lib/gcc/arm-none-eabi/14.2.1/../../../../arm-none-eabi/lib/thumb/v8-m.main/nofp\libcr_c.a(memset.o)
                0x00005a14                memset
 .text.free     0x00005a18       0x30 C:/nxp/MCUXpressoIDE_25.6.136/ide/plugins/com.nxp.mcuxpresso.tools.win32_25.6.0.202501151204/tools/bin/../lib/gcc/arm-none-eabi/14.2.1/../../../../arm-none-eabi/lib/thumb/v8-m.main/nofp\libcr_c.a(alloc.o)
                0x00005a18                free
 .text.setvbuf  0x00005a48       0x3e C:/nxp/MCUXpressoIDE_25.6.136/ide/plugins/com.nxp.mcuxpresso.tools.win32_25.6.0.202501151204/tools/bin/../lib/gcc/arm-none-eabi/14.2.1/../../../../arm-none-eabi/lib/thumb/v8-m.main/nofp\libcr_c.a(setvbuf.o)
                0x00005a48                setvbuf
 .text.strlen   0x00005a86       0x4e C:/nxp/MCUXpressoIDE_25.6.136/ide/plugins/com.nxp.mcuxpresso.tools.win32_25.6.0.202501151204/tools/bin/../lib/gcc/arm-none-eabi/14.2.1/../../../../arm-none-eabi/lib/thumb/v8-m.main/nofp\libcr_c.a(strlen.o)
                0x00005a86                strlen
 .text._deferredlazyseek
                0x00005ad4       0x40 C:/nxp/MCUXpressoIDE_25.6.136/ide/plugins/com.nxp.mcuxpresso.tools.win32_25.6.0.202501151204/tools/bin/../lib/gcc/arm-none-eabi/14.2.1/../../../../arm-none-eabi/lib/thumb/v8-m.main/nofp\libcr_c.a(_deferredlazyseek.o)
                0x00005ad4                _deferredlazyseek
 .text._fdopen  0x00005b14       0x68 C:/nxp/MCUXpressoIDE_25.6.136/ide/plugins/com.nxp.mcuxpresso.tools.win32_25.6.0.202501151204/tools/bin/../lib/gcc/arm-none-eabi/14.2.1/../../../../arm-none-eabi/lib/thumb/v8-m.main/nofp\libcr_c.a(_fdopen.o)
                0x00005b14                _fdopen
 .text._fflush  0x00005b7c       0x52 C:/nxp/MCUXpressoIDE_25.6.136/ide/plugins/com.nxp.mcuxpresso.tools.win32_25.6.0.202501151204/tools/bin/../lib/gcc/arm-none-eabi/14.2.1/../../../../arm-none-eabi/lib/thumb/v8-m.main/nofp\libcr_c.a(_fflush.o)
                0x00005b7c                _fflush
 .text.fclose   0x00005bce       0x58 C:/nxp/MCUXpressoIDE_25.6.136/ide/plugins/com.nxp.mcuxpresso.tools.win32_25.6.0.202501151204/tools/bin/../lib/gcc/arm-none-eabi/14.2.1/../../../../arm-none-eabi/lib/thumb/v8-m.main/nofp\libcr_c.a(fclose.o)
                0x00005bce                fclose
 .text.remove   0x00005c26       0x14 C:/nxp/MCUXpressoIDE_25.6.136/ide/plugins/com.nxp.mcuxpresso.tools.win32_25.6.0.202501151204/tools/bin/../lib/gcc/arm-none-eabi/14.2.1/../../../../arm-none-eabi/lib/thumb/v8-m.main/nofp\libcr_c.a(remove.o)
                0x00005c26                remove
 .text._do_fflush
                0x00005c3a       0x40 C:/nxp/MCUXpressoIDE_25.6.136/ide/plugins/com.nxp.mcuxpresso.tools.win32_25.6.0.202501151204/tools/bin/../lib/gcc/arm-none-eabi/14.2.1/../../../../arm-none-eabi/lib/thumb/v8-m.main/nofp\libcr_c.a(_do_fflush.o)
                0x00005c3a                _do_fflush
 .text.__aeabi_division_uldivmod
                0x00005c7a      0x174 C:/nxp/MCUXpressoIDE_25.6.136/ide/plugins/com.nxp.mcuxpresso.tools.win32_25.6.0.202501151204/tools/bin/../lib/gcc/arm-none-eabi/14.2.1/thumb/v8-m.main/nofp\libcr_eabihelpers.a(division_64.o)
                0x00005c7a                __aeabi_uldivmod
                0x00005c7e                __bhs_ldivmod1
 .text.__aeabi_division_idiv0
                0x00005dee        0x2 C:/nxp/MCUXpressoIDE_25.6.136/ide/plugins/com.nxp.mcuxpresso.tools.win32_25.6.0.202501151204/tools/bin/../lib/gcc/arm-none-eabi/14.2.1/thumb/v8-m.main/nofp\libcr_eabihelpers.a(division_idiv0.o)
                0x00005dee                __aeabi_idiv0
 .text.__aeabi_f2uiz
                0x00005df0       0x26 C:/nxp/MCUXpressoIDE_25.6.136/ide/plugins/com.nxp.mcuxpresso.tools.win32_25.6.0.202501151204/tools/bin/../lib/gcc/arm-none-eabi/14.2.1/thumb/v8-m.main/nofp\libcr_eabihelpers.a(float.o)
                0x00005df0                __aeabi_f2uiz
 .text.__aeabi_fcmple
                0x00005e16       0x3e C:/nxp/MCUXpressoIDE_25.6.136/ide/plugins/com.nxp.mcuxpresso.tools.win32_25.6.0.202501151204/tools/bin/../lib/gcc/arm-none-eabi/14.2.1/thumb/v8-m.main/nofp\libcr_eabihelpers.a(float.o)
                0x00005e16                __aeabi_fcmple
 .text.__aeabi_memcpy
                0x00005e54       0x34 C:/nxp/MCUXpressoIDE_25.6.136/ide/plugins/com.nxp.mcuxpresso.tools.win32_25.6.0.202501151204/tools/bin/../lib/gcc/arm-none-eabi/14.2.1/thumb/v8-m.main/nofp\libcr_eabihelpers.a(memcpy.o)
                0x00005e54                __aeabi_memcpy
                0x00005e5e                __aeabi_memcpy8
                0x00005e5e                __aeabi_memcpy4
 .text.__aeabi_memset_lowlevel
                0x00005e88       0x32 C:/nxp/MCUXpressoIDE_25.6.136/ide/plugins/com.nxp.mcuxpresso.tools.win32_25.6.0.202501151204/tools/bin/../lib/gcc/arm-none-eabi/14.2.1/thumb/v8-m.main/nofp\libcr_eabihelpers.a(memcpy.o)
                0x00005e88                __aeabi_lowlevel_memset
 .text.__sys_close
                0x00005eba        0x6 C:/nxp/MCUXpressoIDE_25.6.136/ide/plugins/com.nxp.mcuxpresso.tools.win32_25.6.0.202501151204/tools/bin/../lib/gcc/arm-none-eabi/14.2.1/../../../../arm-none-eabi/lib/thumb/v8-m.main/nofp\libcr_nohost_nf.a(__sys_close.o)
                0x00005eba                __sys_close
 .text.__sys_flen
                0x00005ec0        0x6 C:/nxp/MCUXpressoIDE_25.6.136/ide/plugins/com.nxp.mcuxpresso.tools.win32_25.6.0.202501151204/tools/bin/../lib/gcc/arm-none-eabi/14.2.1/../../../../arm-none-eabi/lib/thumb/v8-m.main/nofp\libcr_nohost_nf.a(__sys_flen.o)
                0x00005ec0                __sys_flen
 .text.__sys_istty
                0x00005ec6        0x6 C:/nxp/MCUXpressoIDE_25.6.136/ide/plugins/com.nxp.mcuxpresso.tools.win32_25.6.0.202501151204/tools/bin/../lib/gcc/arm-none-eabi/14.2.1/../../../../arm-none-eabi/lib/thumb/v8-m.main/nofp\libcr_nohost_nf.a(__sys_istty.o)
                0x00005ec6                __sys_istty
 .text.__sys_remove
                0x00005ecc        0x6 C:/nxp/MCUXpressoIDE_25.6.136/ide/plugins/com.nxp.mcuxpresso.tools.win32_25.6.0.202501151204/tools/bin/../lib/gcc/arm-none-eabi/14.2.1/../../../../arm-none-eabi/lib/thumb/v8-m.main/nofp\libcr_nohost_nf.a(__sys_remove.o)
                0x00005ecc                __sys_remove
 .text.__sys_seek
                0x00005ed2        0x6 C:/nxp/MCUXpressoIDE_25.6.136/ide/plugins/com.nxp.mcuxpresso.tools.win32_25.6.0.202501151204/tools/bin/../lib/gcc/arm-none-eabi/14.2.1/../../../../arm-none-eabi/lib/thumb/v8-m.main/nofp\libcr_nohost_nf.a(__sys_seek.o)
                0x00005ed2                __sys_seek
 .text.__sys_tmpnam
                0x00005ed8        0x6 C:/nxp/MCUXpressoIDE_25.6.136/ide/plugins/com.nxp.mcuxpresso.tools.win32_25.6.0.202501151204/tools/bin/../lib/gcc/arm-none-eabi/14.2.1/../../../../arm-none-eabi/lib/thumb/v8-m.main/nofp\libcr_nohost_nf.a(__sys_tmpnam.o)
                0x00005ed8                __sys_tmpnam
 .text.__sys_write
                0x00005ede        0x4 C:/nxp/MCUXpressoIDE_25.6.136/ide/plugins/com.nxp.mcuxpresso.tools.win32_25.6.0.202501151204/tools/bin/../lib/gcc/arm-none-eabi/14.2.1/../../../../arm-none-eabi/lib/thumb/v8-m.main/nofp\libcr_nohost_nf.a(__sys_write.o)
                0x00005ede                __sys_write
 *(SORT_BY_ALIGNMENT(.rodata) SORT_BY_ALIGNMENT(.rodata.*) SORT_BY_ALIGNMENT(.constdata) SORT_BY_ALIGNMENT(.constdata.*))
 *fill*         0x00005ee2        0x2 ff
 .rodata.__assertion_failed.str1.4
                0x00005ee4      0x869 ./utilities/fsl_assert.o
                                 0x14 (size before relaxing)
 *fill*         0x0000674d        0x3 ff
 .rodata.cx_tbl
                0x00006750       0x20 ./source/boot_anim.o
 .rodata.cy_tbl
                0x00006770       0x20 ./source/boot_anim.o
 .rodata.BootAnimation_Run.str1.4
                0x00006790       0x18 ./source/boot_anim.o
 .rodata        0x00006790       0x24 ./source/display.o
 .rodata.st7735_init_seq.str1.4
                0x000067b4        0x8 ./source/display.o
 .rodata.glcd_font
                0x000067b4      0x500 ./source/gfx.o
 .rodata.key_map
                0x00006cb4       0x10 ./source/keypad.o
 .rodata.row_pins
                0x00006cc4       0x30 ./source/keypad.o
 .rodata.col_pins
                0x00006cf4       0x30 ./source/keypad.o
 .rodata.CLOCK_SetClockSelect.str1.4
                0x00006d24       0x2c ./drivers/fsl_clock.o
 .rodata.CLOCK_SetClockDiv.str1.4
                0x00006d24       0x2c ./drivers/fsl_clock.o
 .rodata.SDK_DelayAtLeastUs.str1.4
                0x00006d24       0x2b ./drivers/fsl_common_arm.o
 .rodata.s_ctimerBases
                0x00006d24        0xc ./drivers/fsl_ctimer.o
 .rodata.s_ctimerClocks
                0x00006d30        0xc ./drivers/fsl_ctimer.o
 .rodata.s_ctimerResets
                0x00006d3c        0x6 ./drivers/fsl_ctimer.o
 *fill*         0x00006d42        0x2 ff
 .rodata.s_ctimerIRQ
                0x00006d44        0x3 ./drivers/fsl_ctimer.o
 .rodata.CTIMER_GetInstance.str1.4
                0x00006d47       0x2e ./drivers/fsl_ctimer.o
 .rodata.CTIMER_Init.str1.4
                0x00006d47       0x21 ./drivers/fsl_ctimer.o
 .rodata.CTIMER_GetDefaultConfig.str1.4
                0x00006d47       0x22 ./drivers/fsl_ctimer.o
 .rodata.EDMA_HandleIRQ.str1.4
                0x00006d47       0x21 ./drivers/fsl_edma.o
 *fill*         0x00006d47        0x1 ff
 .rodata.s_gpioBases
                0x00006d48       0x10 ./drivers/fsl_gpio.o
 .rodata.s_gpioClockName
                0x00006d58       0x10 ./drivers/fsl_gpio.o
 .rodata.GPIO_GetInstance.str1.4
                0x00006d68       0x34 ./drivers/fsl_gpio.o
 .rodata.GPIO_PortClockEnable.str1.4
                0x00006d68       0x38 ./drivers/fsl_gpio.o
 .rodata.GPIO_PinInit.str1.4
                0x00006d68       0x20 ./drivers/fsl_gpio.o
 .rodata.s_baudratePrescaler
                0x00006d68        0x8 ./drivers/fsl_lpspi.o
 .rodata.s_lpspiBases
                0x00006d70        0x8 ./drivers/fsl_lpspi.o
 .rodata.s_lpspiClocks
                0x00006d78        0x8 ./drivers/fsl_lpspi.o
 .rodata.s_lpspiResets
                0x00006d80        0x4 ./drivers/fsl_lpspi.o
 .rodata.LPSPI_GetInstance.str1.4
                0x00006d84       0x36 ./drivers/fsl_lpspi.o
 .rodata.LPSPI_MasterInit.str1.4
                0x00006d84       0x27 ./drivers/fsl_lpspi.o
 .rodata.LPSPI_MasterGetDefaultConfig.str1.4
                0x00006d84       0x27 ./drivers/fsl_lpspi.o
 .rodata.LPSPI_MasterSetBaudRate.str1.4
                0x00006d84       0x2b ./drivers/fsl_lpspi.o
 .rodata.LPSPI_MasterSetDelayScaler.str1.4
                0x00006d84       0x18 ./drivers/fsl_lpspi.o
 .rodata.LPSPI_MasterSetDelayTimes.str1.4
                0x00006d84       0x2a ./drivers/fsl_lpspi.o
 .rodata.LPSPI_CheckTransferArgument.str1.4
                0x00006d84       0x23 ./drivers/fsl_lpspi.o
 .rodata.LPSPI_MasterTransferBlocking.str1.4
                0x00006d84       0x24 ./drivers/fsl_lpspi.o
 .rodata.LPSPI_CombineWriteData.str1.4
                0x00006d84       0x3d ./drivers/fsl_lpspi.o
 .rodata.LPSPI_SeparateReadData.str1.4
                0x00006d84       0x3d ./drivers/fsl_lpspi.o
 .rodata.LPSPI0_DriverIRQHandler.str1.4
                0x00006d84       0x2c ./drivers/fsl_lpspi.o
 .rodata.LPSPI1_DriverIRQHandler.str1.4
                0x00006d84       0x2c ./drivers/fsl_lpspi.o
 .rodata.s_lpuartBases
                0x00006d84        0xc ./drivers/fsl_lpuart.o
 .rodata.s_lpuartClock
                0x00006d90        0xc ./drivers/fsl_lpuart.o
 .rodata.s_lpuartResets
                0x00006d9c        0x6 ./drivers/fsl_lpuart.o
 .rodata.LPUART_GetInstance.str1.4
                0x00006da2       0x38 ./drivers/fsl_lpuart.o
 .rodata.LPUART_Init.str1.4
                0x00006da2      0x1b0 ./drivers/fsl_lpuart.o
 .rodata.LPUART_GetDefaultConfig.str1.4
                0x00006da2       0x22 ./drivers/fsl_lpuart.o
 .rodata.LPUART_WriteBlocking.str1.4
                0x00006da2       0x21 ./drivers/fsl_lpuart.o
 .rodata.RESET_SetPeripheralReset.str1.4
                0x00006da2       0x3f ./drivers/fsl_reset.o
 .rodata.RESET_ClearPeripheralReset.str1.4
                0x00006da2       0x1e ./drivers/fsl_reset.o
 *fill*         0x00006da2        0x2 ff
 .rodata.s_LpuartAdapterBase
                0x00006da4        0xc ./component/uart/fsl_adapter_lpuart.o
 .rodata.HAL_UartInit.str1.4
                0x00006db0      0x116 ./component/uart/fsl_adapter_lpuart.o
 .rodata.HAL_UartSendBlocking.str1.4
                0x00006db0       0x7b ./component/uart/fsl_adapter_lpuart.o
 .rodata.PORT_SetPinConfig.str1.4
                0x00006db0       0x4d ./board/pin_mux.o
 .rodata        0x00006db0        0x2 ./board/pin_mux.o
 *fill*         0x00006db2        0x2 ff
 .rodata.__num_Ciob_streams
                0x00006db4        0x4 C:/nxp/MCUXpressoIDE_25.6.136/ide/plugins/com.nxp.mcuxpresso.tools.win32_25.6.0.202501151204/tools/bin/../lib/gcc/arm-none-eabi/14.2.1/../../../../arm-none-eabi/lib/thumb/v8-m.main/nofp\libcr_nohost_nf.a(__ciob.o)
                0x00006db4                __num_Ciob_streams
 .rodata._initio.str1.1
                0x00006db8        0x4 C:/nxp/MCUXpressoIDE_25.6.136/ide/plugins/com.nxp.mcuxpresso.tools.win32_25.6.0.202501151204/tools/bin/../lib/gcc/arm-none-eabi/14.2.1/../../../../arm-none-eabi/lib/thumb/v8-m.main/nofp\libcr_c.a(initio.o)
                0x00006dbc                        . = ALIGN (0x4)

.glue_7         0x00006dbc        0x0
 .glue_7        0x00006dbc        0x0 linker stubs

.glue_7t        0x00006dbc        0x0
 .glue_7t       0x00006dbc        0x0 linker stubs

.vfp11_veneer   0x00006dbc        0x0
 .vfp11_veneer  0x00006dbc        0x0 linker stubs

.v4_bx          0x00006dbc        0x0
 .v4_bx         0x00006dbc        0x0 linker stubs

.iplt           0x00006dbc        0x0
 .iplt          0x00006dbc        0x0 ./utilities/str/fsl_str.o

.rel.dyn        0x00006dbc        0x0
 .rel.iplt      0x00006dbc        0x0 ./utilities/str/fsl_str.o

.ARM.extab
 *(SORT_BY_ALIGNMENT(.ARM.extab*) SORT_BY_ALIGNMENT(.gnu.linkonce.armextab.*))

.ARM.exidx      0x00006dbc        0x0
                0x00006dbc                        __exidx_start = .
 *(SORT_BY_ALIGNMENT(.ARM.exidx*) SORT_BY_ALIGNMENT(.gnu.linkonce.armexidx.*))
                0x00006dbc                        __exidx_end = .
                0x00006dbc                        _etext = .

.data_RAM2      0x04000000        0x0 load address 0x00006dbc
 FILL mask 0xff
                [!provide]                        PROVIDE (__start_data_RAM2 = .)
                [!provide]                        PROVIDE (__start_data_SRAMX0 = .)
 *(SORT_BY_ALIGNMENT(.ramfunc.$RAM2))
 *(SORT_BY_ALIGNMENT(.ramfunc.$SRAMX0))
 *(SORT_BY_ALIGNMENT(.data.$RAM2))
 *(SORT_BY_ALIGNMENT(.data.$SRAMX0))
 *(SORT_BY_ALIGNMENT(.data.$RAM2.*))
 *(SORT_BY_ALIGNMENT(.data.$SRAMX0.*))
                0x04000000                        . = ALIGN (0x4)
                [!provide]                        PROVIDE (__end_data_RAM2 = .)
                [!provide]                        PROVIDE (__end_data_SRAMX0 = .)

.data_RAM3      0x04002000        0x0 load address 0x00006dbc
 FILL mask 0xff
                [!provide]                        PROVIDE (__start_data_RAM3 = .)
                [!provide]                        PROVIDE (__start_data_SRAMX1 = .)
 *(SORT_BY_ALIGNMENT(.ramfunc.$RAM3))
 *(SORT_BY_ALIGNMENT(.ramfunc.$SRAMX1))
 *(SORT_BY_ALIGNMENT(.data.$RAM3))
 *(SORT_BY_ALIGNMENT(.data.$SRAMX1))
 *(SORT_BY_ALIGNMENT(.data.$RAM3.*))
 *(SORT_BY_ALIGNMENT(.data.$SRAMX1.*))
                0x04002000                        . = ALIGN (0x4)
                [!provide]                        PROVIDE (__end_data_RAM3 = .)
                [!provide]                        PROVIDE (__end_data_SRAMX1 = .)

.uninit_RESERVED
                0x20000000        0x0
                0x20000000                        _start_uninit_RESERVED = .
 *(SORT_BY_ALIGNMENT(.bss.$RESERVED*))
                0x20000000                        . = ALIGN (0x4)
                0x20000000                        _end_uninit_RESERVED = .

.data           0x20000000       0x2c load address 0x00006dbc
 FILL mask 0xff
                0x20000000                        _data = .
                [!provide]                        PROVIDE (__start_data_RAM = .)
                [!provide]                        PROVIDE (__start_data_SRAM = .)
 *(SORT_BY_ALIGNMENT(vtable))
 *(SORT_BY_ALIGNMENT(.ramfunc*))
 *(SORT_BY_ALIGNMENT(CodeQuickAccess))
 *(SORT_BY_ALIGNMENT(DataQuickAccess))
 *(SORT_BY_ALIGNMENT(RamFunction))
 *(SORT_BY_ALIGNMENT(.data*))
 .data.s_cb     0x20000000        0x4 ./source/buzzer.o
 .data.gfx_palette
                0x20000004       0x20 ./source/gfx.o
                0x20000004                gfx_palette
 .data.s_Ext_Clk_Freq
                0x20000024        0x4 ./drivers/fsl_clock.o
 .data.SystemCoreClock
                0x20000028        0x4 ./device/system_MCXA153.o
                0x20000028                SystemCoreClock
                0x2000002c                        . = ALIGN (0x4)
                0x2000002c                        _edata = .
                [!provide]                        PROVIDE (__end_data_RAM = .)
                [!provide]                        PROVIDE (__end_data_SRAM = .)

.igot.plt       0x2000002c        0x0 load address 0x00006de8
 .igot.plt      0x2000002c        0x0 ./utilities/str/fsl_str.o

.bss_RAM2       0x04000000        0x0
                [!provide]                        PROVIDE (__start_bss_RAM2 = .)
                [!provide]                        PROVIDE (__start_bss_SRAMX0 = .)
 *(SORT_BY_ALIGNMENT(.bss.$RAM2))
 *(SORT_BY_ALIGNMENT(.bss.$SRAMX0))
 *(SORT_BY_ALIGNMENT(.bss.$RAM2.*))
 *(SORT_BY_ALIGNMENT(.bss.$SRAMX0.*))
                0x04000000                        . = ALIGN ((. != 0x0)?0x4:0x1)
                [!provide]                        PROVIDE (__end_bss_RAM2 = .)
                [!provide]                        PROVIDE (__end_bss_SRAMX0 = .)

.bss_RAM3       0x04002000        0x0
                [!provide]                        PROVIDE (__start_bss_RAM3 = .)
                [!provide]                        PROVIDE (__start_bss_SRAMX1 = .)
 *(SORT_BY_ALIGNMENT(.bss.$RAM3))
 *(SORT_BY_ALIGNMENT(.bss.$SRAMX1))
 *(SORT_BY_ALIGNMENT(.bss.$RAM3.*))
 *(SORT_BY_ALIGNMENT(.bss.$SRAMX1.*))
                0x04002000                        . = ALIGN ((. != 0x0)?0x4:0x1)
                [!provide]                        PROVIDE (__end_bss_RAM3 = .)
                [!provide]                        PROVIDE (__end_bss_SRAMX1 = .)

.bss            0x2000002c     0x2b3c
                0x2000002c                        _bss = .
                [!provide]                        PROVIDE (__start_bss_RAM = .)
                [!provide]                        PROVIDE (__start_bss_SRAM = .)
 *(SORT_BY_ALIGNMENT(.bss*))
 .bss.s_debugConsoleState
                0x2000002c       0x24 ./utilities/debug_console/fsl_debug_console.o
 .bss.g_serialHandle
                0x20000050        0x4 ./utilities/debug_console/fsl_debug_console.o
                0x20000050                g_serialHandle
 .bss.line.0    0x20000054      0x100 ./source/display.o
 .bss.gfx_fb    0x20000154     0x2800 ./source/gfx.o
                0x20000154                gfx_fb
 .bss.line.0    0x20002954      0x100 ./source/gfx.o
 .bss.row_now   0x20002a54        0x4 ./source/keypad.o
 .bss.row_prev  0x20002a58        0x4 ./source/keypad.o
 .bss.row_stable
                0x20002a5c        0x4 ./source/keypad.o
 .bss.s_ctimerCallback
                0x20002a60        0xc ./drivers/fsl_ctimer.o
 .bss.ctimerCallbackType
                0x20002a6c        0x3 ./drivers/fsl_ctimer.o
 *fill*         0x20002a6f        0x1 
 .bss.s_EDMAHandle
                0x20002a70       0x10 ./drivers/fsl_edma.o
 .bss.s_lpspiHandle
                0x20002a80        0x8 ./drivers/fsl_lpspi.o
 .bss.s_lpspiMasterIsr
                0x20002a88        0x4 ./drivers/fsl_lpspi.o
 .bss.s_lpspiSlaveIsr
                0x20002a8c        0x4 ./drivers/fsl_lpspi.o
 .bss.g_lpspiDummyData
                0x20002a90        0x2 ./drivers/fsl_lpspi.o
                0x20002a90                g_lpspiDummyData
 *fill*         0x20002a92        0x2 
 .bss.s_lpuartHandle
                0x20002a94        0xc ./drivers/fsl_lpuart.o
                0x20002a94                s_lpuartHandle
 .bss.s_lpuartIsr
                0x20002aa0        0xc ./drivers/fsl_lpuart.o
                0x20002aa0                s_lpuartIsr
 .bss.errno     0x20002aac        0x4 C:/nxp/MCUXpressoIDE_25.6.136/ide/plugins/com.nxp.mcuxpresso.tools.win32_25.6.0.202501151204/tools/bin/../lib/gcc/arm-none-eabi/14.2.1/../../../../arm-none-eabi/lib/thumb/v8-m.main/nofp\libcr_c.a(errno.o)
                0x20002aac                errno
 .bss.__Ciob    0x20002ab0       0xb4 C:/nxp/MCUXpressoIDE_25.6.136/ide/plugins/com.nxp.mcuxpresso.tools.win32_25.6.0.202501151204/tools/bin/../lib/gcc/arm-none-eabi/14.2.1/../../../../arm-none-eabi/lib/thumb/v8-m.main/nofp\libcr_nohost_nf.a(__ciob.o)
                0x20002ab0                __Ciob
 .bss.s_debugConsoleReadWaitSemaphore
                0x20002b64        0x1 ./utilities/debug_console/fsl_debug_console.o
 .bss.g_tick_flag
                0x20002b65        0x1 ./source/MCXA153_Project3.o
 .bss.key_buf   0x20002b66        0x1 ./source/keypad.o
 *(SORT_BY_ALIGNMENT(COMMON))
                0x20002b68                        . = ALIGN (0x4)
 *fill*         0x20002b67        0x1 
                0x20002b68                        _ebss = .
                [!provide]                        PROVIDE (__end_bss_RAM = .)
                [!provide]                        PROVIDE (__end_bss_SRAM = .)
                [!provide]                        PROVIDE (end = .)

.noinit_RAM2    0x04000000        0x0
                [!provide]                        PROVIDE (__start_noinit_RAM2 = .)
                [!provide]                        PROVIDE (__start_noinit_SRAMX0 = .)
 *(SORT_BY_ALIGNMENT(.noinit.$RAM2))
 *(SORT_BY_ALIGNMENT(.noinit.$SRAMX0))
 *(SORT_BY_ALIGNMENT(.noinit.$RAM2.*))
 *(SORT_BY_ALIGNMENT(.noinit.$SRAMX0.*))
                0x04000000                        . = ALIGN (0x4)
                [!provide]                        PROVIDE (__end_noinit_RAM2 = .)
                [!provide]                        PROVIDE (__end_noinit_SRAMX0 = .)

.noinit_RAM3    0x04002000        0x0
                [!provide]                        PROVIDE (__start_noinit_RAM3 = .)
                [!provide]                        PROVIDE (__start_noinit_SRAMX1 = .)
 *(SORT_BY_ALIGNMENT(.noinit.$RAM3))
 *(SORT_BY_ALIGNMENT(.noinit.$SRAMX1))
 *(SORT_BY_ALIGNMENT(.noinit.$RAM3.*))
 *(SORT_BY_ALIGNMENT(.noinit.$SRAMX1.*))
                0x04002000                        . = ALIGN (0x4)
                [!provide]                        PROVIDE (__end_noinit_RAM3 = .)
                [!provide]                        PROVIDE (__end_noinit_SRAMX1 = .)

.noinit         0x20002b68        0x0
                0x20002b68                        _noinit = .
                [!provide]                        PROVIDE (__start_noinit_RAM = .)
                [!provide]                        PROVIDE (__start_noinit_SRAM = .)
 *(SORT_BY_ALIGNMENT(.noinit*))
                0x20002b68                        . = ALIGN (0x4)
                0x20002b68                        _end_noinit = .
                [!provide]                        PROVIDE (__end_noinit_RAM = .)
                [!provide]                        PROVIDE (__end_noinit_SRAM = .)
                0x00000600                        _HeapSize = 0x600

.heap           0x20002b68      0x600
                0x20002b68                        _pvHeapStart = .
                0x20003168                        . = (. + _HeapSize)
 *fill*         0x20002b68      0x600 
                0x20003168                        . = ALIGN (0x4)
                0x20003168                        _pvHeapLimit = .
                0x00000600                        _StackSize = 0x600

.heap2stackfill
                0x20003168      0x600
                0x20003768                        . = (. + _StackSize)
 *fill*         0x20003168      0x600 

.stack          0x20005a00        0x0
                0x20005a00                        _vStackBase = .
                0x20005a00                        . = ALIGN (0x4)
                0x20006000                        _vStackTop = (. + _StackSize)
                0x00000000                        _image_start = LOADADDR (.text)
                0x00006de8                        _image_end = (LOADADDR (.data) + SIZEOF (.data))
                0x00006de8                        _image_size = (_image_end - _image_start)
OUTPUT(MCXA153_Project3.axf elf32-littlearm)
LOAD linker stubs

.debug_info     0x00000000    0x225d5
 .debug_info    0x00000000      0xd5d ./utilities/str/fsl_str.o
 .debug_info    0x00000d5d      0xef1 ./utilities/debug_console/fsl_debug_console.o
 .debug_info    0x00001c4e      0x1c2 ./utilities/fsl_assert.o
 .debug_info    0x00001e10      0xb86 ./startup/startup_mcxa153.o
 .debug_info    0x00002996      0x5f3 ./source/MCXA153_Project3.o
 .debug_info    0x00002f89      0x712 ./source/boot_anim.o
 .debug_info    0x0000369b     0x1a4e ./source/buzzer.o
 .debug_info    0x000050e9     0x21d5 ./source/display.o
 .debug_info    0x000072be      0xc85 ./source/gfx.o
 .debug_info    0x00007f43     0x174f ./source/keypad.o
 .debug_info    0x00009692       0x3c ./source/semihost_hardfault.o
 .debug_info    0x000096ce     0x2063 ./drivers/fsl_clock.o
 .debug_info    0x0000b731      0x384 ./drivers/fsl_common_arm.o
 .debug_info    0x0000bab5     0x1dfb ./drivers/fsl_ctimer.o
 .debug_info    0x0000d8b0     0x3641 ./drivers/fsl_edma.o
 .debug_info    0x00010ef1       0xdb ./drivers/fsl_edma_soc.o
 .debug_info    0x00010fcc     0x1305 ./drivers/fsl_gpio.o
 .debug_info    0x000122d1     0x31f6 ./drivers/fsl_lpspi.o
 .debug_info    0x000154c7     0x2d84 ./drivers/fsl_lpuart.o
 .debug_info    0x0001824b      0xa36 ./drivers/fsl_reset.o
 .debug_info    0x00018c81     0x1048 ./device/system_MCXA153.o
 .debug_info    0x00019cc9      0xd32 ./component/uart/fsl_adapter_lpuart.o
 .debug_info    0x0001a9fb      0xe6c ./component/serial_manager/fsl_component_serial_manager.o
 .debug_info    0x0001b867      0x54a ./component/serial_manager/fsl_component_serial_port_uart.o
 .debug_info    0x0001bdb1      0x6b9 ./board/board.o
 .debug_info    0x0001c46a      0xaa3 ./board/clock_config.o
 .debug_info    0x0001cf0d     0x114e ./board/pin_mux.o
 .debug_info    0x0001e05b       0x85 C:/nxp/MCUXpressoIDE_25.6.136/ide/plugins/com.nxp.mcuxpresso.tools.win32_25.6.0.202501151204/tools/bin/../lib/gcc/arm-none-eabi/14.2.1/../../../../arm-none-eabi/lib/thumb/v8-m.main/nofp\libcr_nohost_nf.a(_cr__main.o)
 .debug_info    0x0001e0e0      0x12b C:/nxp/MCUXpressoIDE_25.6.136/ide/plugins/com.nxp.mcuxpresso.tools.win32_25.6.0.202501151204/tools/bin/../lib/gcc/arm-none-eabi/14.2.1/../../../../arm-none-eabi/lib/thumb/v8-m.main/nofp\libcr_c.a(memcpy.o)
 .debug_info    0x0001e20b       0xfc C:/nxp/MCUXpressoIDE_25.6.136/ide/plugins/com.nxp.mcuxpresso.tools.win32_25.6.0.202501151204/tools/bin/../lib/gcc/arm-none-eabi/14.2.1/../../../../arm-none-eabi/lib/thumb/v8-m.main/nofp\libcr_c.a(memset.o)
 .debug_info    0x0001e307      0x520 C:/nxp/MCUXpressoIDE_25.6.136/ide/plugins/com.nxp.mcuxpresso.tools.win32_25.6.0.202501151204/tools/bin/../lib/gcc/arm-none-eabi/14.2.1/../../../../arm-none-eabi/lib/thumb/v8-m.main/nofp\libcr_c.a(alloc.o)
 .debug_info    0x0001e827       0x44 C:/nxp/MCUXpressoIDE_25.6.136/ide/plugins/com.nxp.mcuxpresso.tools.win32_25.6.0.202501151204/tools/bin/../lib/gcc/arm-none-eabi/14.2.1/../../../../arm-none-eabi/lib/thumb/v8-m.main/nofp\libcr_c.a(errno.o)
 .debug_info    0x0001e86b      0x339 C:/nxp/MCUXpressoIDE_25.6.136/ide/plugins/com.nxp.mcuxpresso.tools.win32_25.6.0.202501151204/tools/bin/../lib/gcc/arm-none-eabi/14.2.1/../../../../arm-none-eabi/lib/thumb/v8-m.main/nofp\libcr_c.a(initio.o)
 .debug_info    0x0001eba4      0x1fd C:/nxp/MCUXpressoIDE_25.6.136/ide/plugins/com.nxp.mcuxpresso.tools.win32_25.6.0.202501151204/tools/bin/../lib/gcc/arm-none-eabi/14.2.1/../../../../arm-none-eabi/lib/thumb/v8-m.main/nofp\libcr_c.a(setvbuf.o)
 .debug_info    0x0001eda1       0xe1 C:/nxp/MCUXpressoIDE_25.6.136/ide/plugins/com.nxp.mcuxpresso.tools.win32_25.6.0.202501151204/tools/bin/../lib/gcc/arm-none-eabi/14.2.1/../../../../arm-none-eabi/lib/thumb/v8-m.main/nofp\libcr_c.a(strlen.o)
 .debug_info    0x0001ee82      0x396 C:/nxp/MCUXpressoIDE_25.6.136/ide/plugins/com.nxp.mcuxpresso.tools.win32_25.6.0.202501151204/tools/bin/../lib/gcc/arm-none-eabi/14.2.1/../../../../arm-none-eabi/lib/thumb/v8-m.main/nofp\libcr_c.a(_deferredlazyseek.o)
 .debug_info    0x0001f218      0x24b C:/nxp/MCUXpressoIDE_25.6.136/ide/plugins/com.nxp.mcuxpresso.tools.win32_25.6.0.202501151204/tools/bin/../lib/gcc/arm-none-eabi/14.2.1/../../../../arm-none-eabi/lib/thumb/v8-m.main/nofp\libcr_c.a(_fdopen.o)
 .debug_info    0x0001f463      0x1e3 C:/nxp/MCUXpressoIDE_25.6.136/ide/plugins/com.nxp.mcuxpresso.tools.win32_25.6.0.202501151204/tools/bin/../lib/gcc/arm-none-eabi/14.2.1/../../../../arm-none-eabi/lib/thumb/v8-m.main/nofp\libcr_c.a(_fflush.o)
 .debug_info    0x0001f646      0x289 C:/nxp/MCUXpressoIDE_25.6.136/ide/plugins/com.nxp.mcuxpresso.tools.win32_25.6.0.202501151204/tools/bin/../lib/gcc/arm-none-eabi/14.2.1/../../../../arm-none-eabi/lib/thumb/v8-m.main/nofp\libcr_c.a(_writebuf.o)
 .debug_info    0x0001f8cf      0x31e C:/nxp/MCUXpressoIDE_25.6.136/ide/plugins/com.nxp.mcuxpresso.tools.win32_25.6.0.202501151204/tools/bin/../lib/gcc/arm-none-eabi/14.2.1/../../../../arm-none-eabi/lib/thumb/v8-m.main/nofp\libcr_c.a(fclose.o)
 .debug_info    0x0001fbed      0x209 C:/nxp/MCUXpressoIDE_25.6.136/ide/plugins/com.nxp.mcuxpresso.tools.win32_25.6.0.202501151204/tools/bin/../lib/gcc/arm-none-eabi/14.2.1/../../../../arm-none-eabi/lib/thumb/v8-m.main/nofp\libcr_c.a(fflush.o)
 .debug_info    0x0001fdf6      0x276 C:/nxp/MCUXpressoIDE_25.6.136/ide/plugins/com.nxp.mcuxpresso.tools.win32_25.6.0.202501151204/tools/bin/../lib/gcc/arm-none-eabi/14.2.1/../../../../arm-none-eabi/lib/thumb/v8-m.main/nofp\libcr_c.a(fseek.o)
 .debug_info    0x0002006c      0x197 C:/nxp/MCUXpressoIDE_25.6.136/ide/plugins/com.nxp.mcuxpresso.tools.win32_25.6.0.202501151204/tools/bin/../lib/gcc/arm-none-eabi/14.2.1/../../../../arm-none-eabi/lib/thumb/v8-m.main/nofp\libcr_c.a(ftell.o)
 .debug_info    0x00020203      0x1d7 C:/nxp/MCUXpressoIDE_25.6.136/ide/plugins/com.nxp.mcuxpresso.tools.win32_25.6.0.202501151204/tools/bin/../lib/gcc/arm-none-eabi/14.2.1/../../../../arm-none-eabi/lib/thumb/v8-m.main/nofp\libcr_c.a(remove.o)
 .debug_info    0x000203da      0x23a C:/nxp/MCUXpressoIDE_25.6.136/ide/plugins/com.nxp.mcuxpresso.tools.win32_25.6.0.202501151204/tools/bin/../lib/gcc/arm-none-eabi/14.2.1/../../../../arm-none-eabi/lib/thumb/v8-m.main/nofp\libcr_c.a(_do_fflush.o)
 .debug_info    0x00020614     0x1ad0 C:/nxp/MCUXpressoIDE_25.6.136/ide/plugins/com.nxp.mcuxpresso.tools.win32_25.6.0.202501151204/tools/bin/../lib/gcc/arm-none-eabi/14.2.1/thumb/v8-m.main/nofp\libcr_eabihelpers.a(float.o)
 .debug_info    0x000220e4      0x18b C:/nxp/MCUXpressoIDE_25.6.136/ide/plugins/com.nxp.mcuxpresso.tools.win32_25.6.0.202501151204/tools/bin/../lib/gcc/arm-none-eabi/14.2.1/../../../../arm-none-eabi/lib/thumb/v8-m.main/nofp\libcr_nohost_nf.a(__ciob.o)
 .debug_info    0x0002226f       0x6a C:/nxp/MCUXpressoIDE_25.6.136/ide/plugins/com.nxp.mcuxpresso.tools.win32_25.6.0.202501151204/tools/bin/../lib/gcc/arm-none-eabi/14.2.1/../../../../arm-none-eabi/lib/thumb/v8-m.main/nofp\libcr_nohost_nf.a(__sys_close.o)
 .debug_info    0x000222d9       0x6a C:/nxp/MCUXpressoIDE_25.6.136/ide/plugins/com.nxp.mcuxpresso.tools.win32_25.6.0.202501151204/tools/bin/../lib/gcc/arm-none-eabi/14.2.1/../../../../arm-none-eabi/lib/thumb/v8-m.main/nofp\libcr_nohost_nf.a(__sys_flen.o)
 .debug_info    0x00022343       0x6a C:/nxp/MCUXpressoIDE_25.6.136/ide/plugins/com.nxp.mcuxpresso.tools.win32_25.6.0.202501151204/tools/bin/../lib/gcc/arm-none-eabi/14.2.1/../../../../arm-none-eabi/lib/thumb/v8-m.main/nofp\libcr_nohost_nf.a(__sys_istty.o)
 .debug_info    0x000223ad       0x8a C:/nxp/MCUXpressoIDE_25.6.136/ide/plugins/com.nxp.mcuxpresso.tools.win32_25.6.0.202501151204/tools/bin/../lib/gcc/arm-none-eabi/14.2.1/../../../../arm-none-eabi/lib/thumb/v8-m.main/nofp\libcr_nohost_nf.a(__sys_remove.o)
 .debug_info    0x00022437       0x78 C:/nxp/MCUXpressoIDE_25.6.136/ide/plugins/com.nxp.mcuxpresso.tools.win32_25.6.0.202501151204/tools/bin/../lib/gcc/arm-none-eabi/14.2.1/../../../../arm-none-eabi/lib/thumb/v8-m.main/nofp\libcr_nohost_nf.a(__sys_seek.o)
 .debug_info    0x000224af       0x93 C:/nxp/MCUXpressoIDE_25.6.136/ide/plugins/com.nxp.mcuxpresso.tools.win32_25.6.0.202501151204/tools/bin/../lib/gcc/arm-none-eabi/14.2.1/../../../../arm-none-eabi/lib/thumb/v8-m.main/nofp\libcr_nohost_nf.a(__sys_tmpnam.o)
 .debug_info    0x00022542       0x93 C:/nxp/MCUXpressoIDE_25.6.136/ide/plugins/com.nxp.mcuxpresso.tools.win32_25.6.0.202501151204/tools/bin/../lib/gcc/arm-none-eabi/14.2.1/../../../../arm-none-eabi/lib/thumb/v8-m.main/nofp\libcr_nohost_nf.a(__sys_write.o)

.debug_abbrev   0x00000000     0x537a
 .debug_abbrev  0x00000000      0x270 ./utilities/str/fsl_str.o
 .debug_abbrev  0x00000270      0x270 ./utilities/debug_console/fsl_debug_console.o
 .debug_abbrev  0x000004e0      0x114 ./utilities/fsl_assert.o
 .debug_abbrev  0x000005f4      0x134 ./startup/startup_mcxa153.o
 .debug_abbrev  0x00000728      0x151 ./source/MCXA153_Project3.o
 .debug_abbrev  0x00000879      0x136 ./source/boot_anim.o
 .debug_abbrev  0x000009af      0x27c ./source/buzzer.o
 .debug_abbrev  0x00000c2b      0x2ca ./source/display.o
 .debug_abbrev  0x00000ef5      0x20e ./source/gfx.o
 .debug_abbrev  0x00001103      0x27b ./source/keypad.o
 .debug_abbrev  0x0000137e       0x31 ./source/semihost_hardfault.o
 .debug_abbrev  0x000013af      0x31f ./drivers/fsl_clock.o
 .debug_abbrev  0x000016ce      0x16a ./drivers/fsl_common_arm.o
 .debug_abbrev  0x00001838      0x395 ./drivers/fsl_ctimer.o
 .debug_abbrev  0x00001bcd      0x4b9 ./drivers/fsl_edma.o
 .debug_abbrev  0x00002086       0x72 ./drivers/fsl_edma_soc.o
 .debug_abbrev  0x000020f8      0x250 ./drivers/fsl_gpio.o
 .debug_abbrev  0x00002348      0x39a ./drivers/fsl_lpspi.o
 .debug_abbrev  0x000026e2      0x45a ./drivers/fsl_lpuart.o
 .debug_abbrev  0x00002b3c      0x13d ./drivers/fsl_reset.o
 .debug_abbrev  0x00002c79      0x1d5 ./device/system_MCXA153.o
 .debug_abbrev  0x00002e4e      0x1e7 ./component/uart/fsl_adapter_lpuart.o
 .debug_abbrev  0x00003035      0x2ad ./component/serial_manager/fsl_component_serial_manager.o
 .debug_abbrev  0x000032e2      0x18c ./component/serial_manager/fsl_component_serial_port_uart.o
 .debug_abbrev  0x0000346e       0xf2 ./board/board.o
 .debug_abbrev  0x00003560      0x204 ./board/clock_config.o
 .debug_abbrev  0x00003764      0x252 ./board/pin_mux.o
 .debug_abbrev  0x000039b6       0x70 C:/nxp/MCUXpressoIDE_25.6.136/ide/plugins/com.nxp.mcuxpresso.tools.win32_25.6.0.202501151204/tools/bin/../lib/gcc/arm-none-eabi/14.2.1/../../../../arm-none-eabi/lib/thumb/v8-m.main/nofp\libcr_nohost_nf.a(_cr__main.o)
 .debug_abbrev  0x00003a26       0xb6 C:/nxp/MCUXpressoIDE_25.6.136/ide/plugins/com.nxp.mcuxpresso.tools.win32_25.6.0.202501151204/tools/bin/../lib/gcc/arm-none-eabi/14.2.1/../../../../arm-none-eabi/lib/thumb/v8-m.main/nofp\libcr_c.a(memcpy.o)
 .debug_abbrev  0x00003adc       0xa8 C:/nxp/MCUXpressoIDE_25.6.136/ide/plugins/com.nxp.mcuxpresso.tools.win32_25.6.0.202501151204/tools/bin/../lib/gcc/arm-none-eabi/14.2.1/../../../../arm-none-eabi/lib/thumb/v8-m.main/nofp\libcr_c.a(memset.o)
 .debug_abbrev  0x00003b84      0x284 C:/nxp/MCUXpressoIDE_25.6.136/ide/plugins/com.nxp.mcuxpresso.tools.win32_25.6.0.202501151204/tools/bin/../lib/gcc/arm-none-eabi/14.2.1/../../../../arm-none-eabi/lib/thumb/v8-m.main/nofp\libcr_c.a(alloc.o)
 .debug_abbrev  0x00003e08       0x44 C:/nxp/MCUXpressoIDE_25.6.136/ide/plugins/com.nxp.mcuxpresso.tools.win32_25.6.0.202501151204/tools/bin/../lib/gcc/arm-none-eabi/14.2.1/../../../../arm-none-eabi/lib/thumb/v8-m.main/nofp\libcr_c.a(errno.o)
 .debug_abbrev  0x00003e4c      0x169 C:/nxp/MCUXpressoIDE_25.6.136/ide/plugins/com.nxp.mcuxpresso.tools.win32_25.6.0.202501151204/tools/bin/../lib/gcc/arm-none-eabi/14.2.1/../../../../arm-none-eabi/lib/thumb/v8-m.main/nofp\libcr_c.a(initio.o)
 .debug_abbrev  0x00003fb5       0xe1 C:/nxp/MCUXpressoIDE_25.6.136/ide/plugins/com.nxp.mcuxpresso.tools.win32_25.6.0.202501151204/tools/bin/../lib/gcc/arm-none-eabi/14.2.1/../../../../arm-none-eabi/lib/thumb/v8-m.main/nofp\libcr_c.a(setvbuf.o)
 .debug_abbrev  0x00004096       0xa7 C:/nxp/MCUXpressoIDE_25.6.136/ide/plugins/com.nxp.mcuxpresso.tools.win32_25.6.0.202501151204/tools/bin/../lib/gcc/arm-none-eabi/14.2.1/../../../../arm-none-eabi/lib/thumb/v8-m.main/nofp\libcr_c.a(strlen.o)
 .debug_abbrev  0x0000413d      0x18e C:/nxp/MCUXpressoIDE_25.6.136/ide/plugins/com.nxp.mcuxpresso.tools.win32_25.6.0.202501151204/tools/bin/../lib/gcc/arm-none-eabi/14.2.1/../../../../arm-none-eabi/lib/thumb/v8-m.main/nofp\libcr_c.a(_deferredlazyseek.o)
 .debug_abbrev  0x000042cb      0x119 C:/nxp/MCUXpressoIDE_25.6.136/ide/plugins/com.nxp.mcuxpresso.tools.win32_25.6.0.202501151204/tools/bin/../lib/gcc/arm-none-eabi/14.2.1/../../../../arm-none-eabi/lib/thumb/v8-m.main/nofp\libcr_c.a(_fdopen.o)
 .debug_abbrev  0x000043e4       0xf1 C:/nxp/MCUXpressoIDE_25.6.136/ide/plugins/com.nxp.mcuxpresso.tools.win32_25.6.0.202501151204/tools/bin/../lib/gcc/arm-none-eabi/14.2.1/../../../../arm-none-eabi/lib/thumb/v8-m.main/nofp\libcr_c.a(_fflush.o)
 .debug_abbrev  0x000044d5      0x126 C:/nxp/MCUXpressoIDE_25.6.136/ide/plugins/com.nxp.mcuxpresso.tools.win32_25.6.0.202501151204/tools/bin/../lib/gcc/arm-none-eabi/14.2.1/../../../../arm-none-eabi/lib/thumb/v8-m.main/nofp\libcr_c.a(_writebuf.o)
 .debug_abbrev  0x000045fb      0x158 C:/nxp/MCUXpressoIDE_25.6.136/ide/plugins/com.nxp.mcuxpresso.tools.win32_25.6.0.202501151204/tools/bin/../lib/gcc/arm-none-eabi/14.2.1/../../../../arm-none-eabi/lib/thumb/v8-m.main/nofp\libcr_c.a(fclose.o)
 .debug_abbrev  0x00004753      0x125 C:/nxp/MCUXpressoIDE_25.6.136/ide/plugins/com.nxp.mcuxpresso.tools.win32_25.6.0.202501151204/tools/bin/../lib/gcc/arm-none-eabi/14.2.1/../../../../arm-none-eabi/lib/thumb/v8-m.main/nofp\libcr_c.a(fflush.o)
 .debug_abbrev  0x00004878      0x11b C:/nxp/MCUXpressoIDE_25.6.136/ide/plugins/com.nxp.mcuxpresso.tools.win32_25.6.0.202501151204/tools/bin/../lib/gcc/arm-none-eabi/14.2.1/../../../../arm-none-eabi/lib/thumb/v8-m.main/nofp\libcr_c.a(fseek.o)
 .debug_abbrev  0x00004993       0xc2 C:/nxp/MCUXpressoIDE_25.6.136/ide/plugins/com.nxp.mcuxpresso.tools.win32_25.6.0.202501151204/tools/bin/../lib/gcc/arm-none-eabi/14.2.1/../../../../arm-none-eabi/lib/thumb/v8-m.main/nofp\libcr_c.a(ftell.o)
 .debug_abbrev  0x00004a55       0xfb C:/nxp/MCUXpressoIDE_25.6.136/ide/plugins/com.nxp.mcuxpresso.tools.win32_25.6.0.202501151204/tools/bin/../lib/gcc/arm-none-eabi/14.2.1/../../../../arm-none-eabi/lib/thumb/v8-m.main/nofp\libcr_c.a(remove.o)
 .debug_abbrev  0x00004b50      0x12c C:/nxp/MCUXpressoIDE_25.6.136/ide/plugins/com.nxp.mcuxpresso.tools.win32_25.6.0.202501151204/tools/bin/../lib/gcc/arm-none-eabi/14.2.1/../../../../arm-none-eabi/lib/thumb/v8-m.main/nofp\libcr_c.a(_do_fflush.o)
 .debug_abbrev  0x00004c7c      0x35f C:/nxp/MCUXpressoIDE_25.6.136/ide/plugins/com.nxp.mcuxpresso.tools.win32_25.6.0.202501151204/tools/bin/../lib/gcc/arm-none-eabi/14.2.1/thumb/v8-m.main/nofp\libcr_eabihelpers.a(float.o)
 .debug_abbrev  0x00004fdb       0xb5 C:/nxp/MCUXpressoIDE_25.6.136/ide/plugins/com.nxp.mcuxpresso.tools.win32_25.6.0.202501151204/tools/bin/../lib/gcc/arm-none-eabi/14.2.1/../../../../arm-none-eabi/lib/thumb/v8-m.main/nofp\libcr_nohost_nf.a(__ciob.o)
 .debug_abbrev  0x00005090       0x5c C:/nxp/MCUXpressoIDE_25.6.136/ide/plugins/com.nxp.mcuxpresso.tools.win32_25.6.0.202501151204/tools/bin/../lib/gcc/arm-none-eabi/14.2.1/../../../../arm-none-eabi/lib/thumb/v8-m.main/nofp\libcr_nohost_nf.a(__sys_close.o)
 .debug_abbrev  0x000050ec       0x5c C:/nxp/MCUXpressoIDE_25.6.136/ide/plugins/com.nxp.mcuxpresso.tools.win32_25.6.0.202501151204/tools/bin/../lib/gcc/arm-none-eabi/14.2.1/../../../../arm-none-eabi/lib/thumb/v8-m.main/nofp\libcr_nohost_nf.a(__sys_flen.o)
 .debug_abbrev  0x00005148       0x5c C:/nxp/MCUXpressoIDE_25.6.136/ide/plugins/com.nxp.mcuxpresso.tools.win32_25.6.0.202501151204/tools/bin/../lib/gcc/arm-none-eabi/14.2.1/../../../../arm-none-eabi/lib/thumb/v8-m.main/nofp\libcr_nohost_nf.a(__sys_istty.o)
 .debug_abbrev  0x000051a4       0x7d C:/nxp/MCUXpressoIDE_25.6.136/ide/plugins/com.nxp.mcuxpresso.tools.win32_25.6.0.202501151204/tools/bin/../lib/gcc/arm-none-eabi/14.2.1/../../../../arm-none-eabi/lib/thumb/v8-m.main/nofp\libcr_nohost_nf.a(__sys_remove.o)
 .debug_abbrev  0x00005221       0x6d C:/nxp/MCUXpressoIDE_25.6.136/ide/plugins/com.nxp.mcuxpresso.tools.win32_25.6.0.202501151204/tools/bin/../lib/gcc/arm-none-eabi/14.2.1/../../../../arm-none-eabi/lib/thumb/v8-m.main/nofp\libcr_nohost_nf.a(__sys_seek.o)
 .debug_abbrev  0x0000528e       0x76 C:/nxp/MCUXpressoIDE_25.6.136/ide/plugins/com.nxp.mcuxpresso.tools.win32_25.6.0.202501151204/tools/bin/../lib/gcc/arm-none-eabi/14.2.1/../../../../arm-none-eabi/lib/thumb/v8-m.main/nofp\libcr_nohost_nf.a(__sys_tmpnam.o)
 .debug_abbrev  0x00005304       0x76 C:/nxp/MCUXpressoIDE_25.6.136/ide/plugins/com.nxp.mcuxpresso.tools.win32_25.6.0.202501151204/tools/bin/../lib/gcc/arm-none-eabi/14.2.1/../../../../arm-none-eabi/lib/thumb/v8-m.main/nofp\libcr_nohost_nf.a(__sys_write.o)

.debug_aranges  0x00000000     0x1690
 .debug_aranges
                0x00000000       0xe8 ./utilities/str/fsl_str.o
 .debug_aranges
                0x000000e8       0xa8 ./utilities/debug_console/fsl_debug_console.o
 .debug_aranges
                0x00000190       0x28 ./utilities/fsl_assert.o
 .debug_aranges
                0x000001b8      0x2e0 ./startup/startup_mcxa153.o
 .debug_aranges
                0x00000498       0x30 ./source/MCXA153_Project3.o
 .debug_aranges
                0x000004c8       0x28 ./source/boot_anim.o
 .debug_aranges
                0x000004f0       0x78 ./source/buzzer.o
 .debug_aranges
                0x00000568       0xb8 ./source/display.o
 .debug_aranges
                0x00000620       0x98 ./source/gfx.o
 .debug_aranges
                0x000006b8       0x50 ./source/keypad.o
 .debug_aranges
                0x00000708       0x20 ./source/semihost_hardfault.o
 .debug_aranges
                0x00000728      0x160 ./drivers/fsl_clock.o
 .debug_aranges
                0x00000888       0x38 ./drivers/fsl_common_arm.o
 .debug_aranges
                0x000008c0       0xd0 ./drivers/fsl_ctimer.o
 .debug_aranges
                0x00000990      0x220 ./drivers/fsl_edma.o
 .debug_aranges
                0x00000bb0       0x38 ./drivers/fsl_edma_soc.o
 .debug_aranges
                0x00000be8       0x80 ./drivers/fsl_gpio.o
 .debug_aranges
                0x00000c68      0x1f0 ./drivers/fsl_lpspi.o
 .debug_aranges
                0x00000e58      0x1a8 ./drivers/fsl_lpuart.o
 .debug_aranges
                0x00001000       0x30 ./drivers/fsl_reset.o
 .debug_aranges
                0x00001030       0x30 ./device/system_MCXA153.o
 .debug_aranges
                0x00001060       0x58 ./component/uart/fsl_adapter_lpuart.o
 .debug_aranges
                0x000010b8       0xa0 ./component/serial_manager/fsl_component_serial_manager.o
 .debug_aranges
                0x00001158       0x48 ./component/serial_manager/fsl_component_serial_port_uart.o
 .debug_aranges
                0x000011a0       0x20 ./board/board.o
 .debug_aranges
                0x000011c0       0x48 ./board/clock_config.o
 .debug_aranges
                0x00001208       0x40 ./board/pin_mux.o
 .debug_aranges
                0x00001248       0x20 C:/nxp/MCUXpressoIDE_25.6.136/ide/plugins/com.nxp.mcuxpresso.tools.win32_25.6.0.202501151204/tools/bin/../lib/gcc/arm-none-eabi/14.2.1/../../../../arm-none-eabi/lib/thumb/v8-m.main/nofp\libcr_nohost_nf.a(_cr__main.o)
 .debug_aranges
                0x00001268       0x20 C:/nxp/MCUXpressoIDE_25.6.136/ide/plugins/com.nxp.mcuxpresso.tools.win32_25.6.0.202501151204/tools/bin/../lib/gcc/arm-none-eabi/14.2.1/../../../../arm-none-eabi/lib/thumb/v8-m.main/nofp\libcr_c.a(memcpy.o)
 .debug_aranges
                0x00001288       0x20 C:/nxp/MCUXpressoIDE_25.6.136/ide/plugins/com.nxp.mcuxpresso.tools.win32_25.6.0.202501151204/tools/bin/../lib/gcc/arm-none-eabi/14.2.1/../../../../arm-none-eabi/lib/thumb/v8-m.main/nofp\libcr_c.a(memset.o)
 .debug_aranges
                0x000012a8       0x40 C:/nxp/MCUXpressoIDE_25.6.136/ide/plugins/com.nxp.mcuxpresso.tools.win32_25.6.0.202501151204/tools/bin/../lib/gcc/arm-none-eabi/14.2.1/../../../../arm-none-eabi/lib/thumb/v8-m.main/nofp\libcr_c.a(alloc.o)
 .debug_aranges
                0x000012e8       0x18 C:/nxp/MCUXpressoIDE_25.6.136/ide/plugins/com.nxp.mcuxpresso.tools.win32_25.6.0.202501151204/tools/bin/../lib/gcc/arm-none-eabi/14.2.1/../../../../arm-none-eabi/lib/thumb/v8-m.main/nofp\libcr_c.a(errno.o)
 .debug_aranges
                0x00001300       0x28 C:/nxp/MCUXpressoIDE_25.6.136/ide/plugins/com.nxp.mcuxpresso.tools.win32_25.6.0.202501151204/tools/bin/../lib/gcc/arm-none-eabi/14.2.1/../../../../arm-none-eabi/lib/thumb/v8-m.main/nofp\libcr_c.a(initio.o)
 .debug_aranges
                0x00001328       0x20 C:/nxp/MCUXpressoIDE_25.6.136/ide/plugins/com.nxp.mcuxpresso.tools.win32_25.6.0.202501151204/tools/bin/../lib/gcc/arm-none-eabi/14.2.1/../../../../arm-none-eabi/lib/thumb/v8-m.main/nofp\libcr_c.a(setvbuf.o)
 .debug_aranges
                0x00001348       0x20 C:/nxp/MCUXpressoIDE_25.6.136/ide/plugins/com.nxp.mcuxpresso.tools.win32_25.6.0.202501151204/tools/bin/../lib/gcc/arm-none-eabi/14.2.1/../../../../arm-none-eabi/lib/thumb/v8-m.main/nofp\libcr_c.a(strlen.o)
 .debug_aranges
                0x00001368       0x28 C:/nxp/MCUXpressoIDE_25.6.136/ide/plugins/com.nxp.mcuxpresso.tools.win32_25.6.0.202501151204/tools/bin/../lib/gcc/arm-none-eabi/14.2.1/../../../../arm-none-eabi/lib/thumb/v8-m.main/nofp\libcr_c.a(_deferredlazyseek.o)
 .debug_aranges
                0x00001390       0x20 C:/nxp/MCUXpressoIDE_25.6.136/ide/plugins/com.nxp.mcuxpresso.tools.win32_25.6.0.202501151204/tools/bin/../lib/gcc/arm-none-eabi/14.2.1/../../../../arm-none-eabi/lib/thumb/v8-m.main/nofp\libcr_c.a(_fdopen.o)
 .debug_aranges
                0x000013b0       0x20 C:/nxp/MCUXpressoIDE_25.6.136/ide/plugins/com.nxp.mcuxpresso.tools.win32_25.6.0.202501151204/tools/bin/../lib/gcc/arm-none-eabi/14.2.1/../../../../arm-none-eabi/lib/thumb/v8-m.main/nofp\libcr_c.a(_fflush.o)
 .debug_aranges
                0x000013d0       0x20 C:/nxp/MCUXpressoIDE_25.6.136/ide/plugins/com.nxp.mcuxpresso.tools.win32_25.6.0.202501151204/tools/bin/../lib/gcc/arm-none-eabi/14.2.1/../../../../arm-none-eabi/lib/thumb/v8-m.main/nofp\libcr_c.a(_writebuf.o)
 .debug_aranges
                0x000013f0       0x20 C:/nxp/MCUXpressoIDE_25.6.136/ide/plugins/com.nxp.mcuxpresso.tools.win32_25.6.0.202501151204/tools/bin/../lib/gcc/arm-none-eabi/14.2.1/../../../../arm-none-eabi/lib/thumb/v8-m.main/nofp\libcr_c.a(fclose.o)
 .debug_aranges
                0x00001410       0x20 C:/nxp/MCUXpressoIDE_25.6.136/ide/plugins/com.nxp.mcuxpresso.tools.win32_25.6.0.202501151204/tools/bin/../lib/gcc/arm-none-eabi/14.2.1/../../../../arm-none-eabi/lib/thumb/v8-m.main/nofp\libcr_c.a(fflush.o)
 .debug_aranges
                0x00001430       0x20 C:/nxp/MCUXpressoIDE_25.6.136/ide/plugins/com.nxp.mcuxpresso.tools.win32_25.6.0.202501151204/tools/bin/../lib/gcc/arm-none-eabi/14.2.1/../../../../arm-none-eabi/lib/thumb/v8-m.main/nofp\libcr_c.a(fseek.o)
 .debug_aranges
                0x00001450       0x20 C:/nxp/MCUXpressoIDE_25.6.136/ide/plugins/com.nxp.mcuxpresso.tools.win32_25.6.0.202501151204/tools/bin/../lib/gcc/arm-none-eabi/14.2.1/../../../../arm-none-eabi/lib/thumb/v8-m.main/nofp\libcr_c.a(ftell.o)
 .debug_aranges
                0x00001470       0x28 C:/nxp/MCUXpressoIDE_25.6.136/ide/plugins/com.nxp.mcuxpresso.tools.win32_25.6.0.202501151204/tools/bin/../lib/gcc/arm-none-eabi/14.2.1/../../../../arm-none-eabi/lib/thumb/v8-m.main/nofp\libcr_c.a(remove.o)
 .debug_aranges
                0x00001498       0x20 C:/nxp/MCUXpressoIDE_25.6.136/ide/plugins/com.nxp.mcuxpresso.tools.win32_25.6.0.202501151204/tools/bin/../lib/gcc/arm-none-eabi/14.2.1/../../../../arm-none-eabi/lib/thumb/v8-m.main/nofp\libcr_c.a(_do_fflush.o)
 .debug_aranges
                0x000014b8       0xe0 C:/nxp/MCUXpressoIDE_25.6.136/ide/plugins/com.nxp.mcuxpresso.tools.win32_25.6.0.202501151204/tools/bin/../lib/gcc/arm-none-eabi/14.2.1/thumb/v8-m.main/nofp\libcr_eabihelpers.a(float.o)
 .debug_aranges