Archive member included to satisfy reference by file (symbol)

C:/nxp/MCUXpressoIDE_25.6.136/ide/plugins/com.nxp.mcuxpresso.tools.win32_25.6.0.202501151204/tools/bin/../lib/gcc/arm-none-eabi/14.2.1/../../../../arm-none-eabi/lib/thumb/v8-m.main/nofp\libcr_nohost_nf.a(_cr__main.o)
                              ./startup/startup_mcxa153.o (__main)
C:/nxp/MCUXpressoIDE_25.6.136/ide/plugins/com.nxp.mcuxpresso.tools.win32_25.6.0.202501151204/tools/bin/../lib/gcc/arm-none-eabi/14.2.1/../../../../arm-none-eabi/lib/thumb/v8-m.main/nofp\libcr_c.a(memcpy.o)
                              ./utilities/str/fsl_str.o (memcpy)
C:/nxp/MCUXpressoIDE_25.6.136/ide/plugins/com.nxp.mcuxpresso.tools.win32_25.6.0.202501151204/tools/bin/../lib/gcc/arm-none-eabi/14.2.1/../../../../arm-none-eabi/lib/thumb/v8-m.main/nofp\libcr_c.a(memset.o)
                              ./utilities/debug_console/fsl_debug_console.o (memset)
C:/nxp/MCUXpressoIDE_25.6.136/ide/plugins/com.nxp.mcuxpresso.tools.win32_25.6.0.202501151204/tools/bin/../lib/gcc/arm-none-eabi/14.2.1/../../../../arm-none-eabi/lib/thumb/v8-m.main/nofp\libcr_c.a(alloc.o)
                              ./drivers/fsl_common.o (malloc)
C:/nxp/MCUXpressoIDE_25.6.136/ide/plugins/com.nxp.mcuxpresso.tools.win32_25.6.0.202501151204/tools/bin/../lib/gcc/arm-none-eabi/14.2.1/../../../../arm-none-eabi/lib/thumb/v8-m.main/nofp\libcr_c.a(errno.o)
                              ./utilities/str/fsl_str.o (errno)
C:/nxp/MCUXpressoIDE_25.6.136/ide/plugins/com.nxp.mcuxpresso.tools.win32_25.6.0.202501151204/tools/bin/../lib/gcc/arm-none-eabi/14.2.1/../../../../arm-none-eabi/lib/thumb/v8-m.main/nofp\libcr_c.a(initio.o)
                              C:/nxp/MCUXpressoIDE_25.6.136/ide/plugins/com.nxp.mcuxpresso.tools.win32_25.6.0.202501151204/tools/bin/../lib/gcc/arm-none-eabi/14.2.1/../../../../arm-none-eabi/lib/thumb/v8-m.main/nofp\libcr_nohost_nf.a(_cr__main.o) (_initio)
C:/nxp/MCUXpressoIDE_25.6.136/ide/plugins/com.nxp.mcuxpresso.tools.win32_25.6.0.202501151204/tools/bin/../lib/gcc/arm-none-eabi/14.2.1/../../../../arm-none-eabi/lib/thumb/v8-m.main/nofp\libcr_c.a(printf.o)
                              ./source/game.o (_snprintf)
C:/nxp/MCUXpressoIDE_25.6.136/ide/plugins/com.nxp.mcuxpresso.tools.win32_25.6.0.202501151204/tools/bin/../lib/gcc/arm-none-eabi/14.2.1/../../../../arm-none-eabi/lib/thumb/v8-m.main/nofp\libcr_c.a(scanf.o)
                              ./utilities/str/fsl_str.o (strtoul)
C:/nxp/MCUXpressoIDE_25.6.136/ide/plugins/com.nxp.mcuxpresso.tools.win32_25.6.0.202501151204/tools/bin/../lib/gcc/arm-none-eabi/14.2.1/../../../../arm-none-eabi/lib/thumb/v8-m.main/nofp\libcr_c.a(setvbuf.o)
                              C:/nxp/MCUXpressoIDE_25.6.136/ide/plugins/com.nxp.mcuxpresso.tools.win32_25.6.0.202501151204/tools/bin/../lib/gcc/arm-none-eabi/14.2.1/../../../../arm-none-eabi/lib/thumb/v8-m.main/nofp\libcr_c.a(initio.o) (setvbuf)
C:/nxp/MCUXpressoIDE_25.6.136/ide/plugins/com.nxp.mcuxpresso.tools.win32_25.6.0.202501151204/tools/bin/../lib/gcc/arm-none-eabi/14.2.1/../../../../arm-none-eabi/lib/thumb/v8-m.main/nofp\libcr_c.a(stdlib.o)
                              ./source/tetris/src/tetris.o (rand)
C:/nxp/MCUXpressoIDE_25.6.136/ide/plugins/com.nxp.mcuxpresso.tools.win32_25.6.0.202501151204/tools/bin/../lib/gcc/arm-none-eabi/14.2.1/../../../../arm-none-eabi/lib/thumb/v8-m.main/nofp\libcr_c.a(strlen.o)
                              ./utilities/str/fsl_str.o (strlen)
C:/nxp/MCUXpressoIDE_25.6.136/ide/plugins/com.nxp.mcuxpresso.tools.win32_25.6.0.202501151204/tools/bin/../lib/gcc/arm-none-eabi/14.2.1/../../../../arm-none-eabi/lib/thumb/v8-m.main/nofp\libcr_c.a(ungetc.o)
                              C:/nxp/MCUXpressoIDE_25.6.136/ide/plugins/com.nxp.mcuxpresso.tools.win32_25.6.0.202501151204/tools/bin/../lib/gcc/arm-none-eabi/14.2.1/../../../../arm-none-eabi/lib/thumb/v8-m.main/nofp\libcr_c.a(scanf.o) (ungetc)
C:/nxp/MCUXpressoIDE_25.6.136/ide/plugins/com.nxp.mcuxpresso.tools.win32_25.6.0.202501151204/tools/bin/../lib/gcc/arm-none-eabi/14.2.1/../../../../arm-none-eabi/lib/thumb/v8-m.main/nofp\libcr_c.a(__fillbuf.o)
                              C:/nxp/MCUXpressoIDE_25.6.136/ide/plugins/com.nxp.mcuxpresso.tools.win32_25.6.0.202501151204/tools/bin/../lib/gcc/arm-none-eabi/14.2.1/../../../../arm-none-eabi/lib/thumb/v8-m.main/nofp\libcr_c.a(scanf.o) (__filbuf)
C:/nxp/MCUXpressoIDE_25.6.136/ide/plugins/com.nxp.mcuxpresso.tools.win32_25.6.0.202501151204/tools/bin/../lib/gcc/arm-none-eabi/14.2.1/../../../../arm-none-eabi/lib/thumb/v8-m.main/nofp\libcr_c.a(__init_alloc.o)
                              C:/nxp/MCUXpressoIDE_25.6.136/ide/plugins/com.nxp.mcuxpresso.tools.win32_25.6.0.202501151204/tools/bin/../lib/gcc/arm-none-eabi/14.2.1/../../../../arm-none-eabi/lib/thumb/v8-m.main/nofp\libcr_c.a(alloc.o) (__heaps)
[...]
Memory Configuration

Name             Origin             Length             Attributes
PROGRAM_FLASH    0x00000000         0x00020000         xr
SRAM             0x20000000         0x00006000         xrw
SRAMX0           0x04000000         0x00002000         xrw
SRAMX1           0x04002000         0x00001000         xrw
*default*        0x00000000         0xffffffff

Linker script and memory map

LOAD ./utilities/str/fsl_str.o
LOAD ./utilities/debug_console/fsl_debug_console.o
LOAD ./utilities/fsl_assert.o
LOAD ./startup/startup_mcxa153.o
LOAD ./source/tetris/src/tetris.o
LOAD ./source/tetris/src/tetronimo.o
LOAD ./source/MCXA153_Project3.o
LOAD ./source/boot_anim.o
LOAD ./source/buzzer.o
LOAD ./source/display.o
LOAD ./source/game.o
LOAD ./source/gfx.o
LOAD ./source/keypad.o
LOAD ./source/semihost_hardfault.o
LOAD ./drivers/fsl_clock.o
LOAD ./drivers/fsl_common.o
LOAD ./drivers/fsl_common_arm.o
LOAD ./drivers/fsl_ctimer.o
LOAD ./drivers/fsl_edma.o
LOAD ./drivers/fsl_edma_soc.o
LOAD ./drivers/fsl_gpio.o
LOAD ./drivers/fsl_lpspi.o
LOAD ./drivers/fsl_lpspi_edma.o
LOAD ./drivers/fsl_lpuart.o
LOAD ./drivers/fsl_reset.o
LOAD ./drivers/fsl_spc.o
LOAD ./device/system_MCXA153.o
LOAD ./component/uart/fsl_adapter_lpuart.o
LOAD ./component/serial_manager/fsl_component_serial_manager.o
LOAD ./component/serial_manager/fsl_component_serial_port_uart.o
LOAD ./component/lists/fsl_component_generic_list.o
LOAD ./board/board.o
LOAD ./board/clock_config.o
LOAD ./board/peripherals.o
LOAD ./board/pin_mux.o
START GROUP
LOAD C:/nxp/MCUXpressoIDE_25.6.136/ide/plugins/com.nxp.mcuxpresso.tools.win32_25.6.0.202501151204/tools/bin/../lib/gcc/arm-none-eabi/14.2.1/../../../../arm-none-eabi/lib/thumb/v8-m.main/nofp\libcr_nohost_nf.a
LOAD C:/nxp/MCUXpressoIDE_25.6.136/ide/plugins/com.nxp.mcuxpresso.tools.win32_25.6.0.202501151204/tools/bin/../lib/gcc/arm-none-eabi/14.2.1/../../../../arm-none-eabi/lib/thumb/v8-m.main/nofp\libcr_c.a
LOAD C:/nxp/MCUXpressoIDE_25.6.136/ide/plugins/com.nxp.mcuxpresso.tools.win32_25.6.0.202501151204/tools/bin/../lib/gcc/arm-none-eabi/14.2.1/thumb/v8-m.main/nofp\libcr_eabihelpers.a
LOAD C:/nxp/MCUXpressoIDE_25.6.136/ide/plugins/com.nxp.mcuxpresso.tools.win32_25.6.0.202501151204/tools/bin/../lib/gcc/arm-none-eabi/14.2.1/thumb/v8-m.main/nofp\libgcc.a
END GROUP
                0x00000000                        __base_PROGRAM_FLASH = 0x0
                0x00000000                        __base_Flash = 0x0
                0x00020000                        __top_PROGRAM_FLASH = 0x20000
                0x00020000                        __top_Flash = 0x20000
                0x20000000                        __base_SRAM = 0x20000000
                0x20000000                        __base_RAM = 0x20000000
                0x20006000                        __top_SRAM = 0x20006000
                0x20006000                        __top_RAM = 0x20006000
                0x04000000                        __base_SRAMX0 = 0x4000000
                0x04000000                        __base_RAM2 = 0x4000000
                0x04002000                        __top_SRAMX0 = 0x4002000
                0x04002000                        __top_RAM2 = 0x4002000
                0x04002000                        __base_SRAMX1 = 0x4002000
                0x04002000                        __base_RAM3 = 0x4002000
                0x04003000                        __top_SRAMX1 = 0x4003000
                0x04003000                        __top_RAM3 = 0x4003000

.text           0x00000000     0x5fbc
 FILL mask 0xff
                0x00000000                        __vectors_start__ = ABSOLUTE (.)
 *(SORT_BY_ALIGNMENT(.isr_vector))
 .isr_vector    0x00000000      0x16c ./startup/startup_mcxa153.o
                0x00000000                g_pfnVectors
                0x00000000                __Vectors
                0x0000016c                        . = ALIGN (0x4)
                0x0000016c                        __section_table_start = .
                0x0000016c                        __data_section_table = .
                0x0000016c        0x4 LONG 0x5fbc LOADADDR (.data)
                0x00000170        0x4 LONG 0x20000000 ADDR (.data)
                0x00000174        0x4 LONG 0xdc SIZEOF (.data)
                0x00000178        0x4 LONG 0x5fbc LOADADDR (.data_RAM2)
                0x0000017c        0x4 LONG 0x4000000 ADDR (.data_RAM2)
                0x00000180        0x4 LONG 0x0 SIZEOF (.data_RAM2)
                0x00000184        0x4 LONG 0x5fbc LOADADDR (.data_RAM3)
                0x00000188        0x4 LONG 0x4002000 ADDR (.data_RAM3)
                0x0000018c        0x4 LONG 0x0 SIZEOF (.data_RAM3)
                0x00000190                        __data_section_table_end = .
                0x00000190                        __bss_section_table = .
                0x00000190        0x4 LONG 0x200000dc ADDR (.bss)
                0x00000194        0x4 LONG 0x2c08 SIZEOF (.bss)
                0x00000198        0x4 LONG 0x4000000 ADDR (.bss_RAM2)
                0x0000019c        0x4 LONG 0x0 SIZEOF (.bss_RAM2)
                0x000001a0        0x4 LONG 0x4002000 ADDR (.bss_RAM3)
                0x000001a4        0x4 LONG 0x0 SIZEOF (.bss_RAM3)
                0x000001a8                        __bss_section_table_end = .
                0x000001a8                        __section_table_end = .
 *(SORT_BY_ALIGNMENT(.after_vectors*))
 .after_vectors.reset
                0x000001a8       0x68 ./startup/startup_mcxa153.o
                0x000001a8                ResetISR
 .after_vectors.init_data
                0x00000210       0x1c ./startup/startup_mcxa153.o
                0x00000210                data_init
 .after_vectors.init_bss
                0x0000022c       0x12 ./startup/startup_mcxa153.o
                0x0000022c                bss_init
 .after_vectors
                0x0000023e       0x16 ./startup/startup_mcxa153.o
                0x0000023e                NMI_Handler
                0x00000242                MemManage_Handler
                0x00000244                BusFault_Handler
                0x00000246                UsageFault_Handler
                0x00000248                SecureFault_Handler
                0x0000024a                SVC_Handler
                0x0000024c                DebugMon_Handler
                0x0000024e                PendSV_Handler
                0x00000252                LPTMR0_DriverIRQHandler
                0x00000252                FLEXPWM0_SUBMODULE1_DriverIRQHandler
                0x00000252                MBC0_DriverIRQHandler
                0x00000252                WAKETIMER0_DriverIRQHandler
                0x00000252                I3C0_DriverIRQHandler
                0x00000252                LPI2C0_DriverIRQHandler
                0x00000252                FLEXPWM0_RELOAD_ERROR_DriverIRQHandler
                0x00000252                QDC0_HOME_DriverIRQHandler
                0x00000252                Reserved82_DriverIRQHandler
                0x00000252                QDC0_WATCHDOG_DriverIRQHandler
                0x00000252                ERM0_MULTI_BIT_DriverIRQHandler
                0x00000252                Reserved36_DriverIRQHandler
                0x00000252                Reserved33_DriverIRQHandler
                0x00000252                CMP1_DriverIRQHandler
                0x00000252                IntDefaultHandler
                0x00000252                USB0_DriverIRQHandler
                0x00000252                QDC0_INDEX_DriverIRQHandler
                0x00000252                Reserved39_DriverIRQHandler
                0x00000252                Reserved41_DriverIRQHandler
                0x00000252                FLEXPWM0_SUBMODULE2_DriverIRQHandler
                0x00000252                WWDT0_DriverIRQHandler
                0x00000252                Reserved84_DriverIRQHandler
                0x00000252                FLEXPWM0_FAULT_DriverIRQHandler
                0x00000252                GPIO0_DriverIRQHandler
                0x00000252                Reserved38_DriverIRQHandler
                0x00000252                FREQME0_DriverIRQHandler
                0x00000252                Reserved22_DriverIRQHandler
                0x00000252                Reserved53_DriverIRQHandler
                0x00000252                Reserved35_DriverIRQHandler
                0x00000252                Reserved79_DriverIRQHandler
                0x00000252                Reserved24_DriverIRQHandler
                0x00000252                QDC0_COMPARE_DriverIRQHandler
                0x00000252                WUU0_DriverIRQHandler
                0x00000252                Reserved83_DriverIRQHandler
                0x00000252                Reserved72_DriverIRQHandler
                0x00000252                Reserved23_DriverIRQHandler
                0x00000252                Reserved65_DriverIRQHandler
                0x00000252                ERM0_SINGLE_BIT_DriverIRQHandler
                0x00000252                CMC_DriverIRQHandler
                0x00000252                Reserved51_DriverIRQHandler
                0x00000252                Reserved25_DriverIRQHandler
                0x00000252                UTICK0_DriverIRQHandler
                0x00000252                FMU0_DriverIRQHandler
                0x00000252                Reserved77_DriverIRQHandler
                0x00000252                Reserved16_DriverIRQHandler
                0x00000252                GPIO2_DriverIRQHandler
                0x00000252                Reserved85_DriverIRQHandler
                0x00000252                ADC0_DriverIRQHandler
                0x00000252                CMP0_DriverIRQHandler
                0x00000252                CDOG0_DriverIRQHandler
                0x00000252                Reserved59_DriverIRQHandler
                0x00000252                Reserved58_DriverIRQHandler
                0x00000252                SPC0_DriverIRQHandler
                0x00000252                GLIKEY0_DriverIRQHandler
                0x00000252                Reserved43_DriverIRQHandler
                0x00000252                Reserved46_DriverIRQHandler
                0x00000252                Reserved37_DriverIRQHandler
                0x00000252                Reserved86_DriverIRQHandler
                0x00000252                GPIO1_DriverIRQHandler
                0x00000252                FLEXPWM0_SUBMODULE0_DriverIRQHandler
                0x00000252                Reserved50_DriverIRQHandler
                0x00000252                OS_EVENT_DriverIRQHandler
                0x00000252                SCG0_DriverIRQHandler
                0x00000252                GPIO3_DriverIRQHandler
 *(SORT_BY_ALIGNMENT(.text*))
 *fill*         0x00000254        0x4 ff
 .text.LPSPI_MasterSetDelayTimes
                0x00000258      0x298 ./drivers/fsl_lpspi.o
                0x00000258                LPSPI_MasterSetDelayTimes
 .text.DbgConsole_SendDataReliable
                0x000004f0       0x54 ./utilities/debug_console/fsl_debug_console.o
                0x000004f0                DbgConsole_SendDataReliable
 .text.DbgConsole_Init
                0x00000544      0x138 ./utilities/debug_console/fsl_debug_console.o
                0x00000544                DbgConsole_Init
 .text.DbgConsole_Vprintf
                0x0000067c       0x68 ./utilities/debug_console/fsl_debug_console.o
                0x0000067c                DbgConsole_Vprintf
 .text.__assertion_failed
                0x000006e4       0x3c ./utilities/fsl_assert.o
                0x000006e4                __assertion_failed
 .text.tetronimo_spawn
                0x00000720       0x54 ./source/tetris/src/tetris.o
 .text.board_init
                0x00000774       0x50 ./source/tetris/src/tetris.o
 .text.SysTick_Handler
                0x000007c4       0x18 ./source/MCXA153_Project3.o
                0x000007c4                SysTick_Handler
 .text.play_tetris_tune
                0x000007dc       0x64 ./source/MCXA153_Project3.o
                0x000007dc                play_tetris_tune
 .text.CLOCK_EnableClock
                0x00000840       0x88 ./source/buzzer.o
 .text.delay_ms
                0x000008c8       0x2c ./source/buzzer.o
 .text.buzzer_toggle_cb
                0x000008f4       0x20 ./source/buzzer.o
 .text.buzzer_init
                0x00000914       0x5c ./source/buzzer.o
                0x00000914                buzzer_init
 .text.buzzer_silent
                0x00000970       0x40 ./source/buzzer.o
                0x00000970                buzzer_silent
 .text.CLOCK_EnableClock
                0x000009b0       0x88 ./source/display.o
 .text.spi_write_buf
                0x00000a38       0x40 ./source/display.o
 .text.write_cmd
                0x00000a78       0x40 ./source/display.o
 .text.write_data
                0x00000ab8       0x40 ./source/display.o
 .text.write_data_buf
                0x00000af8       0x40 ./source/display.o
 .text.gpio_init
                0x00000b38       0x58 ./source/display.o
 .text.spi_init
                0x00000b90       0x68 ./source/display.o
 .text.st7735_init_seq
                0x00000bf8      0x140 ./source/display.o
 .text.Display_BlitRect
                0x00000d38      0x10c ./source/display.o
                0x00000d38                Display_BlitRect
 .text.GFX_Init
                0x00000e44       0x18 ./source/gfx.o
                0x00000e44                GFX_Init
 .text.GFX_Clear
                0x00000e5c       0x3c ./source/gfx.o
                0x00000e5c                GFX_Clear
 .text.GFX_Flush
                0x00000e98       0x94 ./source/gfx.o
                0x00000e98                GFX_Flush
 .text.KEYPAD_Scan
                0x00000f2c      0x208 ./source/keypad.o
                0x00000f2c                KEYPAD_Scan
 .text.CLOCK_SetClockSelect
                0x00001134       0x94 ./drivers/fsl_clock.o
                0x00001134                CLOCK_SetClockSelect
 .text.CLOCK_SetClockDiv
                0x000011c8       0x7c ./drivers/fsl_clock.o
                0x000011c8                CLOCK_SetClockDiv
 .text.CLOCK_GetFro12MFreq
                0x00001244       0x28 ./drivers/fsl_clock.o
 .text.CLOCK_GetClk1MFreq
                0x0000126c       0x14 ./drivers/fsl_clock.o
 .text.CLOCK_GetFroHfFreq
                0x00001280       0xc0 ./drivers/fsl_clock.o
 .text.CLOCK_GetClk16KFreq
                0x00001340       0x48 ./drivers/fsl_clock.o
 .text.CLOCK_GetExtClkFreq
                0x00001388       0x2c ./drivers/fsl_clock.o
 .text.CLOCK_GetCTimerClkFreq
                0x000013b4       0xd0 ./drivers/fsl_clock.o
                0x000013b4                CLOCK_GetCTimerClkFreq
 .text.CLOCK_GetLpspiClkFreq
                0x00001484       0xbc ./drivers/fsl_clock.o
                0x00001484                CLOCK_GetLpspiClkFreq
 .text.SDK_DelayAtLeastUs
                0x00001540       0x8c ./drivers/fsl_common_arm.o
                0x00001540                SDK_DelayAtLeastUs
 .text.__NVIC_EnableIRQ
                0x000015cc       0x38 ./drivers/fsl_ctimer.o
 .text.CLOCK_EnableClock
                0x00001604       0x88 ./drivers/fsl_ctimer.o
 .text.CTIMER_GetInstance
                0x0000168c       0x54 ./drivers/fsl_ctimer.o
 .text.CTIMER_Init
                0x000016e0       0x80 ./drivers/fsl_ctimer.o
                0x000016e0                CTIMER_Init
 .text.CTIMER_GetDefaultConfig
                0x00001760       0x3c ./drivers/fsl_ctimer.o
                0x00001760                CTIMER_GetDefaultConfig
 .text.CTIMER_SetupMatch
                0x0000179c      0x128 ./drivers/fsl_ctimer.o
                0x0000179c                CTIMER_SetupMatch
 .text.CTIMER_RegisterCallBack
                0x000018c4       0x3c ./drivers/fsl_ctimer.o
                0x000018c4                CTIMER_RegisterCallBack
 .text.CTIMER_GenericIRQHandler
                0x00001900       0xb4 ./drivers/fsl_ctimer.o
 .text.EDMA_HandleIRQ
                0x000019b4      0x1a0 ./drivers/fsl_edma.o
                0x000019b4                EDMA_HandleIRQ
 .text.EDMA_DriverIRQHandler
                0x00001b54       0x48 ./drivers/fsl_edma.o
                0x00001b54                EDMA_DriverIRQHandler
 .text.CLOCK_EnableClock
                0x00001b9c       0x88 ./drivers/fsl_gpio.o
 .text.CLOCK_DisableClock
                0x00001c24       0x98 ./drivers/fsl_gpio.o
 .text.GPIO_GetInstance
                0x00001cbc       0x4c ./drivers/fsl_gpio.o
 .text.GPIO_PortClockEnable
                0x00001d08       0x54 ./drivers/fsl_gpio.o
 .text.GPIO_PinInit
                0x00001d5c       0x6c ./drivers/fsl_gpio.o
                0x00001d5c                GPIO_PinInit
 .text.CLOCK_EnableClock
                0x00001dc8       0x88 ./drivers/fsl_lpspi.o
 .text.LPSPI_GetInstance
                0x00001e50       0x50 ./drivers/fsl_lpspi.o
                0x00001e50                LPSPI_GetInstance
 .text.LPSPI_SetDummyData
                0x00001ea0       0x2c ./drivers/fsl_lpspi.o
                0x00001ea0                LPSPI_SetDummyData
 .text.LPSPI_MasterInit
                0x00001ecc      0x18c ./drivers/fsl_lpspi.o
                0x00001ecc                LPSPI_MasterInit
 .text.LPSPI_MasterGetDefaultConfig
                0x00002058       0xa0 ./drivers/fsl_lpspi.o
                0x00002058                LPSPI_MasterGetDefaultConfig
 .text.LPSPI_MasterSetBaudRate
                0x000020f8      0x100 ./drivers/fsl_lpspi.o
                0x000020f8                LPSPI_MasterSetBaudRate
 .text.LPSPI_MasterSetDelayScaler
                0x000021f8       0xb4 ./drivers/fsl_lpspi.o
                0x000021f8                LPSPI_MasterSetDelayScaler
 .text.LPSPI_CheckTransferArgument
                0x000022ac       0xf4 ./drivers/fsl_lpspi.o
                0x000022ac                LPSPI_CheckTransferArgument
 .text.LPSPI_MasterTransferWriteAllTxData
                0x000023a0      0x208 ./drivers/fsl_lpspi.o
 .text.LPSPI_MasterTransferBlocking
                0x000025a8      0x2b8 ./drivers/fsl_lpspi.o
                0x000025a8                LPSPI_MasterTransferBlocking
 .text.LPSPI_CombineWriteData
                0x00002860      0x1bc ./drivers/fsl_lpspi.o
 .text.LPSPI_SeparateReadData
                0x00002a1c      0x1b0 ./drivers/fsl_lpspi.o
 .text.LPSPI_CommonIRQHandler
                0x00002bcc       0x3c ./drivers/fsl_lpspi.o
 .text.LPSPI0_DriverIRQHandler
                0x00002c08       0x30 ./drivers/fsl_lpspi.o
                0x00002c08                LPSPI0_DriverIRQHandler
 .text.LPSPI1_DriverIRQHandler
                0x00002c38       0x30 ./drivers/fsl_lpspi.o
                0x00002c38                LPSPI1_DriverIRQHandler
 .text.CLOCK_EnableClock
                0x00002c68       0x88 ./drivers/fsl_lpuart.o
 .text.LPUART_GetInstance
                0x00002cf0       0x4c ./drivers/fsl_lpuart.o
                0x00002cf0                LPUART_GetInstance
 .text.LPUART_Init
                0x00002d3c      0x3b8 ./drivers/fsl_lpuart.o
                0x00002d3c                LPUART_Init
 .text.LPUART_GetDefaultConfig
                0x000030f4       0xa0 ./drivers/fsl_lpuart.o
                0x000030f4                LPUART_GetDefaultConfig
 .text.LPUART_WriteBlocking
                0x00003194       0x68 ./drivers/fsl_lpuart.o
                0x00003194                LPUART_WriteBlocking
 .text.LPUART0_DriverIRQHandler
                0x000031fc       0x24 ./drivers/fsl_lpuart.o
                0x000031fc                LPUART0_DriverIRQHandler
 .text.LPUART1_DriverIRQHandler
                0x00003220       0x24 ./drivers/fsl_lpuart.o
                0x00003220                LPUART1_DriverIRQHandler
 .text.LPUART2_DriverIRQHandler
                0x00003244       0x24 ./drivers/fsl_lpuart.o
                0x00003244                LPUART2_DriverIRQHandler
 .text.RESET_SetPeripheralReset
                0x00003268       0xb4 ./drivers/fsl_reset.o
                0x00003268                RESET_SetPeripheralReset
 .text.RESET_ClearPeripheralReset
                0x0000331c       0x98 ./drivers/fsl_reset.o
                0x0000331c                RESET_ClearPeripheralReset
 .text.SystemInit
                0x000033b4      0x140 ./device/system_MCXA153.o
                0x000033b4                SystemInit
 .text.HAL_UartInitCommon
                0x000034f4       0xe0 ./component/uart/fsl_adapter_lpuart.o
 .text.HAL_UartInit
                0x000035d4       0x84 ./component/uart/fsl_adapter_lpuart.o
                0x000035d4                HAL_UartInit
 .text.HAL_UartSendBlocking
                0x00003658       0x64 ./component/uart/fsl_adapter_lpuart.o
                0x00003658                HAL_UartSendBlocking
 .text.BOARD_InitDebugConsole
                0x000036bc       0x30 ./board/board.o
                0x000036bc                BOARD_InitDebugConsole
 .text.CLOCK_EnableClock
                0x000036ec       0x88 ./board/pin_mux.o
 .text.PORT_SetPinConfig
                0x00003774       0x38 ./board/pin_mux.o
 .text.BOARD_InitPins
                0x000037ac      0x29c ./board/pin_mux.o
                0x000037ac                BOARD_InitPins
 .text._initio  0x00003a48       0x78 C:/nxp/MCUXpressoIDE_25.6.136/ide/plugins/com.nxp.mcuxpresso.tools.win32_25.6.0.202501151204/tools/bin/../lib/gcc/arm-none-eabi/14.2.1/../../../../arm-none-eabi/lib/thumb/v8-m.main/nofp\libcr_c.a(initio.o)
                0x00003a48                _initio
 .text._Cwritebuf
                0x00003ac0       0x70 C:/nxp/MCUXpressoIDE_25.6.136/ide/plugins/com.nxp.mcuxpresso.tools.win32_25.6.0.202501151204/tools/bin/../lib/gcc/arm-none-eabi/14.2.1/../../../../arm-none-eabi/lib/thumb/v8-m.main/nofp\libcr_c.a(_writebuf.o)
                0x00003ac0                _Cwritebuf
 .text.fflush   0x00003b30       0x3c C:/nxp/MCUXpressoIDE_25.6.136/ide/plugins/com.nxp.mcuxpresso.tools.win32_25.6.0.202501151204/tools/bin/../lib/gcc/arm-none-eabi/14.2.1/../../../../arm-none-eabi/lib/thumb/v8-m.main/nofp\libcr_c.a(fflush.o)
                0x00003b30                fflush
 .text.fseek    0x00003b6c       0xf8 C:/nxp/MCUXpressoIDE_25.6.136/ide/plugins/com.nxp.mcuxpresso.tools.win32_25.6.0.202501151204/tools/bin/../lib/gcc/arm-none-eabi/14.2.1/../../../../arm-none-eabi/lib/thumb/v8-m.main/nofp\libcr_c.a(fseek.o)
                0x00003b6c                fseek
 .text.ftell    0x00003c64       0x44 C:/nxp/MCUXpressoIDE_25.6.136/ide/plugins/com.nxp.mcuxpresso.tools.win32_25.6.0.202501151204/tools/bin/../lib/gcc/arm-none-eabi/14.2.1/../../../../arm-none-eabi/lib/thumb/v8-m.main/nofp\libcr_c.a(ftell.o)
                0x00003c64                ftell
 .text.PrintGetWidth
                0x00003ca8       0x68 ./utilities/str/fsl_str.o
 .text.PrintGetPrecision
                0x00003d10       0x8a ./utilities/str/fsl_str.o
 .text.PrintIsobpu
                0x00003d9a       0x36 ./utilities/str/fsl_str.o
 .text.PrintIsdi
                0x00003dd0       0x2a ./utilities/str/fsl_str.o
 .text.PrintOutputdifFobpu
                0x00003dfa       0x44 ./utilities/str/fsl_str.o
 .text.PrintOutputxX
                0x00003e3e       0x44 ./utilities/str/fsl_str.o
 .text.PrintIsfF
                0x00003e82       0x2a ./utilities/str/fsl_str.o
 .text.PrintIsxX
                0x00003eac       0x2a ./utilities/str/fsl_str.o
 .text.PrintFilterLengthFlag
                0x00003ed6       0x3c ./utilities/str/fsl_str.o
 .text.PrintGetRadixFromobpu
                0x00003f12       0x3e ./utilities/str/fsl_str.o
 .text.ConvertRadixNumToString
                0x00003f50       0xc0 ./utilities/str/fsl_str.o
 .text.StrFormatExaminedi
                0x00004010       0x24 ./utilities/str/fsl_str.o
 .text.StrFormatExaminexX
                0x00004034       0x24 ./utilities/str/fsl_str.o
 .text.StrFormatExamineobpu
                0x00004058       0x24 ./utilities/str/fsl_str.o
 .text.ConvertPrecisionWidthToLength
                0x0000407c       0x20 ./utilities/str/fsl_str.o
 .text.StrFormatPrintf
                0x0000409c      0x2bc ./utilities/str/fsl_str.o
                0x0000409c                StrFormatPrintf
 .text.DbgConsole_PrintCallback
                0x00004358       0x66 ./utilities/debug_console/fsl_debug_console.o
 .text.DbgConsole_Printf
                0x000043be       0x2c ./utilities/debug_console/fsl_debug_console.o
                0x000043be                DbgConsole_Printf
 .text.fsl_assert_hook
                0x000043ea       0x18 ./utilities/fsl_assert.o
                0x000043ea                fsl_assert_hook
 .text.Reserved16_IRQHandler
                0x00004402        0x8 ./startup/startup_mcxa153.o
                0x00004402                Reserved16_IRQHandler
 .text.CMC_IRQHandler
                0x0000440a        0x8 ./startup/startup_mcxa153.o
                0x0000440a                CMC_IRQHandler
 .text.DMA_CH0_IRQHandler
                0x00004412        0x8 ./startup/startup_mcxa153.o
                0x00004412                DMA_CH0_IRQHandler
 .text.DMA_CH1_IRQHandler
                0x0000441a        0x8 ./startup/startup_mcxa153.o
                0x0000441a                DMA_CH1_IRQHandler
 .text.DMA_CH2_IRQHandler
                0x00004422        0x8 ./startup/startup_mcxa153.o
                0x00004422                DMA_CH2_IRQHandler
 .text.DMA_CH3_IRQHandler
                0x0000442a        0x8 ./startup/startup_mcxa153.o
                0x0000442a                DMA_CH3_IRQHandler
 .text.Reserved22_IRQHandler
                0x00004432        0x8 ./startup/startup_mcxa153.o
                0x00004432                Reserved22_IRQHandler
 .text.Reserved23_IRQHandler
                0x0000443a        0x8 ./startup/startup_mcxa153.o
                0x0000443a                Reserved23_IRQHandler
 .text.Reserved24_IRQHandler
                0x00004442        0x8 ./startup/startup_mcxa153.o
                0x00004442                Reserved24_IRQHandler
 .text.Reserved25_IRQHandler
                0x0000444a        0x8 ./startup/startup_mcxa153.o
                0x0000444a                Reserved25_IRQHandler
 .text.ERM0_SINGLE_BIT_IRQHandler
                0x00004452        0x8 ./startup/startup_mcxa153.o
                0x00004452                ERM0_SINGLE_BIT_IRQHandler
 .text.ERM0_MULTI_BIT_IRQHandler
                0x0000445a        0x8 ./startup/startup_mcxa153.o
                0x0000445a                ERM0_MULTI_BIT_IRQHandler
 .text.FMU0_IRQHandler
                0x00004462        0x8 ./startup/startup_mcxa153.o
                0x00004462                FMU0_IRQHandler
 .text.GLIKEY0_IRQHandler
                0x0000446a        0x8 ./startup/startup_mcxa153.o
                0x0000446a                GLIKEY0_IRQHandler
 .text.MBC0_IRQHandler
                0x00004472        0x8 ./startup/startup_mcxa153.o
                0x00004472                MBC0_IRQHandler
 .text.SCG0_IRQHandler
                0x0000447a        0x8 ./startup/startup_mcxa153.o
                0x0000447a                SCG0_IRQHandler
 .text.SPC0_IRQHandler
                0x00004482        0x8 ./startup/startup_mcxa153.o
                0x00004482                SPC0_IRQHandler
 .text.Reserved33_IRQHandler
                0x0000448a        0x8 ./startup/startup_mcxa153.o
                0x0000448a                Reserved33_IRQHandler
 .text.WUU0_IRQHandler
                0x00004492        0x8 ./startup/startup_mcxa153.o
                0x00004492                WUU0_IRQHandler
 .text.Reserved35_IRQHandler
                0x0000449a        0x8 ./startup/startup_mcxa153.o
                0x0000449a                Reserved35_IRQHandler
 .text.Reserved36_IRQHandler
                0x000044a2        0x8 ./startup/startup_mcxa153.o
                0x000044a2                Reserved36_IRQHandler
 .text.Reserved37_IRQHandler
                0x000044aa        0x8 ./startup/startup_mcxa153.o
                0x000044aa                Reserved37_IRQHandler
 .text.Reserved38_IRQHandler
                0x000044b2        0x8 ./startup/startup_mcxa153.o
                0x000044b2                Reserved38_IRQHandler
 .text.Reserved39_IRQHandler
                0x000044ba        0x8 ./startup/startup_mcxa153.o
                0x000044ba                Reserved39_IRQHandler
 .text.I3C0_IRQHandler
                0x000044c2        0x8 ./startup/startup_mcxa153.o
                0x000044c2                I3C0_IRQHandler
 .text.Reserved41_IRQHandler
                0x000044ca        0x8 ./startup/startup_mcxa153.o
                0x000044ca                Reserved41_IRQHandler
 .text.LPI2C0_IRQHandler
                0x000044d2        0x8 ./startup/startup_mcxa153.o
                0x000044d2                LPI2C0_IRQHandler
 .text.Reserved43_IRQHandler
                0x000044da        0x8 ./startup/startup_mcxa153.o
                0x000044da                Reserved43_IRQHandler
 .text.LPSPI0_IRQHandler
                0x000044e2        0x8 ./startup/startup_mcxa153.o
                0x000044e2                LPSPI0_IRQHandler
 .text.LPSPI1_IRQHandler
                0x000044ea        0x8 ./startup/startup_mcxa153.o
                0x000044ea                LPSPI1_IRQHandler
 .text.Reserved46_IRQHandler
                0x000044f2        0x8 ./startup/startup_mcxa153.o
                0x000044f2                Reserved46_IRQHandler
 .text.LPUART0_IRQHandler
                0x000044fa        0x8 ./startup/startup_mcxa153.o
                0x000044fa                LPUART0_IRQHandler
 .text.LPUART1_IRQHandler
                0x00004502        0x8 ./startup/startup_mcxa153.o
                0x00004502                LPUART1_IRQHandler
 .text.LPUART2_IRQHandler
                0x0000450a        0x8 ./startup/startup_mcxa153.o
                0x0000450a                LPUART2_IRQHandler
 .text.Reserved50_IRQHandler
                0x00004512        0x8 ./startup/startup_mcxa153.o
                0x00004512                Reserved50_IRQHandler
 .text.Reserved51_IRQHandler
                0x0000451a        0x8 ./startup/startup_mcxa153.o
                0x0000451a                Reserved51_IRQHandler
 .text.USB0_IRQHandler
                0x00004522        0x8 ./startup/startup_mcxa153.o
                0x00004522                USB0_IRQHandler
 .text.Reserved53_IRQHandler
                0x0000452a        0x8 ./startup/startup_mcxa153.o
                0x0000452a                Reserved53_IRQHandler
 .text.CDOG0_IRQHandler
                0x00004532        0x8 ./startup/startup_mcxa153.o
                0x00004532                CDOG0_IRQHandler
 .text.CTIMER0_IRQHandler
                0x0000453a        0x8 ./startup/startup_mcxa153.o
                0x0000453a                CTIMER0_IRQHandler
 .text.CTIMER1_IRQHandler
                0x00004542        0x8 ./startup/startup_mcxa153.o
                0x00004542                CTIMER1_IRQHandler
 .text.CTIMER2_IRQHandler
                0x0000454a        0x8 ./startup/startup_mcxa153.o
                0x0000454a                CTIMER2_IRQHandler
 .text.Reserved58_IRQHandler
                0x00004552        0x8 ./startup/startup_mcxa153.o
                0x00004552                Reserved58_IRQHandler
 .text.Reserved59_IRQHandler
                0x0000455a        0x8 ./startup/startup_mcxa153.o
                0x0000455a                Reserved59_IRQHandler
 .text.FLEXPWM0_RELOAD_ERROR_IRQHandler
                0x00004562        0x8 ./startup/startup_mcxa153.o
                0x00004562                FLEXPWM0_RELOAD_ERROR_IRQHandler
 .text.FLEXPWM0_FAULT_IRQHandler
                0x0000456a        0x8 ./startup/startup_mcxa153.o
                0x0000456a                FLEXPWM0_FAULT_IRQHandler
 .text.FLEXPWM0_SUBMODULE0_IRQHandler
                0x00004572        0x8 ./startup/startup_mcxa153.o
                0x00004572                FLEXPWM0_SUBMODULE0_IRQHandler
 .text.FLEXPWM0_SUBMODULE1_IRQHandler
                0x0000457a        0x8 ./startup/startup_mcxa153.o
                0x0000457a                FLEXPWM0_SUBMODULE1_IRQHandler
 .text.FLEXPWM0_SUBMODULE2_IRQHandler
                0x00004582        0x8 ./startup/startup_mcxa153.o
                0x00004582                FLEXPWM0_SUBMODULE2_IRQHandler
 .text.Reserved65_IRQHandler
                0x0000458a        0x8 ./startup/startup_mcxa153.o
                0x0000458a                Reserved65_IRQHandler
 .text.QDC0_COMPARE_IRQHandler
                0x00004592        0x8 ./startup/startup_mcxa153.o
                0x00004592                QDC0_COMPARE_IRQHandler
 .text.QDC0_HOME_IRQHandler
                0x0000459a        0x8 ./startup/startup_mcxa153.o
                0x0000459a                QDC0_HOME_IRQHandler
 .text.QDC0_WATCHDOG_IRQHandler
                0x000045a2        0x8 ./startup/startup_mcxa153.o
                0x000045a2                QDC0_WATCHDOG_IRQHandler
 .text.QDC0_INDEX_IRQHandler
                0x000045aa        0x8 ./startup/startup_mcxa153.o
                0x000045aa                QDC0_INDEX_IRQHandler
 .text.FREQME0_IRQHandler
                0x000045b2        0x8 ./startup/startup_mcxa153.o
                0x000045b2                FREQME0_IRQHandler
 .text.LPTMR0_IRQHandler
                0x000045ba        0x8 ./startup/startup_mcxa153.o
                0x000045ba                LPTMR0_IRQHandler
 .text.Reserved72_IRQHandler
                0x000045c2        0x8 ./startup/startup_mcxa153.o
                0x000045c2                Reserved72_IRQHandler
 .text.OS_EVENT_IRQHandler
                0x000045ca        0x8 ./startup/startup_mcxa153.o
                0x000045ca                OS_EVENT_IRQHandler
 .text.WAKETIMER0_IRQHandler
                0x000045d2        0x8 ./startup/startup_mcxa153.o
                0x000045d2                WAKETIMER0_IRQHandler
 .text.UTICK0_IRQHandler
                0x000045da        0x8 ./startup/startup_mcxa153.o
                0x000045da                UTICK0_IRQHandler
 .text.WWDT0_IRQHandler
                0x000045e2        0x8 ./startup/startup_mcxa153.o
                0x000045e2                WWDT0_IRQHandler
 .text.Reserved77_IRQHandler
                0x000045ea        0x8 ./startup/startup_mcxa153.o
                0x000045ea                Reserved77_IRQHandler
 .text.ADC0_IRQHandler
                0x000045f2        0x8 ./startup/startup_mcxa153.o
                0x000045f2                ADC0_IRQHandler
 .text.Reserved79_IRQHandler
                0x000045fa        0x8 ./startup/startup_mcxa153.o
                0x000045fa                Reserved79_IRQHandler
 .text.CMP0_IRQHandler
                0x00004602        0x8 ./startup/startup_mcxa153.o
                0x00004602                CMP0_IRQHandler
 .text.CMP1_IRQHandler
                0x0000460a        0x8 ./startup/startup_mcxa153.o
                0x0000460a                CMP1_IRQHandler
 .text.Reserved82_IRQHandler
                0x00004612        0x8 ./startup/startup_mcxa153.o
                0x00004612                Reserved82_IRQHandler
 .text.Reserved83_IRQHandler
                0x0000461a        0x8 ./startup/startup_mcxa153.o
                0x0000461a                Reserved83_IRQHandler
 .text.Reserved84_IRQHandler
                0x00004622        0x8 ./startup/startup_mcxa153.o
                0x00004622                Reserved84_IRQHandler
 .text.Reserved85_IRQHandler
                0x0000462a        0x8 ./startup/startup_mcxa153.o
                0x0000462a                Reserved85_IRQHandler
 .text.Reserved86_IRQHandler
                0x00004632        0x8 ./startup/startup_mcxa153.o
                0x00004632                Reserved86_IRQHandler
 .text.GPIO0_IRQHandler
                0x0000463a        0x8 ./startup/startup_mcxa153.o
                0x0000463a                GPIO0_IRQHandler
 .text.GPIO1_IRQHandler
                0x00004642        0x8 ./startup/startup_mcxa153.o
                0x00004642                GPIO1_IRQHandler
 .text.GPIO2_IRQHandler
                0x0000464a        0x8 ./startup/startup_mcxa153.o
                0x0000464a                GPIO2_IRQHandler
 .text.GPIO3_IRQHandler
                0x00004652        0x8 ./startup/startup_mcxa153.o
                0x00004652                GPIO3_IRQHandler
 .text.tetris_init
                0x0000465a       0x18 ./source/tetris/src/tetris.o
                0x0000465a                tetris_init
 .text.main     0x00004672       0x30 ./source/MCXA153_Project3.o
                0x00004672                main
 .text.RESET_ReleasePeripheralReset
                0x000046a2       0x1a ./source/buzzer.o
 .text.CTIMER_StartTimer
                0x000046bc       0x1e ./source/buzzer.o
 .text.CTIMER_StopTimer
                0x000046da       0x1e ./source/buzzer.o
 .text.GPIO_PinWrite
                0x000046f8       0x34 ./source/buzzer.o
 .text.GPIO_PortToggle
                0x0000472c       0x1a ./source/buzzer.o
 .text.buzzer_tone_set
                0x00004746       0x86 ./source/buzzer.o
                0x00004746                buzzer_tone_set
 .text.play_note_ms
                0x000047cc       0x4c ./source/buzzer.o
                0x000047cc                play_note_ms
 .text.RESET_ReleasePeripheralReset
                0x00004818       0x1a ./source/display.o
 .text.GPIO_PinWrite
                0x00004832       0x34 ./source/display.o
 .text.delay_ms
                0x00004866       0x3a ./source/display.o
 .text.spi_write_byte
                0x000048a0       0x1c ./source/display.o
 .text.set_addr_window
                0x000048bc       0x78 ./source/display.o
 .text.Display_Init
                0x00004934       0x14 ./source/display.o
                0x00004934                Display_Init
 .text.GPIO_PinWrite
                0x00004948       0x34 ./source/keypad.o
 .text.GPIO_PinRead
                0x0000497c       0x22 ./source/keypad.o
 .text.HardFault_Handler
                0x0000499e       0x36 ./source/semihost_hardfault.o
                0x0000499e                HardFault_Handler
 .text.CLOCK_IsDivHalt
                0x000049d4       0x22 ./drivers/fsl_clock.o
 .text.CLOCK_AttachClk
                0x000049f6       0x30 ./drivers/fsl_clock.o
                0x000049f6                CLOCK_AttachClk
 .text.DelayLoop
                0x00004a26       0x1e ./drivers/fsl_common_arm.o
 .text.EnableIRQ
                0x00004a44       0x32 ./drivers/fsl_ctimer.o
 .text.CTIMER_GetStatusFlags
                0x00004a76       0x16 ./drivers/fsl_ctimer.o
 .text.CTIMER_ClearStatusFlags
                0x00004a8c       0x1a ./drivers/fsl_ctimer.o
 .text.CTIMER0_DriverIRQHandler
                0x00004aa6        0xe ./drivers/fsl_ctimer.o
                0x00004aa6                CTIMER0_DriverIRQHandler
 .text.CTIMER1_DriverIRQHandler
                0x00004ab4        0xe ./drivers/fsl_ctimer.o
                0x00004ab4                CTIMER1_DriverIRQHandler
 .text.CTIMER2_DriverIRQHandler
                0x00004ac2        0xe ./drivers/fsl_ctimer.o
                0x00004ac2                CTIMER2_DriverIRQHandler
 .text.DMA_CH0_DriverIRQHandler
                0x00004ad0       0x10 ./drivers/fsl_edma_soc.o
                0x00004ad0                DMA_CH0_DriverIRQHandler
 .text.DMA_CH1_DriverIRQHandler
                0x00004ae0       0x10 ./drivers/fsl_edma_soc.o
                0x00004ae0                DMA_CH1_DriverIRQHandler
 .text.DMA_CH2_DriverIRQHandler
                0x00004af0       0x10 ./drivers/fsl_edma_soc.o
                0x00004af0                DMA_CH2_DriverIRQHandler
 .text.DMA_CH3_DriverIRQHandler
                0x00004b00       0x10 ./drivers/fsl_edma_soc.o
                0x00004b00                DMA_CH3_DriverIRQHandler
 .text.GPIO_PinWrite
                0x00004b10       0x34 ./drivers/fsl_gpio.o
 .text.RESET_ReleasePeripheralReset
                0x00004b44       0x1a ./drivers/fsl_lpspi.o
 .text.LPSPI_Enable
                0x00004b5e       0x36 ./drivers/fsl_lpspi.o
 .text.LPSPI_GetStatusFlags
                0x00004b94       0x16 ./drivers/fsl_lpspi.o
 .text.LPSPI_GetRxFifoSize
                0x00004baa       0x22 ./drivers/fsl_lpspi.o
 .text.LPSPI_GetTxFifoCount
                0x00004bcc       0x1a ./drivers/fsl_lpspi.o
 .text.LPSPI_GetRxFifoCount
                0x00004be6       0x1c ./drivers/fsl_lpspi.o
 .text.LPSPI_ClearStatusFlags
                0x00004c02       0x1a ./drivers/fsl_lpspi.o
 .text.LPSPI_GetTcr
                0x00004c1c       0x44 ./drivers/fsl_lpspi.o
 .text.LPSPI_SetMasterSlaveMode
                0x00004c60       0x2a ./drivers/fsl_lpspi.o
 .text.LPSPI_IsMaster
                0x00004c8a       0x24 ./drivers/fsl_lpspi.o
 .text.LPSPI_FlushFifo
                0x00004cae       0x42 ./drivers/fsl_lpspi.o
 .text.LPSPI_SetFifoWatermarks
                0x00004cf0       0x2a ./drivers/fsl_lpspi.o
 .text.LPSPI_WriteData
                0x00004d1a       0x1a ./drivers/fsl_lpspi.o
 .text.LPSPI_ReadData
                0x00004d34       0x16 ./drivers/fsl_lpspi.o
 .text.LPSPI_SetOnePcsPolarity
                0x00004d4a       0x42 ./drivers/fsl_lpspi.o
 .text.LPSPI_MasterTransferClearTCR
                0x00004d8c       0x3a ./drivers/fsl_lpspi.o
 .text.LPSPI_MasterTransferReadDataInFifo
                0x00004dc6       0x88 ./drivers/fsl_lpspi.o
 .text.LPSPI_MasterTransferReadDataInFifoNoBuf
                0x00004e4e       0x26 ./drivers/fsl_lpspi.o
 .text.LPSPI_WaitTxFifoEmpty
                0x00004e74       0x22 ./drivers/fsl_lpspi.o
                0x00004e74                LPSPI_WaitTxFifoEmpty
 .text.RESET_ReleasePeripheralReset
                0x00004e96       0x1a ./drivers/fsl_lpuart.o
 .text.LPUART_SoftwareReset
                0x00004eb0       0x2a ./drivers/fsl_lpuart.o
 .text.RESET_PeripheralReset
                0x00004eda       0x22 ./drivers/fsl_reset.o
                0x00004eda                RESET_PeripheralReset
 .text.SystemInitHook
                0x00004efc        0xc ./device/system_MCXA153.o
                0x00004efc                SystemInitHook
 .text.HAL_UartGetStatus
                0x00004f08       0x26 ./component/uart/fsl_adapter_lpuart.o
 .text.DisableGlobalIRQ
                0x00004f2e       0x20 ./component/serial_manager/fsl_component_serial_manager.o
 .text.EnableGlobalIRQ
                0x00004f4e       0x1e ./component/serial_manager/fsl_component_serial_manager.o
 .text.SerialManager_StartWriting
                0x00004f6c       0x38 ./component/serial_manager/fsl_component_serial_manager.o
 .text.SerialManager_Write
                0x00004fa4       0x44 ./component/serial_manager/fsl_component_serial_manager.o
 .text.SerialManager_Init
                0x00004fe8       0x60 ./component/serial_manager/fsl_component_serial_manager.o
                0x00004fe8                SerialManager_Init
 .text.SerialManager_OpenWriteHandle
                0x00005048       0x50 ./component/serial_manager/fsl_component_serial_manager.o
                0x00005048                SerialManager_OpenWriteHandle
 .text.SerialManager_OpenReadHandle
                0x00005098       0x60 ./component/serial_manager/fsl_component_serial_manager.o
                0x00005098                SerialManager_OpenReadHandle
 .text.SerialManager_WriteBlocking
                0x000050f8       0x20 ./component/serial_manager/fsl_component_serial_manager.o
                0x000050f8                SerialManager_WriteBlocking
 .text.Serial_UartInit
                0x00005118       0x3e ./component/serial_manager/fsl_component_serial_port_uart.o
                0x00005118                Serial_UartInit
 .text.Serial_UartWrite
                0x00005156       0x38 ./component/serial_manager/fsl_component_serial_port_uart.o
                0x00005156                Serial_UartWrite
 .text.BOARD_InitBootClocks
                0x0000518e        0xc ./board/clock_config.o
                0x0000518e                BOARD_InitBootClocks
 .text.RESET_ReleasePeripheralReset
                0x0000519a       0x1a ./board/pin_mux.o
 .text.BOARD_InitBootPins
                0x000051b4        0xc ./board/pin_mux.o
                0x000051b4                BOARD_InitBootPins
 .text.__main   0x000051c0        0xe C:/nxp/MCUXpressoIDE_25.6.136/ide/plugins/com.nxp.mcuxpresso.tools.win32_25.6.0.202501151204/tools/bin/../lib/gcc/arm-none-eabi/14.2.1/../../../../arm-none-eabi/lib/thumb/v8-m.main/nofp\libcr_nohost_nf.a(_cr__main.o)
                0x000051c0                __main
 .text.memcpy   0x000051ce        0x4 C:/nxp/MCUXpressoIDE_25.6.136/ide/plugins/com.nxp.mcuxpresso.tools.win32_25.6.0.202501151204/tools/bin/../lib/gcc/arm-none-eabi/14.2.1/../../../../arm-none-eabi/lib/thumb/v8-m.main/nofp\libcr_c.a(memcpy.o)
                0x000051ce                memcpy
 .text.memset   0x000051d2        0x4 C:/nxp/MCUXpressoIDE_25.6.136/ide/plugins/com.nxp.mcuxpresso.tools.win32_25.6.0.202501151204/tools/bin/../lib/gcc/arm-none-eabi/14.2.1/../../../../arm-none-eabi/lib/thumb/v8-m.main/nofp\libcr_c.a(memset.o)
                0x000051d2                memset
 .text.free     0x000051d6       0x30 C:/nxp/MCUXpressoIDE_25.6.136/ide/plugins/com.nxp.mcuxpresso.tools.win32_25.6.0.202501151204/tools/bin/../lib/gcc/arm-none-eabi/14.2.1/../../../../arm-none-eabi/lib/thumb/v8-m.main/nofp\libcr_c.a(alloc.o)
                0x000051d6                free
 .text.setvbuf  0x00005206       0x3e C:/nxp/MCUXpressoIDE_25.6.136/ide/plugins/com.nxp.mcuxpresso.tools.win32_25.6.0.202501151204/tools/bin/../lib/gcc/arm-none-eabi/14.2.1/../../../../arm-none-eabi/lib/thumb/v8-m.main/nofp\libcr_c.a(setvbuf.o)
                0x00005206                setvbuf
 .text.strlen   0x00005244       0x4e C:/nxp/MCUXpressoIDE_25.6.136/ide/plugins/com.nxp.mcuxpresso.tools.win32_25.6.0.202501151204/tools/bin/../lib/gcc/arm-none-eabi/14.2.1/../../../../arm-none-eabi/lib/thumb/v8-m.main/nofp\libcr_c.a(strlen.o)
                0x00005244                strlen
 .text._deferredlazyseek
                0x00005292       0x40 C:/nxp/MCUXpressoIDE_25.6.136/ide/plugins/com.nxp.mcuxpresso.tools.win32_25.6.0.202501151204/tools/bin/../lib/gcc/arm-none-eabi/14.2.1/../../../../arm-none-eabi/lib/thumb/v8-m.main/nofp\libcr_c.a(_deferredlazyseek.o)
                0x00005292                _deferredlazyseek
 .text._fdopen  0x000052d2       0x68 C:/nxp/MCUXpressoIDE_25.6.136/ide/plugins/com.nxp.mcuxpresso.tools.win32_25.6.0.202501151204/tools/bin/../lib/gcc/arm-none-eabi/14.2.1/../../../../arm-none-eabi/lib/thumb/v8-m.main/nofp\libcr_c.a(_fdopen.o)
                0x000052d2                _fdopen
 .text._fflush  0x0000533a       0x52 C:/nxp/MCUXpressoIDE_25.6.136/ide/plugins/com.nxp.mcuxpresso.tools.win32_25.6.0.202501151204/tools/bin/../lib/gcc/arm-none-eabi/14.2.1/../../../../arm-none-eabi/lib/thumb/v8-m.main/nofp\libcr_c.a(_fflush.o)
                0x0000533a                _fflush
 .text.fclose   0x0000538c       0x58 C:/nxp/MCUXpressoIDE_25.6.136/ide/plugins/com.nxp.mcuxpresso.tools.win32_25.6.0.202501151204/tools/bin/../lib/gcc/arm-none-eabi/14.2.1/../../../../arm-none-eabi/lib/thumb/v8-m.main/nofp\libcr_c.a(fclose.o)
                0x0000538c                fclose
 .text.remove   0x000053e4       0x14 C:/nxp/MCUXpressoIDE_25.6.136/ide/plugins/com.nxp.mcuxpresso.tools.win32_25.6.0.202501151204/tools/bin/../lib/gcc/arm-none-eabi/14.2.1/../../../../arm-none-eabi/lib/thumb/v8-m.main/nofp\libcr_c.a(remove.o)
                0x000053e4                remove
 .text._do_fflush
                0x000053f8       0x40 C:/nxp/MCUXpressoIDE_25.6.136/ide/plugins/com.nxp.mcuxpresso.tools.win32_25.6.0.202501151204/tools/bin/../lib/gcc/arm-none-eabi/14.2.1/../../../../arm-none-eabi/lib/thumb/v8-m.main/nofp\libcr_c.a(_do_fflush.o)
                0x000053f8                _do_fflush
 .text.__aeabi_division_uldivmod
                0x00005438      0x174 C:/nxp/MCUXpressoIDE_25.6.136/ide/plugins/com.nxp.mcuxpresso.tools.win32_25.6.0.202501151204/tools/bin/../lib/gcc/arm-none-eabi/14.2.1/thumb/v8-m.main/nofp\libcr_eabihelpers.a(division_64.o)
                0x00005438                __aeabi_uldivmod
                0x0000543c                __bhs_ldivmod1
 .text.__aeabi_division_idiv0
                0x000055ac        0x2 C:/nxp/MCUXpressoIDE_25.6.136/ide/plugins/com.nxp.mcuxpresso.tools.win32_25.6.0.202501151204/tools/bin/../lib/gcc/arm-none-eabi/14.2.1/thumb/v8-m.main/nofp\libcr_eabihelpers.a(division_idiv0.o)
                0x000055ac                __aeabi_idiv0
 .text.__aeabi_memcpy
                0x000055ae       0x34 C:/nxp/MCUXpressoIDE_25.6.136/ide/plugins/com.nxp.mcuxpresso.tools.win32_25.6.0.202501151204/tools/bin/../lib/gcc/arm-none-eabi/14.2.1/thumb/v8-m.main/nofp\libcr_eabihelpers.a(memcpy.o)
                0x000055ae                __aeabi_memcpy
                0x000055b8                __aeabi_memcpy8
                0x000055b8                __aeabi_memcpy4
 .text.__aeabi_memset_lowlevel
                0x000055e2       0x32 C:/nxp/MCUXpressoIDE_25.6.136/ide/plugins/com.nxp.mcuxpresso.tools.win32_25.6.0.202501151204/tools/bin/../lib/gcc/arm-none-eabi/14.2.1/thumb/v8-m.main/nofp\libcr_eabihelpers.a(memcpy.o)
                0x000055e2                __aeabi_lowlevel_memset
 .text.__sys_close
                0x00005614        0x6 C:/nxp/MCUXpressoIDE_25.6.136/ide/plugins/com.nxp.mcuxpresso.tools.win32_25.6.0.202501151204/tools/bin/../lib/gcc/arm-none-eabi/14.2.1/../../../../arm-none-eabi/lib/thumb/v8-m.main/nofp\libcr_nohost_nf.a(__sys_close.o)
                0x00005614                __sys_close
 .text.__sys_flen
                0x0000561a        0x6 C:/nxp/MCUXpressoIDE_25.6.136/ide/plugins/com.nxp.mcuxpresso.tools.win32_25.6.0.202501151204/tools/bin/../lib/gcc/arm-none-eabi/14.2.1/../../../../arm-none-eabi/lib/thumb/v8-m.main/nofp\libcr_nohost_nf.a(__sys_flen.o)
                0x0000561a                __sys_flen
 .text.__sys_istty
                0x00005620        0x6 C:/nxp/MCUXpressoIDE_25.6.136/ide/plugins/com.nxp.mcuxpresso.tools.win32_25.6.0.202501151204/tools/bin/../lib/gcc/arm-none-eabi/14.2.1/../../../../arm-none-eabi/lib/thumb/v8-m.main/nofp\libcr_nohost_nf.a(__sys_istty.o)
                0x00005620                __sys_istty
 .text.__sys_remove
                0x00005626        0x6 C:/nxp/MCUXpressoIDE_25.6.136/ide/plugins/com.nxp.mcuxpresso.tools.win32_25.6.0.202501151204/tools/bin/../lib/gcc/arm-none-eabi/14.2.1/../../../../arm-none-eabi/lib/thumb/v8-m.main/nofp\libcr_nohost_nf.a(__sys_remove.o)
                0x00005626                __sys_remove
 .text.__sys_seek
                0x0000562c        0x6 C:/nxp/MCUXpressoIDE_25.6.136/ide/plugins/com.nxp.mcuxpresso.tools.win32_25.6.0.202501151204/tools/bin/../lib/gcc/arm-none-eabi/14.2.1/../../../../arm-none-eabi/lib/thumb/v8-m.main/nofp\libcr_nohost_nf.a(__sys_seek.o)
                0x0000562c                __sys_seek
 .text.__sys_tmpnam
                0x00005632        0x6 C:/nxp/MCUXpressoIDE_25.6.136/ide/plugins/com.nxp.mcuxpresso.tools.win32_25.6.0.202501151204/tools/bin/../lib/gcc/arm-none-eabi/14.2.1/../../../../arm-none-eabi/lib/thumb/v8-m.main/nofp\libcr_nohost_nf.a(__sys_tmpnam.o)
                0x00005632                __sys_tmpnam
 .text.__sys_write
                0x00005638        0x4 C:/nxp/MCUXpressoIDE_25.6.136/ide/plugins/com.nxp.mcuxpresso.tools.win32_25.6.0.202501151204/tools/bin/../lib/gcc/arm-none-eabi/14.2.1/../../../../arm-none-eabi/lib/thumb/v8-m.main/nofp\libcr_nohost_nf.a(__sys_write.o)
                0x00005638                __sys_write
 *(SORT_BY_ALIGNMENT(.rodata) SORT_BY_ALIGNMENT(.rodata.*) SORT_BY_ALIGNMENT(.constdata) SORT_BY_ALIGNMENT(.constdata.*))
 .rodata.__assertion_failed.str1.4
                0x0000563c      0x851 ./utilities/fsl_assert.o
                                 0x14 (size before relaxing)
 *fill*         0x00005e8d        0x3 ff
 .rodata        0x00005e90       0x24 ./source/display.o
 .rodata.st7735_init_seq.str1.4
                0x00005eb4        0x8 ./source/display.o
 .rodata.key_map
                0x00005eb4       0x10 ./source/keypad.o
 .rodata.row_pins
                0x00005ec4       0x30 ./source/keypad.o
 .rodata.col_pins
                0x00005ef4       0x30 ./source/keypad.o
 .rodata.CLOCK_SetClockSelect.str1.4
                0x00005f24       0x2c ./drivers/fsl_clock.o
 .rodata.CLOCK_SetClockDiv.str1.4
                0x00005f24       0x2c ./drivers/fsl_clock.o
 .rodata.SDK_DelayAtLeastUs.str1.4
                0x00005f24       0x2b ./drivers/fsl_common_arm.o
 .rodata.s_ctimerBases
                0x00005f24        0xc ./drivers/fsl_ctimer.o
 .rodata.s_ctimerClocks
                0x00005f30        0xc ./drivers/fsl_ctimer.o
 .rodata.s_ctimerResets
                0x00005f3c        0x6 ./drivers/fsl_ctimer.o
 *fill*         0x00005f42        0x2 ff
 .rodata.s_ctimerIRQ
                0x00005f44        0x3 ./drivers/fsl_ctimer.o
 .rodata.CTIMER_GetInstance.str1.4
                0x00005f47       0x2e ./drivers/fsl_ctimer.o
 .rodata.CTIMER_Init.str1.4
                0x00005f47       0x21 ./drivers/fsl_ctimer.o
 .rodata.CTIMER_GetDefaultConfig.str1.4
                0x00005f47       0x22 ./drivers/fsl_ctimer.o
 .rodata.EDMA_HandleIRQ.str1.4
                0x00005f47       0x21 ./drivers/fsl_edma.o
 *fill*         0x00005f47        0x1 ff
 .rodata.s_gpioBases
                0x00005f48       0x10 ./drivers/fsl_gpio.o
 .rodata.s_gpioClockName
                0x00005f58       0x10 ./drivers/fsl_gpio.o
 .rodata.GPIO_GetInstance.str1.4
                0x00005f68       0x34 ./drivers/fsl_gpio.o
 .rodata.GPIO_PortClockEnable.str1.4
                0x00005f68       0x38 ./drivers/fsl_gpio.o
 .rodata.GPIO_PinInit.str1.4
                0x00005f68       0x20 ./drivers/fsl_gpio.o
 .rodata.s_baudratePrescaler
                0x00005f68        0x8 ./drivers/fsl_lpspi.o
 .rodata.s_lpspiBases
                0x00005f70        0x8 ./drivers/fsl_lpspi.o
 .rodata.s_lpspiClocks
                0x00005f78        0x8 ./drivers/fsl_lpspi.o
 .rodata.s_lpspiResets
                0x00005f80        0x4 ./drivers/fsl_lpspi.o
 .rodata.LPSPI_GetInstance.str1.4
                0x00005f84       0x36 ./drivers/fsl_lpspi.o
 .rodata.LPSPI_MasterInit.str1.4
                0x00005f84       0x27 ./drivers/fsl_lpspi.o
 .rodata.LPSPI_MasterGetDefaultConfig.str1.4
                0x00005f84       0x27 ./drivers/fsl_lpspi.o
 .rodata.LPSPI_MasterSetBaudRate.str1.4
                0x00005f84       0x2b ./drivers/fsl_lpspi.o
 .rodata.LPSPI_MasterSetDelayScaler.str1.4
                0x00005f84       0x18 ./drivers/fsl_lpspi.o
 .rodata.LPSPI_MasterSetDelayTimes.str1.4
                0x00005f84       0x2a ./drivers/fsl_lpspi.o
 .rodata.LPSPI_CheckTransferArgument.str1.4
                0x00005f84       0x23 ./drivers/fsl_lpspi.o
 .rodata.LPSPI_MasterTransferBlocking.str1.4
                0x00005f84       0x24 ./drivers/fsl_lpspi.o
 .rodata.LPSPI_CombineWriteData.str1.4
                0x00005f84       0x3d ./drivers/fsl_lpspi.o
 .rodata.LPSPI_SeparateReadData.str1.4
                0x00005f84       0x3d ./drivers/fsl_lpspi.o
 .rodata.LPSPI0_DriverIRQHandler.str1.4
                0x00005f84       0x2c ./drivers/fsl_lpspi.o
 .rodata.LPSPI1_DriverIRQHandler.str1.4
                0x00005f84       0x2c ./drivers/fsl_lpspi.o
 .rodata.s_lpuartBases
                0x00005f84        0xc ./drivers/fsl_lpuart.o
 .rodata.s_lpuartClock
                0x00005f90        0xc ./drivers/fsl_lpuart.o
 .rodata.s_lpuartResets
                0x00005f9c        0x6 ./drivers/fsl_lpuart.o
 .rodata.LPUART_GetInstance.str1.4
                0x00005fa2       0x38 ./drivers/fsl_lpuart.o
 .rodata.LPUART_Init.str1.4
                0x00005fa2      0x1b0 ./drivers/fsl_lpuart.o
 .rodata.LPUART_GetDefaultConfig.str1.4
                0x00005fa2       0x22 ./drivers/fsl_lpuart.o
 .rodata.LPUART_WriteBlocking.str1.4
                0x00005fa2       0x21 ./drivers/fsl_lpuart.o
 .rodata.RESET_SetPeripheralReset.str1.4
                0x00005fa2       0x3f ./drivers/fsl_reset.o
 .rodata.RESET_ClearPeripheralReset.str1.4
                0x00005fa2       0x1e ./drivers/fsl_reset.o
 *fill*         0x00005fa2        0x2 ff
 .rodata.s_LpuartAdapterBase
                0x00005fa4        0xc ./component/uart/fsl_adapter_lpuart.o
 .rodata.HAL_UartInit.str1.4
                0x00005fb0      0x116 ./component/uart/fsl_adapter_lpuart.o
 .rodata.HAL_UartSendBlocking.str1.4
                0x00005fb0       0x7b ./component/uart/fsl_adapter_lpuart.o
 .rodata.PORT_SetPinConfig.str1.4
                0x00005fb0       0x4d ./board/pin_mux.o
 .rodata        0x00005fb0        0x2 ./board/pin_mux.o
 *fill*         0x00005fb2        0x2 ff
 .rodata.__num_Ciob_streams
                0x00005fb4        0x4 C:/nxp/MCUXpressoIDE_25.6.136/ide/plugins/com.nxp.mcuxpresso.tools.win32_25.6.0.202501151204/tools/bin/../lib/gcc/arm-none-eabi/14.2.1/../../../../arm-none-eabi/lib/thumb/v8-m.main/nofp\libcr_nohost_nf.a(__ciob.o)
                0x00005fb4                __num_Ciob_streams
 .rodata._initio.str1.1
                0x00005fb8        0x4 C:/nxp/MCUXpressoIDE_25.6.136/ide/plugins/com.nxp.mcuxpresso.tools.win32_25.6.0.202501151204/tools/bin/../lib/gcc/arm-none-eabi/14.2.1/../../../../arm-none-eabi/lib/thumb/v8-m.main/nofp\libcr_c.a(initio.o)
                0x00005fbc                        . = ALIGN (0x4)

.glue_7         0x00005fbc        0x0
 .glue_7        0x00005fbc        0x0 linker stubs

.glue_7t        0x00005fbc        0x0
 .glue_7t       0x00005fbc        0x0 linker stubs

.vfp11_veneer   0x00005fbc        0x0
 .vfp11_veneer  0x00005fbc        0x0 linker stubs

.v4_bx          0x00005fbc        0x0
 .v4_bx         0x00005fbc        0x0 linker stubs

.iplt           0x00005fbc        0x0
 .iplt          0x00005fbc        0x0 ./utilities/str/fsl_str.o

.rel.dyn        0x00005fbc        0x0
 .rel.iplt      0x00005fbc        0x0 ./utilities/str/fsl_str.o

.ARM.extab
 *(SORT_BY_ALIGNMENT(.ARM.extab*) SORT_BY_ALIGNMENT(.gnu.linkonce.armextab.*))

.ARM.exidx      0x00005fbc        0x0
                0x00005fbc                        __exidx_start = .
 *(SORT_BY_ALIGNMENT(.ARM.exidx*) SORT_BY_ALIGNMENT(.gnu.linkonce.armexidx.*))
                0x00005fbc                        __exidx_end = .
                0x00005fbc                        _etext = .

.data_RAM2      0x04000000        0x0 load address 0x00005fbc
 FILL mask 0xff
                [!provide]                        PROVIDE (__start_data_RAM2 = .)
                [!provide]                        PROVIDE (__start_data_SRAMX0 = .)
 *(SORT_BY_ALIGNMENT(.ramfunc.$RAM2))
 *(SORT_BY_ALIGNMENT(.ramfunc.$SRAMX0))
 *(SORT_BY_ALIGNMENT(.data.$RAM2))
 *(SORT_BY_ALIGNMENT(.data.$SRAMX0))
 *(SORT_BY_ALIGNMENT(.data.$RAM2.*))
 *(SORT_BY_ALIGNMENT(.data.$SRAMX0.*))
                0x04000000                        . = ALIGN (0x4)
                [!provide]                        PROVIDE (__end_data_RAM2 = .)
                [!provide]                        PROVIDE (__end_data_SRAMX0 = .)

.data_RAM3      0x04002000        0x0 load address 0x00005fbc
 FILL mask 0xff
                [!provide]                        PROVIDE (__start_data_RAM3 = .)
                [!provide]                        PROVIDE (__start_data_SRAMX1 = .)
 *(SORT_BY_ALIGNMENT(.ramfunc.$RAM3))
 *(SORT_BY_ALIGNMENT(.ramfunc.$SRAMX1))
 *(SORT_BY_ALIGNMENT(.data.$RAM3))
 *(SORT_BY_ALIGNMENT(.data.$SRAMX1))
 *(SORT_BY_ALIGNMENT(.data.$RAM3.*))
 *(SORT_BY_ALIGNMENT(.data.$SRAMX1.*))
                0x04002000                        . = ALIGN (0x4)
                [!provide]                        PROVIDE (__end_data_RAM3 = .)
                [!provide]                        PROVIDE (__end_data_SRAMX1 = .)

.uninit_RESERVED
                0x20000000        0x0
                0x20000000                        _start_uninit_RESERVED = .
 *(SORT_BY_ALIGNMENT(.bss.$RESERVED*))
                0x20000000                        . = ALIGN (0x4)
                0x20000000                        _end_uninit_RESERVED = .

.data           0x20000000       0xdc load address 0x00005fbc
 FILL mask 0xff
                0x20000000                        _data = .
                [!provide]                        PROVIDE (__start_data_RAM = .)
                [!provide]                        PROVIDE (__start_data_SRAM = .)
 *(SORT_BY_ALIGNMENT(vtable))
 *(SORT_BY_ALIGNMENT(.ramfunc*))
 *(SORT_BY_ALIGNMENT(CodeQuickAccess))
 *(SORT_BY_ALIGNMENT(DataQuickAccess))
 *(SORT_BY_ALIGNMENT(RamFunction))
 *(SORT_BY_ALIGNMENT(.data*))
 .data.melody   0x20000000       0x74 ./source/MCXA153_Project3.o
                0x20000000                melody
 .data.lead_times
                0x20000074       0x3a ./source/MCXA153_Project3.o
                0x20000074                lead_times
 *fill*         0x200000ae        0x2 ff
 .data.s_cb     0x200000b0        0x4 ./source/buzzer.o
 .data.gfx_palette
                0x200000b4       0x20 ./source/gfx.o
                0x200000b4                gfx_palette
 .data.s_Ext_Clk_Freq
                0x200000d4        0x4 ./drivers/fsl_clock.o
 .data.SystemCoreClock
                0x200000d8        0x4 ./device/system_MCXA153.o
                0x200000d8                SystemCoreClock
                0x200000dc                        . = ALIGN (0x4)
                0x200000dc                        _edata = .
                [!provide]                        PROVIDE (__end_data_RAM = .)
                [!provide]                        PROVIDE (__end_data_SRAM = .)

.igot.plt       0x200000dc        0x0 load address 0x00006098
 .igot.plt      0x200000dc        0x0 ./utilities/str/fsl_str.o

.bss_RAM2       0x04000000        0x0
                [!provide]                        PROVIDE (__start_bss_RAM2 = .)
                [!provide]                        PROVIDE (__start_bss_SRAMX0 = .)
 *(SORT_BY_ALIGNMENT(.bss.$RAM2))
 *(SORT_BY_ALIGNMENT(.bss.$SRAMX0))
 *(SORT_BY_ALIGNMENT(.bss.$RAM2.*))
 *(SORT_BY_ALIGNMENT(.bss.$SRAMX0.*))
                0x04000000                        . = ALIGN ((. != 0x0)?0x4:0x1)
                [!provide]                        PROVIDE (__end_bss_RAM2 = .)
                [!provide]                        PROVIDE (__end_bss_SRAMX0 = .)

.bss_RAM3       0x04002000        0x0
                [!provide]                        PROVIDE (__start_bss_RAM3 = .)
                [!provide]                        PROVIDE (__start_bss_SRAMX1 = .)
 *(SORT_BY_ALIGNMENT(.bss.$RAM3))
 *(SORT_BY_ALIGNMENT(.bss.$SRAMX1))
 *(SORT_BY_ALIGNMENT(.bss.$RAM3.*))
 *(SORT_BY_ALIGNMENT(.bss.$SRAMX1.*))
                0x04002000                        . = ALIGN ((. != 0x0)?0x4:0x1)
                [!provide]                        PROVIDE (__end_bss_RAM3 = .)
                [!provide]                        PROVIDE (__end_bss_SRAMX1 = .)

.bss            0x200000dc     0x2c08
                0x200000dc                        _bss = .
                [!provide]                        PROVIDE (__start_bss_RAM = .)
                [!provide]                        PROVIDE (__start_bss_SRAM = .)
 *(SORT_BY_ALIGNMENT(.bss*))
 .bss.s_debugConsoleState
                0x200000dc       0x24 ./utilities/debug_console/fsl_debug_console.o
 .bss.g_serialHandle
                0x20000100        0x4 ./utilities/debug_console/fsl_debug_console.o
                0x20000100                g_serialHandle
 .bss.board     0x20000104       0xc8 ./source/tetris/src/tetris.o
                0x20000104                board
 .bss.line.0    0x200001cc      0x100 ./source/display.o
 .bss.gfx_fb    0x200002cc     0x2800 ./source/gfx.o
                0x200002cc                gfx_fb
 .bss.line.0    0x20002acc      0x100 ./source/gfx.o
 .bss.row_now   0x20002bcc        0x4 ./source/keypad.o
 .bss.row_prev  0x20002bd0        0x4 ./source/keypad.o
 .bss.row_stable
                0x20002bd4        0x4 ./source/keypad.o
 .bss.s_ctimerCallback
                0x20002bd8        0xc ./drivers/fsl_ctimer.o
 .bss.ctimerCallbackType
                0x20002be4        0x3 ./drivers/fsl_ctimer.o
 *fill*         0x20002be7        0x1 
 .bss.s_EDMAHandle
                0x20002be8       0x10 ./drivers/fsl_edma.o
 .bss.s_lpspiHandle
                0x20002bf8        0x8 ./drivers/fsl_lpspi.o
 .bss.s_lpspiMasterIsr
                0x20002c00        0x4 ./drivers/fsl_lpspi.o
 .bss.s_lpspiSlaveIsr
                0x20002c04        0x4 ./drivers/fsl_lpspi.o
 .bss.g_lpspiDummyData
                0x20002c08        0x2 ./drivers/fsl_lpspi.o
                0x20002c08                g_lpspiDummyData
 *fill*         0x20002c0a        0x2 
 .bss.s_lpuartHandle
                0x20002c0c        0xc ./drivers/fsl_lpuart.o
                0x20002c0c                s_lpuartHandle
 .bss.s_lpuartIsr
                0x20002c18        0xc ./drivers/fsl_lpuart.o
                0x20002c18                s_lpuartIsr
 .bss.errno     0x20002c24        0x4 C:/nxp/MCUXpressoIDE_25.6.136/ide/plugins/com.nxp.mcuxpresso.tools.win32_25.6.0.202501151204/tools/bin/../lib/gcc/arm-none-eabi/14.2.1/../../../../arm-none-eabi/lib/thumb/v8-m.main/nofp\libcr_c.a(errno.o)
                0x20002c24                errno
 .bss.__Ciob    0x20002c28       0xb4 C:/nxp/MCUXpressoIDE_25.6.136/ide/plugins/com.nxp.mcuxpresso.tools.win32_25.6.0.202501151204/tools/bin/../lib/gcc/arm-none-eabi/14.2.1/../../../../arm-none-eabi/lib/thumb/v8-m.main/nofp\libcr_nohost_nf.a(__ciob.o)
                0x20002c28                __Ciob
 .bss.s_debugConsoleReadWaitSemaphore
                0x20002cdc        0x1 ./utilities/debug_console/fsl_debug_console.o
 .bss.falling_type
                0x20002cdd        0x1 ./source/tetris/src/tetris.o
                0x20002cdd                falling_type
 .bss.falling_rotation
                0x20002cde        0x1 ./source/tetris/src/tetris.o
                0x20002cde                falling_rotation
 .bss.falling_x
                0x20002cdf        0x1 ./source/tetris/src/tetris.o
                0x20002cdf                falling_x
 .bss.falling_y
                0x20002ce0        0x1 ./source/tetris/src/tetris.o
                0x20002ce0                falling_y
 .bss.g_tick_flag
                0x20002ce1        0x1 ./source/MCXA153_Project3.o
 .bss.key_buf   0x20002ce2        0x1 ./source/keypad.o
 *(SORT_BY_ALIGNMENT(COMMON))
                0x20002ce4                        . = ALIGN (0x4)
 *fill*         0x20002ce3        0x1 
                0x20002ce4                        _ebss = .
                [!provide]                        PROVIDE (__end_bss_RAM = .)
                [!provide]                        PROVIDE (__end_bss_SRAM = .)
                [!provide]                        PROVIDE (end = .)

.noinit_RAM2    0x04000000        0x0
                [!provide]                        PROVIDE (__start_noinit_RAM2 = .)
                [!provide]                        PROVIDE (__start_noinit_SRAMX0 = .)
 *(SORT_BY_ALIGNMENT(.noinit.$RAM2))
 *(SORT_BY_ALIGNMENT(.noinit.$SRAMX0))
 *(SORT_BY_ALIGNMENT(.noinit.$RAM2.*))
 *(SORT_BY_ALIGNMENT(.noinit.$SRAMX0.*))
                0x04000000                        . = ALIGN (0x4)
                [!provide]                        PROVIDE (__end_noinit_RAM2 = .)
                [!provide]                        PROVIDE (__end_noinit_SRAMX0 = .)

.noinit_RAM3    0x04002000        0x0
                [!provide]                        PROVIDE (__start_noinit_RAM3 = .)
                [!provide]                        PROVIDE (__start_noinit_SRAMX1 = .)
 *(SORT_BY_ALIGNMENT(.noinit.$RAM3))
 *(SORT_BY_ALIGNMENT(.noinit.$SRAMX1))
 *(SORT_BY_ALIGNMENT(.noinit.$RAM3.*))
 *(SORT_BY_ALIGNMENT(.noinit.$SRAMX1.*))
                0x04002000                        . = ALIGN (0x4)
                [!provide]                        PROVIDE (__end_noinit_RAM3 = .)
                [!provide]                        PROVIDE (__end_noinit_SRAMX1 = .)

.noinit         0x20002ce4        0x0
                0x20002ce4                        _noinit = .
                [!provide]                        PROVIDE (__start_noinit_RAM = .)
                [!provide]                        PROVIDE (__start_noinit_SRAM = .)
 *(SORT_BY_ALIGNMENT(.noinit*))
                0x20002ce4                        . = ALIGN (0x4)
                0x20002ce4                        _end_noinit = .
                [!provide]                        PROVIDE (__end_noinit_RAM = .)
                [!provide]                        PROVIDE (__end_noinit_SRAM = .)
                0x00000600                        _HeapSize = 0x600

.heap           0x20002ce4      0x600
                0x20002ce4                        _pvHeapStart = .
                0x200032e4                        . = (. + _HeapSize)
 *fill*         0x20002ce4      0x600 
                0x200032e4                        . = ALIGN (0x4)
                0x200032e4                        _pvHeapLimit = .
                0x00000600                        _StackSize = 0x600

.heap2stackfill
                0x200032e4      0x600
                0x200038e4                        . = (. + _StackSize)
 *fill*         0x200032e4      0x600 

.stack          0x20005a00        0x0
                0x20005a00                        _vStackBase = .
                0x20005a00                        . = ALIGN (0x4)
                0x20006000                        _vStackTop = (. + _StackSize)
                0x00000000                        _image_start = LOADADDR (.text)
                0x00006098                        _image_end = (LOADADDR (.data) + SIZEOF (.data))
                0x00006098                        _image_size = (_image_end - _image_start)
OUTPUT(MCXA153_Project3.axf elf32-littlearm)
LOAD linker stubs

.debug_info     0x00000000    0x20bfa
 .debug_info    0x00000000      0xd5d ./utilities/str/fsl_str.o
 .debug_info    0x00000d5d      0xef1 ./utilities/debug_console/fsl_debug_console.o
 .debug_info    0x00001c4e      0x1c2 ./utilities/fsl_assert.o
 .debug_info    0x00001e10      0xb86 ./startup/startup_mcxa153.o
 .debug_info    0x00002996      0x721 ./source/tetris/src/tetris.o
 .debug_info    0x000030b7      0x6a4 ./source/MCXA153_Project3.o
 .debug_info    0x0000375b     0x1a83 ./source/buzzer.o
 .debug_info    0x000051de     0x21d5 ./source/display.o
 .debug_info    0x000073b3      0xc85 ./source/gfx.o
 .debug_info    0x00008038     0x174f ./source/keypad.o
 .debug_info    0x00009787       0x3c ./source/semihost_hardfault.o
 .debug_info    0x000097c3     0x2063 ./drivers/fsl_clock.o
 .debug_info    0x0000b826      0x384 ./drivers/fsl_common_arm.o
 .debug_info    0x0000bbaa     0x1dfb ./drivers/fsl_ctimer.o
 .debug_info    0x0000d9a5     0x3641 ./drivers/fsl_edma.o
 .debug_info    0x00010fe6       0xdb ./drivers/fsl_edma_soc.o
 .debug_info    0x000110c1     0x1305 ./drivers/fsl_gpio.o
 .debug_info    0x000123c6     0x31f6 ./drivers/fsl_lpspi.o
 .debug_info    0x000155bc     0x2d84 ./drivers/fsl_lpuart.o
 .debug_info    0x00018340      0xa36 ./drivers/fsl_reset.o
 .debug_info    0x00018d76     0x1048 ./device/system_MCXA153.o
 .debug_info    0x00019dbe      0xd32 ./component/uart/fsl_adapter_lpuart.o
 .debug_info    0x0001aaf0      0xe6c ./component/serial_manager/fsl_component_serial_manager.o
 .debug_info    0x0001b95c      0x54a ./component/serial_manager/fsl_component_serial_port_uart.o
 .debug_info    0x0001bea6      0x6b9 ./board/board.o
 .debug_info    0x0001c55f      0xaa3 ./board/clock_config.o
 .debug_info    0x0001d002     0x114e ./board/pin_mux.o
 .debug_info    0x0001e150       0x85 C:/nxp/MCUXpressoIDE_25.6.136/ide/plugins/com.nxp.mcuxpresso.tools.win32_25.6.0.202501151204/tools/bin/../lib/gcc/arm-none-eabi/14.2.1/../../../../arm-none-eabi/lib/thumb/v8-m.main/nofp\libcr_nohost_nf.a(_cr__main.o)
 .debug_info    0x0001e1d5      0x12b C:/nxp/MCUXpressoIDE_25.6.136/ide/plugins/com.nxp.mcuxpresso.tools.win32_25.6.0.202501151204/tools/bin/../lib/gcc/arm-none-eabi/14.2.1/../../../../arm-none-eabi/lib/thumb/v8-m.main/nofp\libcr_c.a(memcpy.o)
 .debug_info    0x0001e300       0xfc C:/nxp/MCUXpressoIDE_25.6.136/ide/plugins/com.nxp.mcuxpresso.tools.win32_25.6.0.202501151204/tools/bin/../lib/gcc/arm-none-eabi/14.2.1/../../../../arm-none-eabi/lib/thumb/v8-m.main/nofp\libcr_c.a(memset.o)
 .debug_info    0x0001e3fc      0x520 C:/nxp/MCUXpressoIDE_25.6.136/ide/plugins/com.nxp.mcuxpresso.tools.win32_25.6.0.202501151204/tools/bin/../lib/gcc/arm-none-eabi/14.2.1/../../../../arm-none-eabi/lib/thumb/v8-m.main/nofp\libcr_c.a(alloc.o)
 .debug_info    0x0001e91c       0x44 C:/nxp/MCUXpressoIDE_25.6.136/ide/plugins/com.nxp.mcuxpresso.tools.win32_25.6.0.202501151204/tools/bin/../lib/gcc/arm-none-eabi/14.2.1/../../../../arm-none-eabi/lib/thumb/v8-m.main/nofp\libcr_c.a(errno.o)
 .debug_info    0x0001e960      0x339 C:/nxp/MCUXpressoIDE_25.6.136/ide/plugins/com.nxp.mcuxpresso.tools.win32_25.6.0.202501151204/tools/bin/../lib/gcc/arm-none-eabi/14.2.1/../../../../arm-none-eabi/lib/thumb/v8-m.main/nofp\libcr_c.a(initio.o)
 .debug_info    0x0001ec99      0x1fd C:/nxp/MCUXpressoIDE_25.6.136/ide/plugins/com.nxp.mcuxpresso.tools.win32_25.6.0.202501151204/tools/bin/../lib/gcc/arm-none-eabi/14.2.1/../../../../arm-none-eabi/lib/thumb/v8-m.main/nofp\libcr_c.a(setvbuf.o)
 .debug_info    0x0001ee96       0xe1 C:/nxp/MCUXpressoIDE_25.6.136/ide/plugins/com.nxp.mcuxpresso.tools.win32_25.6.0.202501151204/tools/bin/../lib/gcc/arm-none-eabi/14.2.1/../../../../arm-none-eabi/lib/thumb/v8-m.main/nofp\libcr_c.a(strlen.o)
 .debug_info    0x0001ef77      0x396 C:/nxp/MCUXpressoIDE_25.6.136/ide/plugins/com.nxp.mcuxpresso.tools.win32_25.6.0.202501151204/tools/bin/../lib/gcc/arm-none-eabi/14.2.1/../../../../arm-none-eabi/lib/thumb/v8-m.main/nofp\libcr_c.a(_deferredlazyseek.o)
 .debug_info    0x0001f30d      0x24b C:/nxp/MCUXpressoIDE_25.6.136/ide/plugins/com.nxp.mcuxpresso.tools.win32_25.6.0.202501151204/tools/bin/../lib/gcc/arm-none-eabi/14.2.1/../../../../arm-none-eabi/lib/thumb/v8-m.main/nofp\libcr_c.a(_fdopen.o)
 .debug_info    0x0001f558      0x1e3 C:/nxp/MCUXpressoIDE_25.6.136/ide/plugins/com.nxp.mcuxpresso.tools.win32_25.6.0.202501151204/tools/bin/../lib/gcc/arm-none-eabi/14.2.1/../../../../arm-none-eabi/lib/thumb/v8-m.main/nofp\libcr_c.a(_fflush.o)
 .debug_info    0x0001f73b      0x289 C:/nxp/MCUXpressoIDE_25.6.136/ide/plugins/com.nxp.mcuxpresso.tools.win32_25.6.0.202501151204/tools/bin/../lib/gcc/arm-none-eabi/14.2.1/../../../../arm-none-eabi/lib/thumb/v8-m.main/nofp\libcr_c.a(_writebuf.o)
 .debug_info    0x0001f9c4      0x31e C:/nxp/MCUXpressoIDE_25.6.136/ide/plugins/com.nxp.mcuxpresso.tools.win32_25.6.0.202501151204/tools/bin/../lib/gcc/arm-none-eabi/14.2.1/../../../../arm-none-eabi/lib/thumb/v8-m.main/nofp\libcr_c.a(fclose.o)
 .debug_info    0x0001fce2      0x209 C:/nxp/MCUXpressoIDE_25.6.136/ide/plugins/com.nxp.mcuxpresso.tools.win32_25.6.0.202501151204/tools/bin/../lib/gcc/arm-none-eabi/14.2.1/../../../../arm-none-eabi/lib/thumb/v8-m.main/nofp\libcr_c.a(fflush.o)
 .debug_info    0x0001feeb      0x276 C:/nxp/MCUXpressoIDE_25.6.136/ide/plugins/com.nxp.mcuxpresso.tools.win32_25.6.0.202501151204/tools/bin/../lib/gcc/arm-none-eabi/14.2.1/../../../../arm-none-eabi/lib/thumb/v8-m.main/nofp\libcr_c.a(fseek.o)
 .debug_info    0x00020161      0x197 C:/nxp/MCUXpressoIDE_25.6.136/ide/plugins/com.nxp.mcuxpresso.tools.win32_25.6.0.202501151204/tools/bin/../lib/gcc/arm-none-eabi/14.2.1/../../../../arm-none-eabi/lib/thumb/v8-m.main/nofp\libcr_c.a(ftell.o)
 .debug_info    0x000202f8      0x1d7 C:/nxp/MCUXpressoIDE_25.6.136/ide/plugins/com.nxp.mcuxpresso.tools.win32_25.6.0.202501151204/tools/bin/../lib/gcc/arm-none-eabi/14.2.1/../../../../arm-none-eabi/lib/thumb/v8-m.main/nofp\libcr_c.a(remove.o)
 .debug_info    0x000204cf      0x23a C:/nxp/MCUXpressoIDE_25.6.136/ide/plugins/com.nxp.mcuxpresso.tools.win32_25.6.0.202501151204/tools/bin/../lib/gcc/arm-none-eabi/14.2.1/../../../../arm-none-eabi/lib/thumb/v8-m.main/nofp\libcr_c.a(_do_fflush.o)
 .debug_info    0x00020709      0x18b C:/nxp/MCUXpressoIDE_25.6.136/ide/plugins/com.nxp.mcuxpresso.tools.win32_25.6.0.202501151204/tools/bin/../lib/gcc/arm-none-eabi/14.2.1/../../../../arm-none-eabi/lib/thumb/v8-m.main/nofp\libcr_nohost_nf.a(__ciob.o)
 .debug_info    0x00020894       0x6a C:/nxp/MCUXpressoIDE_25.6.136/ide/plugins/com.nxp.mcuxpresso.tools.win32_25.6.0.202501151204/tools/bin/../lib/gcc/arm-none-eabi/14.2.1/../../../../arm-none-eabi/lib/thumb/v8-m.main/nofp\libcr_nohost_nf.a(__sys_close.o)
 .debug_info    0x000208fe       0x6a C:/nxp/MCUXpressoIDE_25.6.136/ide/plugins/com.nxp.mcuxpresso.tools.win32_25.6.0.202501151204/tools/bin/../lib/gcc/arm-none-eabi/14.2.1/../../../../arm-none-eabi/lib/thumb/v8-m.main/nofp\libcr_nohost_nf.a(__sys_flen.o)
 .debug_info    0x00020968       0x6a C:/nxp/MCUXpressoIDE_25.6.136/ide/plugins/com.nxp.mcuxpresso.tools.win32_25.6.0.202501151204/tools/bin/../lib/gcc/arm-none-eabi/14.2.1/../../../../arm-none-eabi/lib/thumb/v8-m.main/nofp\libcr_nohost_nf.a(__sys_istty.o)
 .debug_info    0x000209d2       0x8a C:/nxp/MCUXpressoIDE_25.6.136/ide/plugins/com.nxp.mcuxpresso.tools.win32_25.6.0.202501151204/tools/bin/../lib/gcc/arm-none-eabi/14.2.1/../../../../arm-none-eabi/lib/thumb/v8-m.main/nofp\libcr_nohost_nf.a(__sys_remove.o)
 .debug_info    0x00020a5c       0x78 C:/nxp/MCUXpressoIDE_25.6.136/ide/plugins/com.nxp.mcuxpresso.tools.win32_25.6.0.202501151204/tools/bin/../lib/gcc/arm-none-eabi/14.2.1/../../../../arm-none-eabi/lib/thumb/v8-m.main/nofp\libcr_nohost_nf.a(__sys_seek.o)
 .debug_info    0x00020ad4       0x93 C:/nxp/MCUXpressoIDE_25.6.136/ide/plugins/com.nxp.mcuxpresso.tools.win32_25.6.0.202501151204/tools/bin/../lib/gcc/arm-none-eabi/14.2.1/../../../../arm-none-eabi/lib/thumb/v8-m.main/nofp\libcr_nohost_nf.a(__sys_tmpnam.o)
 .debug_info    0x00020b67       0x93 C:/nxp/MCUXpressoIDE_25.6.136/ide/plugins/com.nxp.mcuxpresso.tools.win32_25.6.0.202501151204/tools/bin/../lib/gcc/arm-none-eabi/14.2.1/../../../../arm-none-eabi/lib/thumb/v8-m.main/nofp\libcr_nohost_nf.a(__sys_write.o)

.debug_abbrev   0x00000000     0x5130
 .debug_abbrev  0x00000000      0x270 ./utilities/str/fsl_str.o
 .debug_abbrev  0x00000270      0x270 ./utilities/debug_console/fsl_debug_console.o
 .debug_abbrev  0x000004e0      0x114 ./utilities/fsl_assert.o
 .debug_abbrev  0x000005f4      0x134 ./startup/startup_mcxa153.o
 .debug_abbrev  0x00000728      0x1fd ./source/tetris/src/tetris.o
 .debug_abbrev  0x00000925      0x19f ./source/MCXA153_Project3.o
 .debug_abbrev  0x00000ac4      0x27c ./source/buzzer.o
 .debug_abbrev  0x00000d40      0x2ca ./source/display.o
 .debug_abbrev  0x0000100a      0x20e ./source/gfx.o
 .debug_abbrev  0x00001218      0x27b ./source/keypad.o
 .debug_abbrev  0x00001493       0x31 ./source/semihost_hardfault.o
 .debug_abbrev  0x000014c4      0x31f ./drivers/fsl_clock.o
 .debug_abbrev  0x000017e3      0x16a ./drivers/fsl_common_arm.o
 .debug_abbrev  0x0000194d      0x395 ./drivers/fsl_ctimer.o
 .debug_abbrev  0x00001ce2      0x4b9 ./drivers/fsl_edma.o
 .debug_abbrev  0x0000219b       0x72 ./drivers/fsl_edma_soc.o
 .debug_abbrev  0x0000220d      0x250 ./drivers/fsl_gpio.o
 .debug_abbrev  0x0000245d      0x39a ./drivers/fsl_lpspi.o
 .debug_abbrev  0x000027f7      0x45a ./drivers/fsl_lpuart.o
 .debug_abbrev  0x00002c51      0x13d ./drivers/fsl_reset.o
 .debug_abbrev  0x00002d8e      0x1d5 ./device/system_MCXA153.o
 .debug_abbrev  0x00002f63      0x1e7 ./component/uart/fsl_adapter_lpuart.o
 .debug_abbrev  0x0000314a      0x2ad ./component/serial_manager/fsl_component_serial_manager.o
 .debug_abbrev  0x000033f7      0x18c ./component/serial_manager/fsl_component_serial_port_uart.o
 .debug_abbrev  0x00003583       0xf2 ./board/board.o
 .debug_abbrev  0x00003675      0x204 ./board/clock_config.o
 .debug_abbrev  0x00003879      0x252 ./board/pin_mux.o
 .debug_abbrev  0x00003acb       0x70 C:/nxp/MCUXpressoIDE_25.6.136/ide/plugins/com.nxp.mcuxpresso.tools.win32_25.6.0.202501151204/tools/bin/../lib/gcc/arm-none-eabi/14.2.1/../../../../arm-none-eabi/lib/thumb/v8-m.main/nofp\libcr_nohost_nf.a(_cr__main.o)
 .debug_abbrev  0x00003b3b       0xb6 C:/nxp/MCUXpressoIDE_25.6.136/ide/plugins/com.nxp.mcuxpresso.tools.win32_25.6.0.202501151204/tools/bin/../lib/gcc/arm-none-eabi/14.2.1/../../../../arm-none-eabi/lib/thumb/v8-m.main/nofp\libcr_c.a(memcpy.o)
 .debug_abbrev  0x00003bf1       0xa8 C:/nxp/MCUXpressoIDE_25.6.136/ide/plugins/com.nxp.mcuxpresso.tools.win32_25.6.0.202501151204/tools/bin/../lib/gcc/arm-none-eabi/14.2.1/../../../../arm-none-eabi/lib/thumb/v8-m.main/nofp\libcr_c.a(memset.o)
 .debug_abbrev  0x00003c99      0x284 C:/nxp/MCUXpressoIDE_25.6.136/ide/plugins/com.nxp.mcuxpresso.tools.win32_25.6.0.202501151204/tools/bin/../lib/gcc/arm-none-eabi/14.2.1/../../../../arm-none-eabi/lib/thumb/v8-m.main/nofp\libcr_c.a(alloc.o)
 .debug_abbrev  0x00003f1d       0x44 C:/nxp/MCUXpressoIDE_25.6.136/ide/plugins/com.nxp.mcuxpresso.tools.win32_25.6.0.202501151204/tools/bin/../lib/gcc/arm-none-eabi/14.2.1/../../../../arm-none-eabi/lib/thumb/v8-m.main/nofp\libcr_c.a(errno.o)
 .debug_abbrev  0x00003f61      0x169 C:/nxp/MCUXpressoIDE_25.6.136/ide/plugins/com.nxp.mcuxpresso.tools.win32_25.6.0.202501151204/tools/bin/../lib/gcc/arm-none-eabi/14.2.1/../../../../arm-none-eabi/lib/thumb/v8-m.main/nofp\libcr_c.a(initio.o)
 .debug_abbrev  0x000040ca       0xe1 C:/nxp/MCUXpressoIDE_25.6.136/ide/plugins/com.nxp.mcuxpresso.tools.win32_25.6.0.202501151204/tools/bin/../lib/gcc/arm-none-eabi/14.2.1/../../../../arm-none-eabi/lib/thumb/v8-m.main/nofp\libcr_c.a(setvbuf.o)
 .debug_abbrev  0x000041ab       0xa7 C:/nxp/MCUXpressoIDE_25.6.136/ide/plugins/com.nxp.mcuxpresso.tools.win32_25.6.0.202501151204/tools/bin/../lib/gcc/arm-none-eabi/14.2.1/../../../../arm-none-eabi/lib/thumb/v8-m.main/nofp\libcr_c.a(strlen.o)
 .debug_abbrev  0x00004252      0x18e C:/nxp/MCUXpressoIDE_25.6.136/ide/plugins/com.nxp.mcuxpresso.tools.win32_25.6.0.202501151204/tools/bin/../lib/gcc/arm-none-eabi/14.2.1/../../../../arm-none-eabi/lib/thumb/v8-m.main/nofp\libcr_c.a(_deferredlazyseek.o)
 .debug_abbrev  0x000043e0      0x119 C:/nxp/MCUXpressoIDE_25.6.136/ide/plugins/com.nxp.mcuxpresso.tools.win32_25.6.0.202501151204/tools/bin/../lib/gcc/arm-none-eabi/14.2.1/../../../../arm-none-eabi/lib/thumb/v8-m.main/nofp\libcr_c.a(_fdopen.o)
 .debug_abbrev  0x000044f9       0xf1 C:/nxp/MCUXpressoIDE_25.6.136/ide/plugins/com.nxp.mcuxpresso.tools.win32_25.6.0.202501151204/tools/bin/../lib/gcc/arm-none-eabi/14.2.1/../../../../arm-none-eabi/lib/thumb/v8-m.main/nofp\libcr_c.a(_fflush.o)
 .debug_abbrev  0x000045ea      0x126 C:/nxp/MCUXpressoIDE_25.6.136/ide/plugins/com.nxp.mcuxpresso.tools.win32_25.6.0.202501151204/tools/bin/../lib/gcc/arm-none-eabi/14.2.1/../../../../arm-none-eabi/lib/thumb/v8-m.main/nofp\libcr_c.a(_writebuf.o)
 .debug_abbrev  0x00004710      0x158 C:/nxp/MCUXpressoIDE_25.6.136/ide/plugins/com.nxp.mcuxpresso.tools.win32_25.6.0.202501151204/tools/bin/../lib/gcc/arm-none-eabi/14.2.1/../../../../arm-none-eabi/lib/thumb/v8-m.main/nofp\libcr_c.a(fclose.o)
 .debug_abbrev  0x00004868      0x125 C:/nxp/MCUXpressoIDE_25.6.136/ide/plugins/com.nxp.mcuxpresso.tools.win32_25.6.0.202501151204/tools/bin/../lib/gcc/arm-none-eabi/14.2.1/../../../../arm-none-eabi/lib/thumb/v8-m.main/nofp\libcr_c.a(fflush.o)
 .debug_abbrev  0x0000498d      0x11b C:/nxp/MCUXpressoIDE_25.6.136/ide/plugins/com.nxp.mcuxpresso.tools.win32_25.6.0.202501151204/tools/bin/../lib/gcc/arm-none-eabi/14.2.1/../../../../arm-none-eabi/lib/thumb/v8-m.main/nofp\libcr_c.a(fseek.o)
 .debug_abbrev  0x00004aa8       0xc2 C:/nxp/MCUXpressoIDE_25.6.136/ide/plugins/com.nxp.mcuxpresso.tools.win32_25.6.0.202501151204/tools/bin/../lib/gcc/arm-none-eabi/14.2.1/../../../../arm-none-eabi/lib/thumb/v8-m.main/nofp\libcr_c.a(ftell.o)
 .debug_abbrev  0x00004b6a       0xfb C:/nxp/MCUXpressoIDE_25.6.136/ide/plugins/com.nxp.mcuxpresso.tools.win32_25.6.0.202501151204/tools/bin/../lib/gcc/arm-none-eabi/14.2.1/../../../../arm-none-eabi/lib/thumb/v8-m.main/nofp\libcr_c.a(remove.o)
 .debug_abbrev  0x00004c65      0x12c C:/nxp/MCUXpressoIDE_25.6.136/ide/plugins/com.nxp.mcuxpresso.tools.win32_25.6.0.202501151204/tools/bin/../lib/gcc/arm-none-eabi/14.2.1/../../../../arm-none-eabi/lib/thumb/v8-m.main/nofp\libcr_c.a(_do_fflush.o)
 .debug_abbrev  0x00004d91       0xb5 C:/nxp/MCUXpressoIDE_25.6.136/ide/plugins/com.nxp.mcuxpresso.tools.win32_25.6.0.202501151204/tools/bin/../lib/gcc/arm-none-eabi/14.2.1/../../../../arm-none-eabi/lib/thumb/v8-m.main/nofp\libcr_nohost_nf.a(__ciob.o)
 .debug_abbrev  0x00004e46       0x5c C:/nxp/MCUXpressoIDE_25.6.136/ide/plugins/com.nxp.mcuxpresso.tools.win32_25.6.0.202501151204/tools/bin/../lib/gcc/arm-none-eabi/14.2.1/../../../../arm-none-eabi/lib/thumb/v8-m.main/nofp\libcr_nohost_nf.a(__sys_close.o)
 .debug_abbrev  0x00004ea2       0x5c C:/nxp/MCUXpressoIDE_25.6.136/ide/plugins/com.nxp.mcuxpresso.tools.win32_25.6.0.202501151204/tools/bin/../lib/gcc/arm-none-eabi/14.2.1/../../../../arm-none-eabi/lib/thumb/v8-m.main/nofp\libcr_nohost_nf.a(__sys_flen.o)
 .debug_abbrev  0x00004efe       0x5c C:/nxp/MCUXpressoIDE_25.6.136/ide/plugins/com.nxp.mcuxpresso.tools.win32_25.6.0.202501151204/tools/bin/../lib/gcc/arm-none-eabi/14.2.1/../../../../arm-none-eabi/lib/thumb/v8-m.main/nofp\libcr_nohost_nf.a(__sys_istty.o)
 .debug_abbrev  0x00004f5a       0x7d C:/nxp/MCUXpressoIDE_25.6.136/ide/plugins/com.nxp.mcuxpresso.tools.win32_25.6.0.202501151204/tools/bin/../lib/gcc/arm-none-eabi/14.2.1/../../../../arm-none-eabi/lib/thumb/v8-m.main/nofp\libcr_nohost_nf.a(__sys_remove.o)
 .debug_abbrev  0x00004fd7       0x6d C:/nxp/MCUXpressoIDE_25.6.136/ide/plugins/com.nxp.mcuxpresso.tools.win32_25.6.0.202501151204/tools/bin/../lib/gcc/arm-none-eabi/14.2.1/../../../../arm-none-eabi/lib/thumb/v8-m.main/nofp\libcr_nohost_nf.a(__sys_seek.o)
 .debug_abbrev  0x00005044       0x76 C:/nxp/MCUXpressoIDE_25.6.136/ide/plugins/com.nxp.mcuxpresso.tools.win32_25.6.0.202501151204/tools/bin/../lib/gcc/arm-none-eabi/14.2.1/../../../../arm-none-eabi/lib/thumb/v8-m.main/nofp\libcr_nohost_nf.a(__sys_tmpnam.o)
 .debug_abbrev  0x000050ba       0x76 C:/nxp/MCUXpressoIDE_25.6.136/ide/plugins/com.nxp.mcuxpresso.tools.win32_25.6.0.202501151204/tools/bin/../lib/gcc/arm-none-eabi/14.2.1/../../../../arm-none-eabi/lib/thumb/v8-m.main/nofp\libcr_nohost_nf.a(__sys_write.o)

.debug_aranges  0x00000000     0x1620
 .debug_aranges
                0x00000000       0xe8 ./utilities/str/fsl_str.o
 .debug_aranges
                0x000000e8       0xa8 ./utilities/debug_console/fsl_debug_console.o
 .debug_aranges
                0x00000190       0x28 ./utilities/fsl_assert.o
 .debug_aranges
                0x000001b8      0x2e0 ./startup/startup_mcxa153.o
 .debug_aranges
                0x00000498       0x88 ./source/tetris/src/tetris.o
 .debug_aranges
                0x00000520       0x38 ./source/MCXA153_Project3.o
 .debug_aranges
                0x00000558       0x80 ./source/buzzer.o
 .debug_aranges
                0x000005d8       0xb8 ./source/display.o
 .debug_aranges
                0x00000690       0x98 ./source/gfx.o
 .debug_aranges
                0x00000728       0x50 ./source/keypad.o
 .debug_aranges
                0x00000778       0x20 ./source/semihost_hardfault.o
 .debug_aranges
                0x00000798      0x160 ./drivers/fsl_clock.o
 .debug_aranges
                0x000008f8       0x38 ./drivers/fsl_common_arm.o
 .debug_aranges
                0x00000930       0xd0 ./drivers/fsl_ctimer.o
 .debug_aranges
                0x00000a00      0x220 ./drivers/fsl_edma.o
 .debug_aranges
                0x00000c20       0x38 ./drivers/fsl_edma_soc.o
 .debug_aranges
                0x00000c58       0x80 ./drivers/fsl_gpio.o
 .debug_aranges
                0x00000cd8      0x1f0 ./drivers/fsl_lpspi.o
 .debug_aranges
                0x00000ec8      0x1a8 ./drivers/fsl_lpuart.o
 .debug_aranges
                0x00001070       0x30 ./drivers/fsl_reset.o
 .debug_aranges
                0x000010a0       0x30 ./device/system_MCXA153.o
 .debug_aranges
                0x000010d0       0x58 ./component/uart/fsl_adapter_lpuart.o
 .debug_aranges
                0x00001128       0xa0 ./component/serial_manager/fsl_component_serial_manager.o
 .debug_aranges
                0x000011c8       0x48 ./component/serial_manager/fsl_component_serial_port_uart.o
 .debug_aranges
                0x00001210       0x20 ./board/board.o
 .debug_aranges
                0x00001230       0x48 ./board/clock_config.o
 .debug_aranges
                0x00001278       0x40 ./board/pin_mux.o
 .debug_aranges
                0x000012b8       0x20 C:/nxp/MCUXpressoIDE_25.6.136/ide/plugins/com.nxp.mcuxpresso.tools.win32_25.6.0.202501151204/tools/bin/../lib/gcc/arm-none-eabi/14.2.1/../../../../arm-none-eabi/lib/thumb/v8-m.main/nofp\libcr_nohost_nf.a(_cr__main.o)
 .debug_aranges
                0x000012d8       0x20 C:/nxp/MCUXpressoIDE_25.6.136/ide/plugins/com.nxp.mcuxpresso.tools.win32_25.6.0.202501151204/tools/bin/../lib/gcc/arm-none-eabi/14.2.1/../../../../arm-none-eabi/lib/thumb/v8-m.main/nofp\libcr_c.a(memcpy.o)
 .debug_aranges
                0x000012f8       0x20 C:/nxp/MCUXpressoIDE_25.6.136/ide/plugins/com.nxp.mcuxpresso.tools.win32_25.6.0.202501151204/tools/bin/../lib/gcc/arm-none-eabi/14.2.1/../../../../arm-none-eabi/lib/thumb/v8-m.main/nofp\libcr_c.a(memset.o)
 .debug_aranges
                0x00001318       0x40 C:/nxp/MCUXpressoIDE_25.6.136/ide/plugins/com.nxp.mcuxpresso.tools.win32_25.6.0.202501151204/tools/bin/../lib/gcc/arm-none-eabi/14.2.1/../../../../arm-none-eabi/lib/thumb/v8-m.main/nofp\libcr_c.a(alloc.o)
 .debug_aranges
                0x00001358       0x18 C:/nxp/MCUXpressoIDE_25.6.136/ide/plugins/com.nxp.mcuxpresso.tools.win32_25.6.0.202501151204/tools/bin/../lib/gcc/arm-none-eabi/14.2.1/../../../../arm-none-eabi/lib/thumb/v8-m.main/nofp\libcr_c.a(errno.o)
 .debug_aranges
                0x00001370       0x28 C:/nxp/MCUXpressoIDE_25.6.136/ide/plugins/com.nxp.mcuxpresso.tools.win32_25.6.0.202501151204/tools/bin/../lib/gcc/arm-none-eabi/14.2.1/../../../../arm-none-eabi/lib/thumb/v8-m.main/nofp\libcr_c.a(initio.o)
 .debug_aranges
                0x00001398       0x20 C:/nxp/MCUXpressoIDE_25.6.136/ide/plugins/com.nxp.mcuxpresso.tools.win32_25.6.0.202501151204/tools/bin/../lib/gcc/arm-none-eabi/14.2.1/../../../../arm-none-eabi/lib/thumb/v8-m.main/nofp\libcr_c.a(setvbuf.o)
 .debug_aranges
                0x000013b8       0x20 C:/nxp/MCUXpressoIDE_25.6.136/ide/plugins/com.nxp.mcuxpresso.tools.win32_25.6.0.202501151204/tools/bin/../lib/gcc/arm-none-eabi/14.2.1/../../../../arm-none-eabi/lib/thumb/v8-m.main/nofp\libcr_c.a(strlen.o)
 .debug_aranges
                0x000013d8       0x28 C:/nxp/MCUXpressoIDE_25.6.136/ide/plugins/com.nxp.mcuxpresso.tools.win32_25.6.0.202501151204/tools/bin/../lib/gcc/arm-none-eabi/14.2.1/../../../../arm-none-eabi/lib/thumb/v8-m.main/nofp\libcr_c.a(_deferredlazyseek.o)
 .debug_aranges
                0x00001400       0x20 C:/nxp/MCUXpressoIDE_25.6.136/ide/plugins/com.nxp.mcuxpresso.tools.win32_25.6.0.202501151204/tools/bin/../lib/gcc/arm-none-eabi/14.2.1/../../../../arm-none-eabi/lib/thumb/v8-m.main/nofp\libcr_c.a(_fdopen.o)
 .debug_aranges
                0x00001420       0x20 C:/nxp/MCUXpressoIDE_25.6.136/ide/plugins/com.nxp.mcuxpresso.tools.win32_25.6.0.202501151204/tools/bin/../lib/gcc/arm-none-eabi/14.2.1/../../../../arm-none-eabi/lib/thumb/v8-m.main/nofp\libcr_c.a(_fflush.o)
 .debug_aranges
                0x00001440       0x20 C:/nxp/MCUXpressoIDE_25.6.136/ide/plugins/com.nxp.mcuxpresso.tools.win32_25.6.0.202501151204/tools/bin/../lib/gcc/arm-none-eabi/14.2.1/../../../../arm-none-eabi/lib/thumb/v8-m.main/nofp\libcr_c.a(_writebuf.o)
 .debug_aranges
                0x00001460       0x20 C:/nxp/MCUXpressoIDE_25.6.136/ide/plugins/com.nxp.mcuxpresso.tools.win32_25.6.0.202501151204/tools/bin/../lib/gcc/arm-none-eabi/14.2.1/../../../../arm-none-eabi/lib/thumb/v8-m.main/nofp\libcr_c.a(fclose.o)
 .debug_aranges
                0x00001480       0x20 C:/nxp/MCUXpressoIDE_25.6.136/ide/plugins/com.nxp.mcuxpresso.tools.win32_25.6.0.202501151204/tools/bin/../lib/gcc/arm-none-eabi/14.2.1/../../../../arm-none-eabi/lib/thumb/v8-m.main/nofp\libcr_c.a(fflush.o)
 .debug_aranges
                0x000014a0       0x20 C:/nxp/MCUXpressoIDE_25.6.136/ide/plugins/com.nxp.mcuxpresso.tools.win32_25.6.0.202501151204/tools/bin/../lib/gcc/arm-none-eabi/14.2.1/../../../../arm-none-eabi/lib/thumb/v8-m.main/nofp\libcr_c.a(fseek.o)
 .debug_aranges
                0x000014c0       0x20 C:/nxp/MCUXpressoIDE_25.6.136/ide/plugins/com.nxp.mcuxpresso.tools.win32_25.6.0.202501151204/tools/bin/../lib/gcc/arm-none-eabi/14.2.1/../../../../arm-none-eabi/lib/thumb/v8-m.main/nofp\libcr_c.a(ftell.o)
 .debug_aranges
                0x000014e0       0x28 C:/nxp/MCUXpressoIDE_25.6.136/ide/plugins/com.nxp.mcuxpresso.tools.win32_25.6.0.202501151204/tools/bin/../lib/gcc/arm-none-eabi/14.2.1/../../../../arm-none-eabi/lib/thumb/v8-m.main/nofp\libcr_c.a(remove.o)
 .debug_aranges
                0x00001508       0x20 C:/nxp/MCUXpressoIDE_25.6.136/ide/plugins/com.nxp.mcuxpresso.tools.win32_25.6.0.202501151204/tools/bin/../lib/gcc/arm-none-eabi/14.2.1/../../../../arm-none-eabi/lib/thumb/v8-m.main/nofp\libcr_c.a(_do_fflush.o)
 .debug_aranges
                0x00001528       0x18 C:/nxp/MCUXpressoIDE_25.6.136/ide/plugins/com.nxp.mcuxpresso.tools.win32_25.6.0.202501151204/tools/bin/../lib/gcc/arm-none-eabi/14.2.1/../../../../arm-none-eabi/lib/thumb/v8-m.main/nofp\libcr_nohost_nf.a(__ciob.o)
 .debug_aranges
                0x00001540       0x20 C:/nxp/MCUXpressoIDE_25.6.136/ide/plugins/com.nxp.mcuxpresso.tools.win32_25.6.0.202501151204/tools/bin/../lib/gcc/arm-none-eabi/14.2.1/../../../../arm-none-eabi/lib/thumb/v8-m.main/nofp\libcr_nohost_nf.a(__sys_close.o)
 .debug_aranges
                0x00001560       0x20 C:/nxp/MCUXpressoIDE_25.6.136/ide/plugins/com.nxp.mcuxpresso.tools.win32_25.6.0.202501151204/tools/bin/../lib/gcc/arm-none-eabi/14.2.1/../../../../arm-none-eabi/lib/thumb/v8-m.main/nofp\libcr_nohost_nf.a(__sys_flen.o)
 .debug_aranges
                0x00001580       0x20 C:/nxp/MCUXpressoIDE_25.6.136/ide/plugins/com.nxp.mcuxpresso.tools.win32_25.6.0.202501151204/tools/bin/../lib/gcc/arm-none-eabi/14.2.1/../../../../arm-none-eabi/lib/thumb/v8-m.main/nofp\libcr_nohost_nf.a(__sys_istty.o)
 .debug_aranges
                0x000015a0       0x20 C:/nxp/MCUXpressoIDE_25.6.136/ide/plugins/com.nxp.mcuxpresso.tools.win32_25.6.0.202501151204/tools/bin/../lib/gcc/arm-none-eabi/14.2.1/../../../../arm-none-eabi/lib/thumb/v8-m.main/nofp\libcr_nohost_nf.a(__sys_remove.o)
 .debug_aranges