D:\ProgramData\MCUX\MCXA153_Project3\drivers/fsl_clock.h:539:20:CLOCK_EnableClock	32	static
D:\ProgramData\MCUX\MCXA153_Project3\drivers/fsl_reset.h:204:20:RESET_ReleasePeripheralReset	16	static
D:\ProgramData\MCUX\MCXA153_Project3\drivers/fsl_ctimer.h:517:20:CTIMER_StartTimer	16	static
D:\ProgramData\MCUX\MCXA153_Project3\drivers/fsl_ctimer.h:527:20:CTIMER_StopTimer	16	static
D:\ProgramData\MCUX\MCXA153_Project3\drivers/fsl_gpio.h:345:20:GPIO_PinWrite	24	static
D:\ProgramData\MCUX\MCXA153_Project3\drivers/fsl_gpio.h:404:20:GPIO_PortToggle	16	static
../source/buzzer.c:15:13:delay_ms	16	static
../source/buzzer.c:20:13:buzzer_toggle_cb	16	static
../source/buzzer.c:28:6:buzzer_init	16	static
../source/buzzer.c:45:6:buzzer_silent	8	static
../source/buzzer.c:51:6:buzzer_tone_set	32	static
../source/buzzer.c:71:6:play_note	24	static
